#
# There is insufficient memory for the Java Runtime Environment to continue.
# Native memory allocation (malloc) failed to allocate 1379056 bytes for Chunk::new
# Possible reasons:
#   The system is out of physical RAM or swap space
#   The process is running with CompressedOops enabled, and the Java Heap may be blocking the growth of the native heap
# Possible solutions:
#   Reduce memory load on the system
#   Increase physical memory or swap space
#   Check if swap backing store is full
#   Decrease Java heap size (-Xmx/-Xms)
#   Decrease number of Java threads
#
#  , tid=10356
#
# JRE version: Java(TM) SE Runtime Environment (17.0.1+12) (build 17.0.1+12-LTS-39)
# Java VM: Java HotSpot(TM) 64-Bit Server VM (17.0.1+12-LTS-39, mixed mode, sharing, tiered, compressed oops, compressed class ptrs, g1 gc, windows-amd64)
# No core dump will be written. Minidumps are not enabled by default on client versions of Windows
#

---------------  S U M M A R Y ------------

Command Line: --add-opens=java.base/java.lang=ALL-UNNAMED --add-opens=java.base/java.lang.invoke=ALL-UNNAMED --add-opens=java.base/java.util=ALL-UNNAMED --add-opens=java.prefs/java.util.prefs=ALL-UNNAMED --add-exports=jdk.compiler/com.sun.tools.javac.api=ALL-UNNAMED --add-exports=jdk.compiler/com.sun.tools.javac.util=ALL-UNNAMED --add-opens=java.base/java.util=ALL-UNNAMED --add-opens=java.prefs/java.util.prefs=ALL-UNNAMED --add-opens=java.base/java.nio.charset=ALL-UNNAMED --add-opens=java.base/java.net=ALL-UNNAMED --add-opens=java.base/java.util.concurrent.atomic=ALL-UNNAMED --add-opens=java.xml/javax.xml.namespace=ALL-UNNAMED -XX:MaxMetaspaceSize=384m -XX:+HeapDumpOnOutOfMemoryError -Xms256m -Xmx512m -Dfile.encoding=UTF-8 -Duser.country=BR -Duser.language=pt -Duser.variant -javaagent:C:\Users\becal\.gradle\wrapper\dists\gradle-8.12.1-bin\eumc4uhoysa37zql93vfjkxy0\gradle-8.12.1\lib\agents\gradle-instrumentation-agent-8.12.1.jar org.gradle.launcher.daemon.bootstrap.GradleDaemon 8.12.1

Host: Intel(R) Celeron(R) N4020 CPU @ 1.10GHz, 2 cores, 3G,  Windows 10 , 64 bit Build 26100 (10.0.26100.8737)
Time: Tue Aug 11 18:15:21 2026 Hora oficial do Brasil elapsed time: 187.145843 seconds (0d 0h 3m 7s)

---------------  T H R E A D  ---------------

Current thread (0x000002a9eedbb1c0):  JavaThread "C2 CompilerThread0" daemon [_thread_in_native, id=10356, stack(0x000000f654300000,0x000000f654400000)]


Current CompileTask:
C2: 187146 6614       4       java.lang.Class::getMethodsRecursive (99 bytes)

Stack: [0x000000f654300000,0x000000f654400000]
Native frames: (J=compiled Java code, j=interpreted, Vv=VM code, C=native code)
V  [jvm.dll+0x66fa1a]
V  [jvm.dll+0x7ce5a4]
V  [jvm.dll+0x7cfd4e]
V  [jvm.dll+0x7d03b3]
V  [jvm.dll+0x242b05]
V  [jvm.dll+0xaa05b]
V  [jvm.dll+0xaa5ec]
V  [jvm.dll+0x35f9b2]
V  [jvm.dll+0x329f51]
V  [jvm.dll+0x3293fa]
V  [jvm.dll+0x215bf1]
V  [jvm.dll+0x215011]
V  [jvm.dll+0x1a168d]
V  [jvm.dll+0x224848]
V  [jvm.dll+0x2229ac]
V  [jvm.dll+0x78435b]
V  [jvm.dll+0x77e91a]
V  [jvm.dll+0x66e845]
C  [ucrtbase.dll+0x2cd30]
C  [KERNEL32.DLL+0x2e957]
C  [ntdll.dll+0xaad6c]


---------------  P R O C E S S  ---------------

Threads class SMR info:
_java_thread_list=0x000002a9f2990f40, length=43, elements={
0x000002a9d52198a0, 0x000002a9eed9d900, 0x000002a9eeda1e50, 0x000002a9eedb6ad0,
0x000002a9eedb7390, 0x000002a9eedb7c50, 0x000002a9eedba520, 0x000002a9eedbb1c0,
0x000002a9eedc34c0, 0x000002a9ef818050, 0x000002a9eed834d0, 0x000002a9ef90d9e0,
0x000002a9f0543d90, 0x000002a9f0182030, 0x000002a9f0182800, 0x000002a9f112b020,
0x000002a9f112b8c0, 0x000002a9f01ca720, 0x000002a9efb93f80, 0x000002a9f1080bb0,
0x000002a9f1082d60, 0x000002a9f10823c0, 0x000002a9f1083bd0, 0x000002a9f1083230,
0x000002a9f1081ef0, 0x000002a9f10806e0, 0x000002a9f1081080, 0x000002a9f1082890,
0x000002a9f1081550, 0x000002a9f1081a20, 0x000002a9f063d5e0, 0x000002a9f063c2a0,
0x000002a9f063d110, 0x000002a9f063aa90, 0x000002a9f063b430, 0x000002a9f063cc40,
0x000002a9f063a5c0, 0x000002a9f063a0f0, 0x000002a9f063b900, 0x000002a9f0640ad0,
0x000002a9f063edf0, 0x000002a9f063e450, 0x000002a9f063e920
}

Java Threads: ( => current thread )
  0x000002a9d52198a0 JavaThread "main" [_thread_blocked, id=12260, stack(0x000000f653500000,0x000000f653600000)]
  0x000002a9eed9d900 JavaThread "Reference Handler" daemon [_thread_blocked, id=6460, stack(0x000000f653d00000,0x000000f653e00000)]
  0x000002a9eeda1e50 JavaThread "Finalizer" daemon [_thread_blocked, id=10804, stack(0x000000f653e00000,0x000000f653f00000)]
  0x000002a9eedb6ad0 JavaThread "Signal Dispatcher" daemon [_thread_blocked, id=19244, stack(0x000000f653f00000,0x000000f654000000)]
  0x000002a9eedb7390 JavaThread "Attach Listener" daemon [_thread_blocked, id=8000, stack(0x000000f654000000,0x000000f654100000)]
  0x000002a9eedb7c50 JavaThread "Service Thread" daemon [_thread_blocked, id=13836, stack(0x000000f654100000,0x000000f654200000)]
  0x000002a9eedba520 JavaThread "Monitor Deflation Thread" daemon [_thread_blocked, id=10776, stack(0x000000f654200000,0x000000f654300000)]
=>0x000002a9eedbb1c0 JavaThread "C2 CompilerThread0" daemon [_thread_in_native, id=10356, stack(0x000000f654300000,0x000000f654400000)]
  0x000002a9eedc34c0 JavaThread "C1 CompilerThread0" daemon [_thread_blocked, id=10992, stack(0x000000f654400000,0x000000f654500000)]
  0x000002a9ef818050 JavaThread "Sweeper thread" daemon [_thread_blocked, id=1048, stack(0x000000f654500000,0x000000f654600000)]
  0x000002a9eed834d0 JavaThread "Common-Cleaner" daemon [_thread_blocked, id=13620, stack(0x000000f654600000,0x000000f654700000)]
  0x000002a9ef90d9e0 JavaThread "Notification Thread" daemon [_thread_blocked, id=12872, stack(0x000000f654700000,0x000000f654800000)]
  0x000002a9f0543d90 JavaThread "Daemon health stats" [_thread_blocked, id=12672, stack(0x000000f654a00000,0x000000f654b00000)]
  0x000002a9f0182030 JavaThread "Incoming local TCP Connector on port 61338" [_thread_in_native, id=12624, stack(0x000000f654b00000,0x000000f654c00000)]
  0x000002a9f0182800 JavaThread "Daemon periodic checks" [_thread_blocked, id=5656, stack(0x000000f654c00000,0x000000f654d00000)]
  0x000002a9f112b020 JavaThread "Daemon" [_thread_blocked, id=12608, stack(0x000000f654d00000,0x000000f654e00000)]
  0x000002a9f112b8c0 JavaThread "Handler for socket connection from /127.0.0.1:61338 to /127.0.0.1:61339" [_thread_in_native, id=9420, stack(0x000000f654e00000,0x000000f654f00000)]
  0x000002a9f01ca720 JavaThread "Cancel handler" [_thread_blocked, id=18000, stack(0x000000f654f00000,0x000000f655000000)]
  0x000002a9efb93f80 JavaThread "Daemon worker" [_thread_blocked, id=15264, stack(0x000000f655000000,0x000000f655100000)]
  0x000002a9f1080bb0 JavaThread "Asynchronous log dispatcher for DefaultDaemonConnection: socket connection from /127.0.0.1:61338 to /127.0.0.1:61339" [_thread_blocked, id=13968, stack(0x000000f655100000,0x000000f655200000)]
  0x000002a9f1082d60 JavaThread "Stdin handler" [_thread_blocked, id=11956, stack(0x000000f655200000,0x000000f655300000)]
  0x000002a9f10823c0 JavaThread "Daemon client event forwarder" [_thread_blocked, id=8232, stack(0x000000f655300000,0x000000f655400000)]
  0x000002a9f1083bd0 JavaThread "Cache worker for journal cache (C:\Users\becal\.gradle\caches\journal-1)" [_thread_blocked, id=13948, stack(0x000000f655400000,0x000000f655500000)]
  0x000002a9f1083230 JavaThread "File lock request listener" [_thread_in_native, id=604, stack(0x000000f655500000,0x000000f655600000)]
  0x000002a9f1081ef0 JavaThread "Cache worker for file hash cache (C:\Users\becal\.gradle\caches\8.12.1\fileHashes)" [_thread_blocked, id=9584, stack(0x000000f655600000,0x000000f655700000)]
  0x000002a9f10806e0 JavaThread "File lock release action executor" [_thread_blocked, id=17656, stack(0x000000f655700000,0x000000f655800000)]
  0x000002a9f1081080 JavaThread "Cache worker for file hash cache (C:\projetolistacompras\ListaDeCompras\.gradle\8.12.1\fileHashes)" [_thread_blocked, id=4740, stack(0x000000f655800000,0x000000f655900000)]
  0x000002a9f1082890 JavaThread "Cache worker for Build Output Cleanup Cache (C:\projetolistacompras\ListaDeCompras\.gradle\buildOutputCleanup)" [_thread_blocked, id=14104, stack(0x000000f655900000,0x000000f655a00000)]
  0x000002a9f1081550 JavaThread "File watcher server" daemon [_thread_in_native, id=5196, stack(0x000000f655d00000,0x000000f655e00000)]
  0x000002a9f1081a20 JavaThread "File watcher consumer" daemon [_thread_blocked, id=3280, stack(0x000000f655e00000,0x000000f655f00000)]
  0x000002a9f063d5e0 JavaThread "jar transforms" [_thread_blocked, id=16544, stack(0x000000f653400000,0x000000f653500000)]
  0x000002a9f063c2a0 JavaThread "jar transforms Thread 2" [_thread_blocked, id=16512, stack(0x000000f653600000,0x000000f653700000)]
  0x000002a9f063d110 JavaThread "Cache worker for checksums cache (C:\projetolistacompras\ListaDeCompras\.gradle\8.12.1\checksums)" [_thread_blocked, id=14792, stack(0x000000f655f00000,0x000000f656000000)]
  0x000002a9f063aa90 JavaThread "Cache worker for file content cache (C:\Users\becal\.gradle\caches\8.12.1\fileContent)" [_thread_blocked, id=18808, stack(0x000000f656000000,0x000000f656100000)]
  0x000002a9f063b430 JavaThread "Cache worker for cache directory md-rule (C:\Users\becal\.gradle\caches\8.12.1\md-rule)" [_thread_blocked, id=11592, stack(0x000000f656100000,0x000000f656200000)]
  0x000002a9f063cc40 JavaThread "Cache worker for cache directory md-supplier (C:\Users\becal\.gradle\caches\8.12.1\md-supplier)" [_thread_blocked, id=17608, stack(0x000000f656200000,0x000000f656300000)]
  0x000002a9f063a5c0 JavaThread "Unconstrained build operations" [_thread_blocked, id=1544, stack(0x000000f656300000,0x000000f656400000)]
  0x000002a9f063a0f0 JavaThread "Unconstrained build operations Thread 2" [_thread_blocked, id=9908, stack(0x000000f656400000,0x000000f656500000)]
  0x000002a9f063b900 JavaThread "Unconstrained build operations Thread 3" [_thread_blocked, id=7608, stack(0x000000f656500000,0x000000f656600000)]
  0x000002a9f0640ad0 JavaThread "Memory manager" [_thread_blocked, id=4136, stack(0x000000f656600000,0x000000f656700000)]
  0x000002a9f063edf0 JavaThread "included builds" [_thread_in_Java, id=12332, stack(0x000000f655a00000,0x000000f655b00000)]
  0x000002a9f063e450 JavaThread "Execution worker" [_thread_blocked, id=5684, stack(0x000000f656700000,0x000000f656800000)]
  0x000002a9f063e920 JavaThread "Cache worker for execution history cache (C:\projetolistacompras\ListaDeCompras\.gradle\8.12.1\executionHistory)" [_thread_blocked, id=6664, stack(0x000000f656800000,0x000000f656900000)]

Other Threads:
  0x000002a9eed99af0 VMThread "VM Thread" [stack: 0x000000f653c00000,0x000000f653d00000] [id=13308]
  0x000002a9ef9425d0 WatcherThread [stack: 0x000000f654800000,0x000000f654900000] [id=16680]
  0x000002a9d523fde0 GCTaskThread "GC Thread#0" [stack: 0x000000f653700000,0x000000f653800000] [id=2568]
  0x000002a9efa14c60 GCTaskThread "GC Thread#1" [stack: 0x000000f654900000,0x000000f654a00000] [id=9748]
  0x000002a9d5245c40 ConcurrentGCThread "G1 Main Marker" [stack: 0x000000f653800000,0x000000f653900000] [id=17956]
  0x000002a9d5247230 ConcurrentGCThread "G1 Conc#0" [stack: 0x000000f653900000,0x000000f653a00000] [id=16160]
  0x000002a9d52cd480 ConcurrentGCThread "G1 Refine#0" [stack: 0x000000f653a00000,0x000000f653b00000] [id=18684]
  0x000002a9f02c9e00 ConcurrentGCThread "G1 Refine#1" [stack: 0x000000f655c00000,0x000000f655d00000] [id=13072]
  0x000002a9eec5ac60 ConcurrentGCThread "G1 Service" [stack: 0x000000f653b00000,0x000000f653c00000] [id=15376]

Threads with active compile tasks:
C2 CompilerThread0   187201 6614       4       java.lang.Class::getMethodsRecursive (99 bytes)

VM state: not at safepoint (normal execution)

VM Mutex/Monitor currently owned by a thread: None

Heap address: 0x00000000e0000000, size: 512 MB, Compressed Oops mode: 32-bit

CDS archive(s) mapped at: [0x0000000800000000-0x0000000800bc0000-0x0000000800bc0000), size 12320768, SharedBaseAddress: 0x0000000800000000, ArchiveRelocationMode: 0.
Compressed class space mapped at: 0x0000000800c00000-0x0000000814000000, reserved size: 322961408
Narrow klass base: 0x0000000800000000, Narrow klass shift: 0, Narrow klass range: 0x100000000

GC Precious Log:
 CPUs: 2 total, 2 available
 Memory: 3737M
 Large Page Support: Disabled
 NUMA Support: Disabled
 Compressed Oops: Enabled (32-bit)
 Heap Region Size: 1M
 Heap Min Capacity: 256M
 Heap Initial Capacity: 256M
 Heap Max Capacity: 512M
 Pre-touch: Disabled
 Parallel Workers: 2
 Concurrent Workers: 1
 Concurrent Refinement Workers: 2
 Periodic GC: Disabled

Heap:
 garbage-first heap   total 262144K, used 74471K [0x00000000e0000000, 0x0000000100000000)
  region size 1024K, 50 young (51200K), 16 survivors (16384K)
 Metaspace       used 51475K, committed 52032K, reserved 364544K
  class space    used 7332K, committed 7552K, reserved 315392K

Heap Regions: E=young(eden), S=young(survivor), O=old, HS=humongous(starts), HC=humongous(continues), CS=collection set, F=free, OA=open archive, CA=closed archive, TAMS=top-at-mark-start (previous, next)
|   0|0x00000000e0000000, 0x00000000e0100000, 0x00000000e0100000|100%| O|  |TAMS 0x00000000e0100000, 0x00000000e0000000| Untracked 
|   1|0x00000000e0100000, 0x00000000e0200000, 0x00000000e0200000|100%| O|  |TAMS 0x00000000e0200000, 0x00000000e0100000| Untracked 
|   2|0x00000000e0200000, 0x00000000e0300000, 0x00000000e0300000|100%|HS|  |TAMS 0x00000000e0300000, 0x00000000e0200000| Complete 
|   3|0x00000000e0300000, 0x00000000e0400000, 0x00000000e0400000|100%|HC|  |TAMS 0x00000000e0400000, 0x00000000e0300000| Complete 
|   4|0x00000000e0400000, 0x00000000e0500000, 0x00000000e0500000|100%|HC|  |TAMS 0x00000000e0500000, 0x00000000e0400000| Complete 
|   5|0x00000000e0500000, 0x00000000e0600000, 0x00000000e0600000|100%|HS|  |TAMS 0x00000000e0600000, 0x00000000e0500000| Complete 
|   6|0x00000000e0600000, 0x00000000e0700000, 0x00000000e0700000|100%| O|  |TAMS 0x00000000e0700000, 0x00000000e0600000| Untracked 
|   7|0x00000000e0700000, 0x00000000e0800000, 0x00000000e0800000|100%| O|  |TAMS 0x00000000e0800000, 0x00000000e0700000| Untracked 
|   8|0x00000000e0800000, 0x00000000e0900000, 0x00000000e0900000|100%| O|  |TAMS 0x00000000e0900000, 0x00000000e0800000| Untracked 
|   9|0x00000000e0900000, 0x00000000e0a00000, 0x00000000e0a00000|100%| O|  |TAMS 0x00000000e0a00000, 0x00000000e0900000| Untracked 
|  10|0x00000000e0a00000, 0x00000000e0b00000, 0x00000000e0b00000|100%| O|  |TAMS 0x00000000e0b00000, 0x00000000e0a00000| Untracked 
|  11|0x00000000e0b00000, 0x00000000e0c00000, 0x00000000e0c00000|100%| O|  |TAMS 0x00000000e0c00000, 0x00000000e0b00000| Untracked 
|  12|0x00000000e0c00000, 0x00000000e0d00000, 0x00000000e0d00000|100%| O|  |TAMS 0x00000000e0d00000, 0x00000000e0c00000| Untracked 
|  13|0x00000000e0d00000, 0x00000000e0e00000, 0x00000000e0e00000|100%| O|  |TAMS 0x00000000e0e00000, 0x00000000e0d00000| Untracked 
|  14|0x00000000e0e00000, 0x00000000e0f00000, 0x00000000e0f00000|100%| O|  |TAMS 0x00000000e0f00000, 0x00000000e0e00000| Untracked 
|  15|0x00000000e0f00000, 0x00000000e1000000, 0x00000000e1000000|100%| O|  |TAMS 0x00000000e1000000, 0x00000000e0f00000| Untracked 
|  16|0x00000000e1000000, 0x00000000e1100000, 0x00000000e1100000|100%| O|  |TAMS 0x00000000e1100000, 0x00000000e1000000| Untracked 
|  17|0x00000000e1100000, 0x00000000e1200000, 0x00000000e1200000|100%| O|  |TAMS 0x00000000e1200000, 0x00000000e1100000| Untracked 
|  18|0x00000000e1200000, 0x00000000e1300000, 0x00000000e1300000|100%| O|  |TAMS 0x00000000e1300000, 0x00000000e1200000| Untracked 
|  19|0x00000000e1300000, 0x00000000e1400000, 0x00000000e1400000|100%| O|  |TAMS 0x00000000e1400000, 0x00000000e1300000| Untracked 
|  20|0x00000000e1400000, 0x00000000e1500000, 0x00000000e1500000|100%| O|  |TAMS 0x00000000e14dcc00, 0x00000000e1400000| Untracked 
|  21|0x00000000e1500000, 0x00000000e1500000, 0x00000000e1600000|  0%| F|  |TAMS 0x00000000e1500000, 0x00000000e1500000| Untracked 
|  22|0x00000000e1600000, 0x00000000e1600000, 0x00000000e1700000|  0%| F|  |TAMS 0x00000000e1600000, 0x00000000e1600000| Untracked 
|  23|0x00000000e1700000, 0x00000000e1800000, 0x00000000e1800000|100%| O|  |TAMS 0x00000000e1700000, 0x00000000e1700000| Untracked 
|  24|0x00000000e1800000, 0x00000000e1900000, 0x00000000e1900000|100%| O|  |TAMS 0x00000000e1800000, 0x00000000e1800000| Untracked 
|  25|0x00000000e1900000, 0x00000000e19b9e00, 0x00000000e1a00000| 72%| O|  |TAMS 0x00000000e1900000, 0x00000000e1900000| Untracked 
|  26|0x00000000e1a00000, 0x00000000e1a00000, 0x00000000e1b00000|  0%| F|  |TAMS 0x00000000e1a00000, 0x00000000e1a00000| Untracked 
|  27|0x00000000e1b00000, 0x00000000e1b00000, 0x00000000e1c00000|  0%| F|  |TAMS 0x00000000e1b00000, 0x00000000e1b00000| Untracked 
|  28|0x00000000e1c00000, 0x00000000e1c00000, 0x00000000e1d00000|  0%| F|  |TAMS 0x00000000e1c00000, 0x00000000e1c00000| Untracked 
|  29|0x00000000e1d00000, 0x00000000e1d00000, 0x00000000e1e00000|  0%| F|  |TAMS 0x00000000e1d00000, 0x00000000e1d00000| Untracked 
|  30|0x00000000e1e00000, 0x00000000e1e00000, 0x00000000e1f00000|  0%| F|  |TAMS 0x00000000e1e00000, 0x00000000e1e00000| Untracked 
|  31|0x00000000e1f00000, 0x00000000e1f00000, 0x00000000e2000000|  0%| F|  |TAMS 0x00000000e1f00000, 0x00000000e1f00000| Untracked 
|  32|0x00000000e2000000, 0x00000000e2000000, 0x00000000e2100000|  0%| F|  |TAMS 0x00000000e2000000, 0x00000000e2000000| Untracked 
|  33|0x00000000e2100000, 0x00000000e2100000, 0x00000000e2200000|  0%| F|  |TAMS 0x00000000e2100000, 0x00000000e2100000| Untracked 
|  34|0x00000000e2200000, 0x00000000e2200000, 0x00000000e2300000|  0%| F|  |TAMS 0x00000000e2200000, 0x00000000e2200000| Untracked 
|  35|0x00000000e2300000, 0x00000000e2300000, 0x00000000e2400000|  0%| F|  |TAMS 0x00000000e2300000, 0x00000000e2300000| Untracked 
|  36|0x00000000e2400000, 0x00000000e2400000, 0x00000000e2500000|  0%| F|  |TAMS 0x00000000e2400000, 0x00000000e2400000| Untracked 
|  37|0x00000000e2500000, 0x00000000e2500000, 0x00000000e2600000|  0%| F|  |TAMS 0x00000000e2500000, 0x00000000e2500000| Untracked 
|  38|0x00000000e2600000, 0x00000000e2600000, 0x00000000e2700000|  0%| F|  |TAMS 0x00000000e2600000, 0x00000000e2600000| Untracked 
|  39|0x00000000e2700000, 0x00000000e2700000, 0x00000000e2800000|  0%| F|  |TAMS 0x00000000e2700000, 0x00000000e2700000| Untracked 
|  40|0x00000000e2800000, 0x00000000e2800000, 0x00000000e2900000|  0%| F|  |TAMS 0x00000000e2800000, 0x00000000e2800000| Untracked 
|  41|0x00000000e2900000, 0x00000000e2900000, 0x00000000e2a00000|  0%| F|  |TAMS 0x00000000e2900000, 0x00000000e2900000| Untracked 
|  42|0x00000000e2a00000, 0x00000000e2a00000, 0x00000000e2b00000|  0%| F|  |TAMS 0x00000000e2a00000, 0x00000000e2a00000| Untracked 
|  43|0x00000000e2b00000, 0x00000000e2b00000, 0x00000000e2c00000|  0%| F|  |TAMS 0x00000000e2b00000, 0x00000000e2b00000| Untracked 
|  44|0x00000000e2c00000, 0x00000000e2c00000, 0x00000000e2d00000|  0%| F|  |TAMS 0x00000000e2c00000, 0x00000000e2c00000| Untracked 
|  45|0x00000000e2d00000, 0x00000000e2d00000, 0x00000000e2e00000|  0%| F|  |TAMS 0x00000000e2d00000, 0x00000000e2d00000| Untracked 
|  46|0x00000000e2e00000, 0x00000000e2e00000, 0x00000000e2f00000|  0%| F|  |TAMS 0x00000000e2e00000, 0x00000000e2e00000| Untracked 
|  47|0x00000000e2f00000, 0x00000000e2f00000, 0x00000000e3000000|  0%| F|  |TAMS 0x00000000e2f00000, 0x00000000e2f00000| Untracked 
|  48|0x00000000e3000000, 0x00000000e3000000, 0x00000000e3100000|  0%| F|  |TAMS 0x00000000e3000000, 0x00000000e3000000| Untracked 
|  49|0x00000000e3100000, 0x00000000e3100000, 0x00000000e3200000|  0%| F|  |TAMS 0x00000000e3100000, 0x00000000e3100000| Untracked 
|  50|0x00000000e3200000, 0x00000000e3200000, 0x00000000e3300000|  0%| F|  |TAMS 0x00000000e3200000, 0x00000000e3200000| Untracked 
|  51|0x00000000e3300000, 0x00000000e3300000, 0x00000000e3400000|  0%| F|  |TAMS 0x00000000e3300000, 0x00000000e3300000| Untracked 
|  52|0x00000000e3400000, 0x00000000e3400000, 0x00000000e3500000|  0%| F|  |TAMS 0x00000000e3400000, 0x00000000e3400000| Untracked 
|  53|0x00000000e3500000, 0x00000000e3500000, 0x00000000e3600000|  0%| F|  |TAMS 0x00000000e3500000, 0x00000000e3500000| Untracked 
|  54|0x00000000e3600000, 0x00000000e3600000, 0x00000000e3700000|  0%| F|  |TAMS 0x00000000e3600000, 0x00000000e3600000| Untracked 
|  55|0x00000000e3700000, 0x00000000e3700000, 0x00000000e3800000|  0%| F|  |TAMS 0x00000000e3700000, 0x00000000e3700000| Untracked 
|  56|0x00000000e3800000, 0x00000000e3800000, 0x00000000e3900000|  0%| F|  |TAMS 0x00000000e3800000, 0x00000000e3800000| Untracked 
|  57|0x00000000e3900000, 0x00000000e3900000, 0x00000000e3a00000|  0%| F|  |TAMS 0x00000000e3900000, 0x00000000e3900000| Untracked 
|  58|0x00000000e3a00000, 0x00000000e3a00000, 0x00000000e3b00000|  0%| F|  |TAMS 0x00000000e3a00000, 0x00000000e3a00000| Untracked 
|  59|0x00000000e3b00000, 0x00000000e3b00000, 0x00000000e3c00000|  0%| F|  |TAMS 0x00000000e3b00000, 0x00000000e3b00000| Untracked 
|  60|0x00000000e3c00000, 0x00000000e3c00000, 0x00000000e3d00000|  0%| F|  |TAMS 0x00000000e3c00000, 0x00000000e3c00000| Untracked 
|  61|0x00000000e3d00000, 0x00000000e3d00000, 0x00000000e3e00000|  0%| F|  |TAMS 0x00000000e3d00000, 0x00000000e3d00000| Untracked 
|  62|0x00000000e3e00000, 0x00000000e3e00000, 0x00000000e3f00000|  0%| F|  |TAMS 0x00000000e3e00000, 0x00000000e3e00000| Untracked 
|  63|0x00000000e3f00000, 0x00000000e3f00000, 0x00000000e4000000|  0%| F|  |TAMS 0x00000000e3f00000, 0x00000000e3f00000| Untracked 
|  64|0x00000000e4000000, 0x00000000e4000000, 0x00000000e4100000|  0%| F|  |TAMS 0x00000000e4000000, 0x00000000e4000000| Untracked 
|  65|0x00000000e4100000, 0x00000000e4100000, 0x00000000e4200000|  0%| F|  |TAMS 0x00000000e4100000, 0x00000000e4100000| Untracked 
|  66|0x00000000e4200000, 0x00000000e4200000, 0x00000000e4300000|  0%| F|  |TAMS 0x00000000e4200000, 0x00000000e4200000| Untracked 
|  67|0x00000000e4300000, 0x00000000e4300000, 0x00000000e4400000|  0%| F|  |TAMS 0x00000000e4300000, 0x00000000e4300000| Untracked 
|  68|0x00000000e4400000, 0x00000000e4400000, 0x00000000e4500000|  0%| F|  |TAMS 0x00000000e4400000, 0x00000000e4400000| Untracked 
|  69|0x00000000e4500000, 0x00000000e4500000, 0x00000000e4600000|  0%| F|  |TAMS 0x00000000e4500000, 0x00000000e4500000| Untracked 
|  70|0x00000000e4600000, 0x00000000e4600000, 0x00000000e4700000|  0%| F|  |TAMS 0x00000000e4600000, 0x00000000e4600000| Untracked 
|  71|0x00000000e4700000, 0x00000000e4700000, 0x00000000e4800000|  0%| F|  |TAMS 0x00000000e4700000, 0x00000000e4700000| Untracked 
|  72|0x00000000e4800000, 0x00000000e4800000, 0x00000000e4900000|  0%| F|  |TAMS 0x00000000e4800000, 0x00000000e4800000| Untracked 
|  73|0x00000000e4900000, 0x00000000e4900000, 0x00000000e4a00000|  0%| F|  |TAMS 0x00000000e4900000, 0x00000000e4900000| Untracked 
|  74|0x00000000e4a00000, 0x00000000e4a00000, 0x00000000e4b00000|  0%| F|  |TAMS 0x00000000e4a00000, 0x00000000e4a00000| Untracked 
|  75|0x00000000e4b00000, 0x00000000e4b00000, 0x00000000e4c00000|  0%| F|  |TAMS 0x00000000e4b00000, 0x00000000e4b00000| Untracked 
|  76|0x00000000e4c00000, 0x00000000e4c00000, 0x00000000e4d00000|  0%| F|  |TAMS 0x00000000e4c00000, 0x00000000e4c00000| Untracked 
|  77|0x00000000e4d00000, 0x00000000e4d00000, 0x00000000e4e00000|  0%| F|  |TAMS 0x00000000e4d00000, 0x00000000e4d00000| Untracked 
|  78|0x00000000e4e00000, 0x00000000e4e00000, 0x00000000e4f00000|  0%| F|  |TAMS 0x00000000e4e00000, 0x00000000e4e00000| Untracked 
|  79|0x00000000e4f00000, 0x00000000e4f00000, 0x00000000e5000000|  0%| F|  |TAMS 0x00000000e4f00000, 0x00000000e4f00000| Untracked 
|  80|0x00000000e5000000, 0x00000000e5000000, 0x00000000e5100000|  0%| F|  |TAMS 0x00000000e5000000, 0x00000000e5000000| Untracked 
|  81|0x00000000e5100000, 0x00000000e5100000, 0x00000000e5200000|  0%| F|  |TAMS 0x00000000e5100000, 0x00000000e5100000| Untracked 
|  82|0x00000000e5200000, 0x00000000e5200000, 0x00000000e5300000|  0%| F|  |TAMS 0x00000000e5200000, 0x00000000e5200000| Untracked 
|  83|0x00000000e5300000, 0x00000000e5300000, 0x00000000e5400000|  0%| F|  |TAMS 0x00000000e5300000, 0x00000000e5300000| Untracked 
|  84|0x00000000e5400000, 0x00000000e5400000, 0x00000000e5500000|  0%| F|  |TAMS 0x00000000e5400000, 0x00000000e5400000| Untracked 
|  85|0x00000000e5500000, 0x00000000e5500000, 0x00000000e5600000|  0%| F|  |TAMS 0x00000000e5500000, 0x00000000e5500000| Untracked 
|  86|0x00000000e5600000, 0x00000000e5600000, 0x00000000e5700000|  0%| F|  |TAMS 0x00000000e5600000, 0x00000000e5600000| Untracked 
|  87|0x00000000e5700000, 0x00000000e5800000, 0x00000000e5800000|100%| S|CS|TAMS 0x00000000e5700000, 0x00000000e5700000| Complete 
|  88|0x00000000e5800000, 0x00000000e5900000, 0x00000000e5900000|100%| S|CS|TAMS 0x00000000e5800000, 0x00000000e5800000| Complete 
|  89|0x00000000e5900000, 0x00000000e5a00000, 0x00000000e5a00000|100%| S|CS|TAMS 0x00000000e5900000, 0x00000000e5900000| Complete 
|  90|0x00000000e5a00000, 0x00000000e5b00000, 0x00000000e5b00000|100%| S|CS|TAMS 0x00000000e5a00000, 0x00000000e5a00000| Complete 
|  91|0x00000000e5b00000, 0x00000000e5c00000, 0x00000000e5c00000|100%| S|CS|TAMS 0x00000000e5b00000, 0x00000000e5b00000| Complete 
|  92|0x00000000e5c00000, 0x00000000e5d00000, 0x00000000e5d00000|100%| S|CS|TAMS 0x00000000e5c00000, 0x00000000e5c00000| Complete 
|  93|0x00000000e5d00000, 0x00000000e5e00000, 0x00000000e5e00000|100%| S|CS|TAMS 0x00000000e5d00000, 0x00000000e5d00000| Complete 
|  94|0x00000000e5e00000, 0x00000000e5f00000, 0x00000000e5f00000|100%| S|CS|TAMS 0x00000000e5e00000, 0x00000000e5e00000| Complete 
|  95|0x00000000e5f00000, 0x00000000e6000000, 0x00000000e6000000|100%| S|CS|TAMS 0x00000000e5f00000, 0x00000000e5f00000| Complete 
|  96|0x00000000e6000000, 0x00000000e6100000, 0x00000000e6100000|100%| S|CS|TAMS 0x00000000e6000000, 0x00000000e6000000| Complete 
|  97|0x00000000e6100000, 0x00000000e6200000, 0x00000000e6200000|100%| S|CS|TAMS 0x00000000e6100000, 0x00000000e6100000| Complete 
|  98|0x00000000e6200000, 0x00000000e6300000, 0x00000000e6300000|100%| S|CS|TAMS 0x00000000e6200000, 0x00000000e6200000| Complete 
|  99|0x00000000e6300000, 0x00000000e6400000, 0x00000000e6400000|100%| S|CS|TAMS 0x00000000e6300000, 0x00000000e6300000| Complete 
| 100|0x00000000e6400000, 0x00000000e6500000, 0x00000000e6500000|100%| S|CS|TAMS 0x00000000e6400000, 0x00000000e6400000| Complete 
| 101|0x00000000e6500000, 0x00000000e6600000, 0x00000000e6600000|100%| S|CS|TAMS 0x00000000e6500000, 0x00000000e6500000| Complete 
| 102|0x00000000e6600000, 0x00000000e6700000, 0x00000000e6700000|100%| S|CS|TAMS 0x00000000e6600000, 0x00000000e6600000| Complete 
| 103|0x00000000e6700000, 0x00000000e6700000, 0x00000000e6800000|  0%| F|  |TAMS 0x00000000e6700000, 0x00000000e6700000| Untracked 
| 104|0x00000000e6800000, 0x00000000e6800000, 0x00000000e6900000|  0%| F|  |TAMS 0x00000000e6800000, 0x00000000e6800000| Untracked 
| 105|0x00000000e6900000, 0x00000000e6900000, 0x00000000e6a00000|  0%| F|  |TAMS 0x00000000e6900000, 0x00000000e6900000| Untracked 
| 106|0x00000000e6a00000, 0x00000000e6a00000, 0x00000000e6b00000|  0%| F|  |TAMS 0x00000000e6a00000, 0x00000000e6a00000| Untracked 
| 107|0x00000000e6b00000, 0x00000000e6b00000, 0x00000000e6c00000|  0%| F|  |TAMS 0x00000000e6b00000, 0x00000000e6b00000| Untracked 
| 108|0x00000000e6c00000, 0x00000000e6c00000, 0x00000000e6d00000|  0%| F|  |TAMS 0x00000000e6c00000, 0x00000000e6c00000| Untracked 
| 109|0x00000000e6d00000, 0x00000000e6d00000, 0x00000000e6e00000|  0%| F|  |TAMS 0x00000000e6d00000, 0x00000000e6d00000| Untracked 
| 110|0x00000000e6e00000, 0x00000000e6e00000, 0x00000000e6f00000|  0%| F|  |TAMS 0x00000000e6e00000, 0x00000000e6e00000| Untracked 
| 111|0x00000000e6f00000, 0x00000000e6f00000, 0x00000000e7000000|  0%| F|  |TAMS 0x00000000e6f00000, 0x00000000e6f00000| Untracked 
| 112|0x00000000e7000000, 0x00000000e7000000, 0x00000000e7100000|  0%| F|  |TAMS 0x00000000e7000000, 0x00000000e7000000| Untracked 
| 113|0x00000000e7100000, 0x00000000e7100000, 0x00000000e7200000|  0%| F|  |TAMS 0x00000000e7100000, 0x00000000e7100000| Untracked 
| 114|0x00000000e7200000, 0x00000000e7200000, 0x00000000e7300000|  0%| F|  |TAMS 0x00000000e7200000, 0x00000000e7200000| Untracked 
| 115|0x00000000e7300000, 0x00000000e7300000, 0x00000000e7400000|  0%| F|  |TAMS 0x00000000e7300000, 0x00000000e7300000| Untracked 
| 116|0x00000000e7400000, 0x00000000e7400000, 0x00000000e7500000|  0%| F|  |TAMS 0x00000000e7400000, 0x00000000e7400000| Untracked 
| 117|0x00000000e7500000, 0x00000000e7500000, 0x00000000e7600000|  0%| F|  |TAMS 0x00000000e7500000, 0x00000000e7500000| Untracked 
| 118|0x00000000e7600000, 0x00000000e7600000, 0x00000000e7700000|  0%| F|  |TAMS 0x00000000e7600000, 0x00000000e7600000| Untracked 
| 119|0x00000000e7700000, 0x00000000e7700000, 0x00000000e7800000|  0%| F|  |TAMS 0x00000000e7700000, 0x00000000e7700000| Untracked 
| 120|0x00000000e7800000, 0x00000000e7800000, 0x00000000e7900000|  0%| F|  |TAMS 0x00000000e7800000, 0x00000000e7800000| Untracked 
| 121|0x00000000e7900000, 0x00000000e7900000, 0x00000000e7a00000|  0%| F|  |TAMS 0x00000000e7900000, 0x00000000e7900000| Untracked 
| 122|0x00000000e7a00000, 0x00000000e7a00000, 0x00000000e7b00000|  0%| F|  |TAMS 0x00000000e7a00000, 0x00000000e7a00000| Untracked 
| 123|0x00000000e7b00000, 0x00000000e7b00000, 0x00000000e7c00000|  0%| F|  |TAMS 0x00000000e7b00000, 0x00000000e7b00000| Untracked 
| 124|0x00000000e7c00000, 0x00000000e7c00000, 0x00000000e7d00000|  0%| F|  |TAMS 0x00000000e7c00000, 0x00000000e7c00000| Untracked 
| 125|0x00000000e7d00000, 0x00000000e7d00000, 0x00000000e7e00000|  0%| F|  |TAMS 0x00000000e7d00000, 0x00000000e7d00000| Untracked 
| 126|0x00000000e7e00000, 0x00000000e7e00000, 0x00000000e7f00000|  0%| F|  |TAMS 0x00000000e7e00000, 0x00000000e7e00000| Untracked 
| 127|0x00000000e7f00000, 0x00000000e7f00000, 0x00000000e8000000|  0%| F|  |TAMS 0x00000000e7f00000, 0x00000000e7f00000| Untracked 
| 128|0x00000000e8000000, 0x00000000e8000000, 0x00000000e8100000|  0%| F|  |TAMS 0x00000000e8000000, 0x00000000e8000000| Untracked 
| 129|0x00000000e8100000, 0x00000000e8100000, 0x00000000e8200000|  0%| F|  |TAMS 0x00000000e8100000, 0x00000000e8100000| Untracked 
| 130|0x00000000e8200000, 0x00000000e8200000, 0x00000000e8300000|  0%| F|  |TAMS 0x00000000e8200000, 0x00000000e8200000| Untracked 
| 131|0x00000000e8300000, 0x00000000e8300000, 0x00000000e8400000|  0%| F|  |TAMS 0x00000000e8300000, 0x00000000e8300000| Untracked 
| 132|0x00000000e8400000, 0x00000000e8400000, 0x00000000e8500000|  0%| F|  |TAMS 0x00000000e8400000, 0x00000000e8400000| Untracked 
| 133|0x00000000e8500000, 0x00000000e8500000, 0x00000000e8600000|  0%| F|  |TAMS 0x00000000e8500000, 0x00000000e8500000| Untracked 
| 134|0x00000000e8600000, 0x00000000e8600000, 0x00000000e8700000|  0%| F|  |TAMS 0x00000000e8600000, 0x00000000e8600000| Untracked 
| 135|0x00000000e8700000, 0x00000000e8700000, 0x00000000e8800000|  0%| F|  |TAMS 0x00000000e8700000, 0x00000000e8700000| Untracked 
| 136|0x00000000e8800000, 0x00000000e8800000, 0x00000000e8900000|  0%| F|  |TAMS 0x00000000e8800000, 0x00000000e8800000| Untracked 
| 137|0x00000000e8900000, 0x00000000e8900000, 0x00000000e8a00000|  0%| F|  |TAMS 0x00000000e8900000, 0x00000000e8900000| Untracked 
| 138|0x00000000e8a00000, 0x00000000e8a00000, 0x00000000e8b00000|  0%| F|  |TAMS 0x00000000e8a00000, 0x00000000e8a00000| Untracked 
| 139|0x00000000e8b00000, 0x00000000e8b00000, 0x00000000e8c00000|  0%| F|  |TAMS 0x00000000e8b00000, 0x00000000e8b00000| Untracked 
| 140|0x00000000e8c00000, 0x00000000e8c00000, 0x00000000e8d00000|  0%| F|  |TAMS 0x00000000e8c00000, 0x00000000e8c00000| Untracked 
| 141|0x00000000e8d00000, 0x00000000e8d00000, 0x00000000e8e00000|  0%| F|  |TAMS 0x00000000e8d00000, 0x00000000e8d00000| Untracked 
| 142|0x00000000e8e00000, 0x00000000e8e00000, 0x00000000e8f00000|  0%| F|  |TAMS 0x00000000e8e00000, 0x00000000e8e00000| Untracked 
| 143|0x00000000e8f00000, 0x00000000e8f00000, 0x00000000e9000000|  0%| F|  |TAMS 0x00000000e8f00000, 0x00000000e8f00000| Untracked 
| 144|0x00000000e9000000, 0x00000000e9000000, 0x00000000e9100000|  0%| F|  |TAMS 0x00000000e9000000, 0x00000000e9000000| Untracked 
| 145|0x00000000e9100000, 0x00000000e9100000, 0x00000000e9200000|  0%| F|  |TAMS 0x00000000e9100000, 0x00000000e9100000| Untracked 
| 146|0x00000000e9200000, 0x00000000e9200000, 0x00000000e9300000|  0%| F|  |TAMS 0x00000000e9200000, 0x00000000e9200000| Untracked 
| 147|0x00000000e9300000, 0x00000000e9300000, 0x00000000e9400000|  0%| F|  |TAMS 0x00000000e9300000, 0x00000000e9300000| Untracked 
| 148|0x00000000e9400000, 0x00000000e9400000, 0x00000000e9500000|  0%| F|  |TAMS 0x00000000e9400000, 0x00000000e9400000| Untracked 
| 149|0x00000000e9500000, 0x00000000e9500000, 0x00000000e9600000|  0%| F|  |TAMS 0x00000000e9500000, 0x00000000e9500000| Untracked 
| 150|0x00000000e9600000, 0x00000000e9600000, 0x00000000e9700000|  0%| F|  |TAMS 0x00000000e9600000, 0x00000000e9600000| Untracked 
| 151|0x00000000e9700000, 0x00000000e9700000, 0x00000000e9800000|  0%| F|  |TAMS 0x00000000e9700000, 0x00000000e9700000| Untracked 
| 152|0x00000000e9800000, 0x00000000e9800000, 0x00000000e9900000|  0%| F|  |TAMS 0x00000000e9800000, 0x00000000e9800000| Untracked 
| 153|0x00000000e9900000, 0x00000000e9900000, 0x00000000e9a00000|  0%| F|  |TAMS 0x00000000e9900000, 0x00000000e9900000| Untracked 
| 154|0x00000000e9a00000, 0x00000000e9a00000, 0x00000000e9b00000|  0%| F|  |TAMS 0x00000000e9a00000, 0x00000000e9a00000| Untracked 
| 155|0x00000000e9b00000, 0x00000000e9b00000, 0x00000000e9c00000|  0%| F|  |TAMS 0x00000000e9b00000, 0x00000000e9b00000| Untracked 
| 156|0x00000000e9c00000, 0x00000000e9c00000, 0x00000000e9d00000|  0%| F|  |TAMS 0x00000000e9c00000, 0x00000000e9c00000| Untracked 
| 157|0x00000000e9d00000, 0x00000000e9d00000, 0x00000000e9e00000|  0%| F|  |TAMS 0x00000000e9d00000, 0x00000000e9d00000| Untracked 
| 158|0x00000000e9e00000, 0x00000000e9e00000, 0x00000000e9f00000|  0%| F|  |TAMS 0x00000000e9e00000, 0x00000000e9e00000| Untracked 
| 159|0x00000000e9f00000, 0x00000000e9f00000, 0x00000000ea000000|  0%| F|  |TAMS 0x00000000e9f00000, 0x00000000e9f00000| Untracked 
| 160|0x00000000ea000000, 0x00000000ea000000, 0x00000000ea100000|  0%| F|  |TAMS 0x00000000ea000000, 0x00000000ea000000| Untracked 
| 161|0x00000000ea100000, 0x00000000ea100000, 0x00000000ea200000|  0%| F|  |TAMS 0x00000000ea100000, 0x00000000ea100000| Untracked 
| 162|0x00000000ea200000, 0x00000000ea200000, 0x00000000ea300000|  0%| F|  |TAMS 0x00000000ea200000, 0x00000000ea200000| Untracked 
| 163|0x00000000ea300000, 0x00000000ea300000, 0x00000000ea400000|  0%| F|  |TAMS 0x00000000ea300000, 0x00000000ea300000| Untracked 
| 164|0x00000000ea400000, 0x00000000ea400000, 0x00000000ea500000|  0%| F|  |TAMS 0x00000000ea400000, 0x00000000ea400000| Untracked 
| 165|0x00000000ea500000, 0x00000000ea500000, 0x00000000ea600000|  0%| F|  |TAMS 0x00000000ea500000, 0x00000000ea500000| Untracked 
| 166|0x00000000ea600000, 0x00000000ea600000, 0x00000000ea700000|  0%| F|  |TAMS 0x00000000ea600000, 0x00000000ea600000| Untracked 
| 167|0x00000000ea700000, 0x00000000ea700000, 0x00000000ea800000|  0%| F|  |TAMS 0x00000000ea700000, 0x00000000ea700000| Untracked 
| 168|0x00000000ea800000, 0x00000000ea800000, 0x00000000ea900000|  0%| F|  |TAMS 0x00000000ea800000, 0x00000000ea800000| Untracked 
| 169|0x00000000ea900000, 0x00000000ea900000, 0x00000000eaa00000|  0%| F|  |TAMS 0x00000000ea900000, 0x00000000ea900000| Untracked 
| 170|0x00000000eaa00000, 0x00000000eaa00000, 0x00000000eab00000|  0%| F|  |TAMS 0x00000000eaa00000, 0x00000000eaa00000| Untracked 
| 171|0x00000000eab00000, 0x00000000eab00000, 0x00000000eac00000|  0%| F|  |TAMS 0x00000000eab00000, 0x00000000eab00000| Untracked 
| 172|0x00000000eac00000, 0x00000000eac00000, 0x00000000ead00000|  0%| F|  |TAMS 0x00000000eac00000, 0x00000000eac00000| Untracked 
| 173|0x00000000ead00000, 0x00000000ead00000, 0x00000000eae00000|  0%| F|  |TAMS 0x00000000ead00000, 0x00000000ead00000| Untracked 
| 174|0x00000000eae00000, 0x00000000eae00000, 0x00000000eaf00000|  0%| F|  |TAMS 0x00000000eae00000, 0x00000000eae00000| Untracked 
| 175|0x00000000eaf00000, 0x00000000eaf00000, 0x00000000eb000000|  0%| F|  |TAMS 0x00000000eaf00000, 0x00000000eaf00000| Untracked 
| 176|0x00000000eb000000, 0x00000000eb000000, 0x00000000eb100000|  0%| F|  |TAMS 0x00000000eb000000, 0x00000000eb000000| Untracked 
| 177|0x00000000eb100000, 0x00000000eb100000, 0x00000000eb200000|  0%| F|  |TAMS 0x00000000eb100000, 0x00000000eb100000| Untracked 
| 178|0x00000000eb200000, 0x00000000eb200000, 0x00000000eb300000|  0%| F|  |TAMS 0x00000000eb200000, 0x00000000eb200000| Untracked 
| 179|0x00000000eb300000, 0x00000000eb300000, 0x00000000eb400000|  0%| F|  |TAMS 0x00000000eb300000, 0x00000000eb300000| Untracked 
| 180|0x00000000eb400000, 0x00000000eb400000, 0x00000000eb500000|  0%| F|  |TAMS 0x00000000eb400000, 0x00000000eb400000| Untracked 
| 181|0x00000000eb500000, 0x00000000eb500000, 0x00000000eb600000|  0%| F|  |TAMS 0x00000000eb500000, 0x00000000eb500000| Untracked 
| 182|0x00000000eb600000, 0x00000000eb600000, 0x00000000eb700000|  0%| F|  |TAMS 0x00000000eb600000, 0x00000000eb600000| Untracked 
| 183|0x00000000eb700000, 0x00000000eb700000, 0x00000000eb800000|  0%| F|  |TAMS 0x00000000eb700000, 0x00000000eb700000| Untracked 
| 184|0x00000000eb800000, 0x00000000eb800000, 0x00000000eb900000|  0%| F|  |TAMS 0x00000000eb800000, 0x00000000eb800000| Untracked 
| 185|0x00000000eb900000, 0x00000000eb900000, 0x00000000eba00000|  0%| F|  |TAMS 0x00000000eb900000, 0x00000000eb900000| Untracked 
| 186|0x00000000eba00000, 0x00000000eba00000, 0x00000000ebb00000|  0%| F|  |TAMS 0x00000000eba00000, 0x00000000eba00000| Untracked 
| 187|0x00000000ebb00000, 0x00000000ebb00000, 0x00000000ebc00000|  0%| F|  |TAMS 0x00000000ebb00000, 0x00000000ebb00000| Untracked 
| 188|0x00000000ebc00000, 0x00000000ebc00000, 0x00000000ebd00000|  0%| F|  |TAMS 0x00000000ebc00000, 0x00000000ebc00000| Untracked 
| 189|0x00000000ebd00000, 0x00000000ebd00000, 0x00000000ebe00000|  0%| F|  |TAMS 0x00000000ebd00000, 0x00000000ebd00000| Untracked 
| 190|0x00000000ebe00000, 0x00000000ebe00000, 0x00000000ebf00000|  0%| F|  |TAMS 0x00000000ebe00000, 0x00000000ebe00000| Untracked 
| 191|0x00000000ebf00000, 0x00000000ebf00000, 0x00000000ec000000|  0%| F|  |TAMS 0x00000000ebf00000, 0x00000000ebf00000| Untracked 
| 192|0x00000000ec000000, 0x00000000ec000000, 0x00000000ec100000|  0%| F|  |TAMS 0x00000000ec000000, 0x00000000ec000000| Untracked 
| 193|0x00000000ec100000, 0x00000000ec100000, 0x00000000ec200000|  0%| F|  |TAMS 0x00000000ec100000, 0x00000000ec100000| Untracked 
| 194|0x00000000ec200000, 0x00000000ec200000, 0x00000000ec300000|  0%| F|  |TAMS 0x00000000ec200000, 0x00000000ec200000| Untracked 
| 195|0x00000000ec300000, 0x00000000ec300000, 0x00000000ec400000|  0%| F|  |TAMS 0x00000000ec300000, 0x00000000ec300000| Untracked 
| 196|0x00000000ec400000, 0x00000000ec400000, 0x00000000ec500000|  0%| F|  |TAMS 0x00000000ec400000, 0x00000000ec400000| Untracked 
| 197|0x00000000ec500000, 0x00000000ec500000, 0x00000000ec600000|  0%| F|  |TAMS 0x00000000ec500000, 0x00000000ec500000| Untracked 
| 198|0x00000000ec600000, 0x00000000ec600000, 0x00000000ec700000|  0%| F|  |TAMS 0x00000000ec600000, 0x00000000ec600000| Untracked 
| 199|0x00000000ec700000, 0x00000000ec700000, 0x00000000ec800000|  0%| F|  |TAMS 0x00000000ec700000, 0x00000000ec700000| Untracked 
| 200|0x00000000ec800000, 0x00000000ec800000, 0x00000000ec900000|  0%| F|  |TAMS 0x00000000ec800000, 0x00000000ec800000| Untracked 
| 201|0x00000000ec900000, 0x00000000ec900000, 0x00000000eca00000|  0%| F|  |TAMS 0x00000000ec900000, 0x00000000ec900000| Untracked 
| 202|0x00000000eca00000, 0x00000000eca00000, 0x00000000ecb00000|  0%| F|  |TAMS 0x00000000eca00000, 0x00000000eca00000| Untracked 
| 203|0x00000000ecb00000, 0x00000000ecb00000, 0x00000000ecc00000|  0%| F|  |TAMS 0x00000000ecb00000, 0x00000000ecb00000| Untracked 
| 204|0x00000000ecc00000, 0x00000000ecc00000, 0x00000000ecd00000|  0%| F|  |TAMS 0x00000000ecc00000, 0x00000000ecc00000| Untracked 
| 205|0x00000000ecd00000, 0x00000000ecd00000, 0x00000000ece00000|  0%| F|  |TAMS 0x00000000ecd00000, 0x00000000ecd00000| Untracked 
| 206|0x00000000ece00000, 0x00000000ece00000, 0x00000000ecf00000|  0%| F|  |TAMS 0x00000000ece00000, 0x00000000ece00000| Untracked 
| 207|0x00000000ecf00000, 0x00000000ecf00000, 0x00000000ed000000|  0%| F|  |TAMS 0x00000000ecf00000, 0x00000000ecf00000| Untracked 
| 208|0x00000000ed000000, 0x00000000ed000000, 0x00000000ed100000|  0%| F|  |TAMS 0x00000000ed000000, 0x00000000ed000000| Untracked 
| 209|0x00000000ed100000, 0x00000000ed100000, 0x00000000ed200000|  0%| F|  |TAMS 0x00000000ed100000, 0x00000000ed100000| Untracked 
| 210|0x00000000ed200000, 0x00000000ed200000, 0x00000000ed300000|  0%| F|  |TAMS 0x00000000ed200000, 0x00000000ed200000| Untracked 
| 211|0x00000000ed300000, 0x00000000ed300000, 0x00000000ed400000|  0%| F|  |TAMS 0x00000000ed300000, 0x00000000ed300000| Untracked 
| 212|0x00000000ed400000, 0x00000000ed400000, 0x00000000ed500000|  0%| F|  |TAMS 0x00000000ed400000, 0x00000000ed400000| Untracked 
| 213|0x00000000ed500000, 0x00000000ed500000, 0x00000000ed600000|  0%| F|  |TAMS 0x00000000ed500000, 0x00000000ed500000| Untracked 
| 214|0x00000000ed600000, 0x00000000ed600000, 0x00000000ed700000|  0%| F|  |TAMS 0x00000000ed600000, 0x00000000ed600000| Untracked 
| 215|0x00000000ed700000, 0x00000000ed700000, 0x00000000ed800000|  0%| F|  |TAMS 0x00000000ed700000, 0x00000000ed700000| Untracked 
| 216|0x00000000ed800000, 0x00000000ed800000, 0x00000000ed900000|  0%| F|  |TAMS 0x00000000ed800000, 0x00000000ed800000| Untracked 
| 217|0x00000000ed900000, 0x00000000ed900000, 0x00000000eda00000|  0%| F|  |TAMS 0x00000000ed900000, 0x00000000ed900000| Untracked 
| 218|0x00000000eda00000, 0x00000000eda00000, 0x00000000edb00000|  0%| F|  |TAMS 0x00000000eda00000, 0x00000000eda00000| Untracked 
| 219|0x00000000edb00000, 0x00000000edb00000, 0x00000000edc00000|  0%| F|  |TAMS 0x00000000edb00000, 0x00000000edb00000| Untracked 
| 220|0x00000000edc00000, 0x00000000edc00000, 0x00000000edd00000|  0%| F|  |TAMS 0x00000000edc00000, 0x00000000edc00000| Untracked 
| 221|0x00000000edd00000, 0x00000000edd00000, 0x00000000ede00000|  0%| F|  |TAMS 0x00000000edd00000, 0x00000000edd00000| Untracked 
| 222|0x00000000ede00000, 0x00000000edeea698, 0x00000000edf00000| 91%| E|  |TAMS 0x00000000ede00000, 0x00000000ede00000| Complete 
| 223|0x00000000edf00000, 0x00000000ee000000, 0x00000000ee000000|100%| E|CS|TAMS 0x00000000edf00000, 0x00000000edf00000| Complete 
| 224|0x00000000ee000000, 0x00000000ee100000, 0x00000000ee100000|100%| E|CS|TAMS 0x00000000ee000000, 0x00000000ee000000| Complete 
| 225|0x00000000ee100000, 0x00000000ee200000, 0x00000000ee200000|100%| E|CS|TAMS 0x00000000ee100000, 0x00000000ee100000| Complete 
| 226|0x00000000ee200000, 0x00000000ee300000, 0x00000000ee300000|100%| E|CS|TAMS 0x00000000ee200000, 0x00000000ee200000| Complete 
| 227|0x00000000ee300000, 0x00000000ee400000, 0x00000000ee400000|100%| E|CS|TAMS 0x00000000ee300000, 0x00000000ee300000| Complete 
| 228|0x00000000ee400000, 0x00000000ee500000, 0x00000000ee500000|100%| E|CS|TAMS 0x00000000ee400000, 0x00000000ee400000| Complete 
| 229|0x00000000ee500000, 0x00000000ee600000, 0x00000000ee600000|100%| E|CS|TAMS 0x00000000ee500000, 0x00000000ee500000| Complete 
| 230|0x00000000ee600000, 0x00000000ee700000, 0x00000000ee700000|100%| E|CS|TAMS 0x00000000ee600000, 0x00000000ee600000| Complete 
| 231|0x00000000ee700000, 0x00000000ee800000, 0x00000000ee800000|100%| E|CS|TAMS 0x00000000ee700000, 0x00000000ee700000| Complete 
| 232|0x00000000ee800000, 0x00000000ee900000, 0x00000000ee900000|100%| E|CS|TAMS 0x00000000ee800000, 0x00000000ee800000| Complete 
| 233|0x00000000ee900000, 0x00000000eea00000, 0x00000000eea00000|100%| E|CS|TAMS 0x00000000ee900000, 0x00000000ee900000| Complete 
| 234|0x00000000eea00000, 0x00000000eeb00000, 0x00000000eeb00000|100%| E|CS|TAMS 0x00000000eea00000, 0x00000000eea00000| Complete 
| 235|0x00000000eeb00000, 0x00000000eec00000, 0x00000000eec00000|100%| E|CS|TAMS 0x00000000eeb00000, 0x00000000eeb00000| Complete 
| 236|0x00000000eec00000, 0x00000000eed00000, 0x00000000eed00000|100%| E|CS|TAMS 0x00000000eec00000, 0x00000000eec00000| Complete 
| 237|0x00000000eed00000, 0x00000000eee00000, 0x00000000eee00000|100%| E|CS|TAMS 0x00000000eed00000, 0x00000000eed00000| Complete 
| 238|0x00000000eee00000, 0x00000000eef00000, 0x00000000eef00000|100%| E|CS|TAMS 0x00000000eee00000, 0x00000000eee00000| Complete 
| 239|0x00000000eef00000, 0x00000000ef000000, 0x00000000ef000000|100%| E|CS|TAMS 0x00000000eef00000, 0x00000000eef00000| Complete 
| 240|0x00000000ef000000, 0x00000000ef100000, 0x00000000ef100000|100%| E|CS|TAMS 0x00000000ef000000, 0x00000000ef000000| Complete 
| 241|0x00000000ef100000, 0x00000000ef200000, 0x00000000ef200000|100%| E|CS|TAMS 0x00000000ef100000, 0x00000000ef100000| Complete 
| 242|0x00000000ef200000, 0x00000000ef300000, 0x00000000ef300000|100%| E|CS|TAMS 0x00000000ef200000, 0x00000000ef200000| Complete 
| 243|0x00000000ef300000, 0x00000000ef400000, 0x00000000ef400000|100%| E|CS|TAMS 0x00000000ef300000, 0x00000000ef300000| Complete 
| 244|0x00000000ef400000, 0x00000000ef500000, 0x00000000ef500000|100%| E|CS|TAMS 0x00000000ef400000, 0x00000000ef400000| Complete 
| 245|0x00000000ef500000, 0x00000000ef600000, 0x00000000ef600000|100%| E|CS|TAMS 0x00000000ef500000, 0x00000000ef500000| Complete 
| 246|0x00000000ef600000, 0x00000000ef700000, 0x00000000ef700000|100%| E|CS|TAMS 0x00000000ef600000, 0x00000000ef600000| Complete 
| 247|0x00000000ef700000, 0x00000000ef800000, 0x00000000ef800000|100%| E|CS|TAMS 0x00000000ef700000, 0x00000000ef700000| Complete 
| 248|0x00000000ef800000, 0x00000000ef900000, 0x00000000ef900000|100%| E|CS|TAMS 0x00000000ef800000, 0x00000000ef800000| Complete 
| 249|0x00000000ef900000, 0x00000000efa00000, 0x00000000efa00000|100%| E|CS|TAMS 0x00000000ef900000, 0x00000000ef900000| Complete 
| 250|0x00000000efa00000, 0x00000000efb00000, 0x00000000efb00000|100%| E|CS|TAMS 0x00000000efa00000, 0x00000000efa00000| Complete 
| 251|0x00000000efb00000, 0x00000000efc00000, 0x00000000efc00000|100%| E|CS|TAMS 0x00000000efb00000, 0x00000000efb00000| Complete 
| 252|0x00000000efc00000, 0x00000000efd00000, 0x00000000efd00000|100%| E|CS|TAMS 0x00000000efc00000, 0x00000000efc00000| Complete 
| 253|0x00000000efd00000, 0x00000000efe00000, 0x00000000efe00000|100%| E|CS|TAMS 0x00000000efd00000, 0x00000000efd00000| Complete 
| 254|0x00000000efe00000, 0x00000000eff00000, 0x00000000eff00000|100%| E|CS|TAMS 0x00000000efe00000, 0x00000000efe00000| Complete 
| 255|0x00000000eff00000, 0x00000000f0000000, 0x00000000f0000000|100%| E|CS|TAMS 0x00000000eff00000, 0x00000000eff00000| Complete 

Card table byte_map: [0x000002a9d4ed0000,0x000002a9d4fd0000] _byte_map_base: 0x000002a9d47d0000

Marking Bits (Prev, Next): (CMBitMap*) 0x000002a9d5241310, (CMBitMap*) 0x000002a9d5241350
 Prev Bits: [0x000002a9eba00000, 0x000002a9ec200000)
 Next Bits: [0x000002a9ec200000, 0x000002a9eca00000)

Polling page: 0x000002a9d30f0000

Metaspace:

Usage:
  Non-class:     43.11 MB used.
      Class:      7.16 MB used.
       Both:     50.27 MB used.

Virtual space:
  Non-class space:       48.00 MB reserved,      43.44 MB ( 90%) committed,  6 nodes.
      Class space:      308.00 MB reserved,       7.38 MB (  2%) committed,  1 nodes.
             Both:      356.00 MB reserved,      50.81 MB ( 14%) committed. 

Chunk freelists:
   Non-Class:  624.00 KB
       Class:  648.00 KB
        Both:  1.24 MB

MaxMetaspaceSize: 384.00 MB
CompressedClassSpaceSize: 308.00 MB
Initial GC threshold: 21.00 MB
Current GC threshold: 58.69 MB
CDS: on
MetaspaceReclaimPolicy: balanced
 - commit_granule_bytes: 65536.
 - commit_granule_words: 8192.
 - virtual_space_node_default_size: 1048576.
 - enlarge_chunks_in_place: 1.
 - new_chunks_are_fully_committed: 0.
 - uncommit_free_chunks: 1.
 - use_allocation_guard: 0.
 - handle_deallocations: 1.


Internal statistics:

num_allocs_failed_limit: 6.
num_arena_births: 592.
num_arena_deaths: 0.
num_vsnodes_births: 7.
num_vsnodes_deaths: 0.
num_space_committed: 813.
num_space_uncommitted: 0.
num_chunks_returned_to_freelist: 6.
num_chunks_taken_from_freelist: 2686.
num_chunk_merges: 6.
num_chunk_splits: 1765.
num_chunks_enlarged: 1191.
num_purges: 0.
num_inconsistent_stats: 0.

CodeHeap 'non-profiled nmethods': size=120064Kb used=3472Kb max_used=3472Kb free=116591Kb
 bounds [0x000002a9e44c0000, 0x000002a9e4830000, 0x000002a9eba00000]
CodeHeap 'profiled nmethods': size=120000Kb used=11305Kb max_used=11305Kb free=108694Kb
 bounds [0x000002a9dcf90000, 0x000002a9ddaa0000, 0x000002a9e44c0000]
CodeHeap 'non-nmethods': size=5696Kb used=2326Kb max_used=2383Kb free=3369Kb
 bounds [0x000002a9dca00000, 0x000002a9dcc70000, 0x000002a9dcf90000]
 total_blobs=6630 nmethods=5783 adapters=759
 compilation: enabled
              stopped_count=0, restarted_count=0
 full_count=0

Compilation events (20 events):
Event: 186.152 Thread 0x000002a9eedc34c0 nmethod 6604 0x000002a9dda96390 code [0x000002a9dda96600, 0x000002a9dda97078]
Event: 186.470 Thread 0x000002a9eedc34c0 6605       1       org.gradle.internal.logging.events.RenderableOutputEvent::getBuildOperationId (5 bytes)
Event: 186.470 Thread 0x000002a9eedc34c0 nmethod 6605 0x000002a9e4823e90 code [0x000002a9e4824020, 0x000002a9e48240f8]
Event: 186.477 Thread 0x000002a9eedc34c0 6606       3       java.util.HashSet::iterator (13 bytes)
Event: 186.478 Thread 0x000002a9eedc34c0 nmethod 6606 0x000002a9dda97510 code [0x000002a9dda976c0, 0x000002a9dda97958]
Event: 186.484 Thread 0x000002a9eedc34c0 6607       3       org.codehaus.groovy.reflection.stdclasses.CachedSAMClass::isAssignableFrom (30 bytes)
Event: 186.485 Thread 0x000002a9eedc34c0 nmethod 6607 0x000002a9dda97a90 code [0x000002a9dda97c60, 0x000002a9dda97f78]
Event: 186.502 Thread 0x000002a9eedc34c0 6608       3       com.google.common.collect.MapMakerInternalMap$StrongKeyWeakValueSegment::maybeDrainReferenceQueues (9 bytes)
Event: 186.502 Thread 0x000002a9eedc34c0 nmethod 6608 0x000002a9dda98090 code [0x000002a9dda98220, 0x000002a9dda983e8]
Event: 186.504 Thread 0x000002a9eedc34c0 6609       3       com.google.common.collect.MapMakerInternalMap$StrongKeyWeakValueEntry$Helper::newEntry (16 bytes)
Event: 186.504 Thread 0x000002a9eedc34c0 nmethod 6609 0x000002a9dda98490 code [0x000002a9dda98640, 0x000002a9dda98968]
Event: 186.505 Thread 0x000002a9eedc34c0 6610       3       com.google.common.collect.MapMakerInternalMap$StrongKeyWeakValueEntry$Helper::setValue (14 bytes)
Event: 186.506 Thread 0x000002a9eedc34c0 nmethod 6610 0x000002a9dda98a90 code [0x000002a9dda98c40, 0x000002a9dda98f68]
Event: 186.506 Thread 0x000002a9eedc34c0 6611       3       com.google.common.collect.MapMakerInternalMap$1::clear (1 bytes)
Event: 186.507 Thread 0x000002a9eedc34c0 nmethod 6611 0x000002a9dda99090 code [0x000002a9dda99220, 0x000002a9dda99338]
Event: 186.512 Thread 0x000002a9eedc34c0 6612       3       java.lang.invoke.DirectMethodHandle$Holder::invokeStatic (15 bytes)
Event: 186.513 Thread 0x000002a9eedc34c0 nmethod 6612 0x000002a9dda99410 code [0x000002a9dda995e0, 0x000002a9dda99b58]
Event: 186.676 Thread 0x000002a9eedc34c0 6613       3       com.sun.beans.util.Cache$CacheEntry::matches (53 bytes)
Event: 186.676 Thread 0x000002a9eedc34c0 nmethod 6613 0x000002a9dda99c90 code [0x000002a9dda99e60, 0x000002a9dda9a318]
Event: 186.964 Thread 0x000002a9eedbb1c0 6614       4       java.lang.Class::getMethodsRecursive (99 bytes)

GC Heap History (18 events):
Event: 4.594 GC heap before
{Heap before GC invocations=0 (full 0):
 garbage-first heap   total 262144K, used 12288K [0x00000000e0000000, 0x0000000100000000)
  region size 1024K, 12 young (12288K), 0 survivors (0K)
 Metaspace       used 772K, committed 896K, reserved 323584K
  class space    used 61K, committed 128K, reserved 315392K
}
Event: 4.681 GC heap after
{Heap after GC invocations=1 (full 0):
 garbage-first heap   total 262144K, used 1208K [0x00000000e0000000, 0x0000000100000000)
  region size 1024K, 2 young (2048K), 2 survivors (2048K)
 Metaspace       used 772K, committed 896K, reserved 323584K
  class space    used 61K, committed 128K, reserved 315392K
}
Event: 6.762 GC heap before
{Heap before GC invocations=1 (full 0):
 garbage-first heap   total 262144K, used 13496K [0x00000000e0000000, 0x0000000100000000)
  region size 1024K, 15 young (15360K), 2 survivors (2048K)
 Metaspace       used 1109K, committed 1280K, reserved 323584K
  class space    used 74K, committed 128K, reserved 315392K
}
Event: 6.767 GC heap after
{Heap after GC invocations=2 (full 0):
 garbage-first heap   total 262144K, used 3839K [0x00000000e0000000, 0x0000000100000000)
  region size 1024K, 2 young (2048K), 2 survivors (2048K)
 Metaspace       used 1109K, committed 1280K, reserved 323584K
  class space    used 74K, committed 128K, reserved 315392K
}
Event: 12.987 GC heap before
{Heap before GC invocations=2 (full 0):
 garbage-first heap   total 262144K, used 79615K [0x00000000e0000000, 0x0000000100000000)
  region size 1024K, 72 young (73728K), 2 survivors (2048K)
 Metaspace       used 4498K, committed 4672K, reserved 323584K
  class space    used 547K, committed 640K, reserved 315392K
}
Event: 13.010 GC heap after
{Heap after GC invocations=3 (full 0):
 garbage-first heap   total 262144K, used 13184K [0x00000000e0000000, 0x0000000100000000)
  region size 1024K, 8 young (8192K), 8 survivors (8192K)
 Metaspace       used 4498K, committed 4672K, reserved 323584K
  class space    used 547K, committed 640K, reserved 315392K
}
Event: 24.043 GC heap before
{Heap before GC invocations=3 (full 0):
 garbage-first heap   total 262144K, used 81792K [0x00000000e0000000, 0x0000000100000000)
  region size 1024K, 75 young (76800K), 8 survivors (8192K)
 Metaspace       used 13975K, committed 14208K, reserved 331776K
  class space    used 1927K, committed 2048K, reserved 315392K
}
Event: 24.073 GC heap after
{Heap after GC invocations=4 (full 0):
 garbage-first heap   total 262144K, used 21659K [0x00000000e0000000, 0x0000000100000000)
  region size 1024K, 8 young (8192K), 8 survivors (8192K)
 Metaspace       used 13975K, committed 14208K, reserved 331776K
  class space    used 1927K, committed 2048K, reserved 315392K
}
Event: 49.560 GC heap before
{Heap before GC invocations=4 (full 0):
 garbage-first heap   total 262144K, used 79003K [0x00000000e0000000, 0x0000000100000000)
  region size 1024K, 64 young (65536K), 8 survivors (8192K)
 Metaspace       used 20937K, committed 21312K, reserved 339968K
  class space    used 3031K, committed 3200K, reserved 315392K
}
Event: 49.623 GC heap after
{Heap after GC invocations=5 (full 0):
 garbage-first heap   total 262144K, used 25459K [0x00000000e0000000, 0x0000000100000000)
  region size 1024K, 4 young (4096K), 4 survivors (4096K)
 Metaspace       used 20937K, committed 21312K, reserved 339968K
  class space    used 3031K, committed 3200K, reserved 315392K
}
Event: 50.846 GC heap before
{Heap before GC invocations=5 (full 0):
 garbage-first heap   total 262144K, used 26483K [0x00000000e0000000, 0x0000000100000000)
  region size 1024K, 6 young (6144K), 4 survivors (4096K)
 Metaspace       used 21118K, committed 21504K, reserved 339968K
  class space    used 3060K, committed 3264K, reserved 315392K
}
Event: 50.857 GC heap after
{Heap after GC invocations=6 (full 0):
 garbage-first heap   total 262144K, used 25200K [0x00000000e0000000, 0x0000000100000000)
  region size 1024K, 4 young (4096K), 4 survivors (4096K)
 Metaspace       used 21118K, committed 21504K, reserved 339968K
  class space    used 3060K, committed 3264K, reserved 315392K
}
Event: 95.311 GC heap before
{Heap before GC invocations=7 (full 0):
 garbage-first heap   total 262144K, used 118384K [0x00000000e0000000, 0x0000000100000000)
  region size 1024K, 91 young (93184K), 4 survivors (4096K)
 Metaspace       used 32516K, committed 32960K, reserved 348160K
  class space    used 4474K, committed 4672K, reserved 315392K
}
Event: 95.377 GC heap after
{Heap after GC invocations=8 (full 0):
 garbage-first heap   total 262144K, used 31385K [0x00000000e0000000, 0x0000000100000000)
  region size 1024K, 10 young (10240K), 10 survivors (10240K)
 Metaspace       used 32516K, committed 32960K, reserved 348160K
  class space    used 4474K, committed 4672K, reserved 315392K
}
Event: 103.723 GC heap before
{Heap before GC invocations=8 (full 0):
 garbage-first heap   total 262144K, used 62105K [0x00000000e0000000, 0x0000000100000000)
  region size 1024K, 41 young (41984K), 10 survivors (10240K)
 Metaspace       used 35579K, committed 35968K, reserved 348160K
  class space    used 4925K, committed 5120K, reserved 315392K
}
Event: 103.749 GC heap after
{Heap after GC invocations=9 (full 0):
 garbage-first heap   total 262144K, used 33139K [0x00000000e0000000, 0x0000000100000000)
  region size 1024K, 12 young (12288K), 12 survivors (12288K)
 Metaspace       used 35579K, committed 35968K, reserved 348160K
  class space    used 4925K, committed 5120K, reserved 315392K
}
Event: 142.988 GC heap before
{Heap before GC invocations=10 (full 0):
 garbage-first heap   total 262144K, used 178547K [0x00000000e0000000, 0x0000000100000000)
  region size 1024K, 153 young (156672K), 12 survivors (12288K)
 Metaspace       used 49642K, committed 50240K, reserved 364544K
  class space    used 7016K, committed 7296K, reserved 315392K
}
Event: 143.111 GC heap after
{Heap after GC invocations=11 (full 0):
 garbage-first heap   total 262144K, used 40679K [0x00000000e0000000, 0x0000000100000000)
  region size 1024K, 16 young (16384K), 16 survivors (16384K)
 Metaspace       used 49642K, committed 50240K, reserved 364544K
  class space    used 7016K, committed 7296K, reserved 315392K
}

Deoptimization events (20 events):
Event: 172.487 Thread 0x000002a9efb93f80 Uncommon trap: trap_request=0xffffff45 fr.pc=0x000002a9e4717a80 relative=0x0000000000000080
Event: 172.487 Thread 0x000002a9efb93f80 Uncommon trap: reason=unstable_if action=reinterpret pc=0x000002a9e4717a80 method=java.util.HashMap$HashMapSpliterator.getFence()I @ 37 c2
Event: 172.487 Thread 0x000002a9efb93f80 DEOPT PACKING pc=0x000002a9e4717a80 sp=0x000000f6550f9930
Event: 172.487 Thread 0x000002a9efb93f80 DEOPT UNPACKING pc=0x000002a9dca5239d sp=0x000000f6550f98a8 mode 2
Event: 175.570 Thread 0x000002a9efb93f80 Uncommon trap: trap_request=0xffffff45 fr.pc=0x000002a9e47b54f8 relative=0x0000000000001578
Event: 175.570 Thread 0x000002a9efb93f80 Uncommon trap: reason=unstable_if action=reinterpret pc=0x000002a9e47b54f8 method=org.gradle.internal.service.DefaultServiceRegistry.isSatisfiedByAny(Ljava/lang/reflect/Type;Ljava/util/List;)Z @ 13 c2
Event: 175.570 Thread 0x000002a9efb93f80 DEOPT PACKING pc=0x000002a9e47b54f8 sp=0x000000f6550fb3f0
Event: 175.570 Thread 0x000002a9efb93f80 DEOPT UNPACKING pc=0x000002a9dca5239d sp=0x000000f6550fb338 mode 2
Event: 182.755 Thread 0x000002a9f063e450 Uncommon trap: trap_request=0xffffff45 fr.pc=0x000002a9e462f6d4 relative=0x0000000000000614
Event: 182.755 Thread 0x000002a9f063e450 Uncommon trap: reason=unstable_if action=reinterpret pc=0x000002a9e462f6d4 method=java.util.HashMap$HashIterator.<init>(Ljava/util/HashMap;)V @ 45 c2
Event: 182.755 Thread 0x000002a9f063e450 DEOPT PACKING pc=0x000002a9e462f6d4 sp=0x000000f6567fedb0
Event: 182.755 Thread 0x000002a9f063e450 DEOPT UNPACKING pc=0x000002a9dca5239d sp=0x000000f6567fec40 mode 2
Event: 183.289 Thread 0x000002a9f063edf0 Uncommon trap: trap_request=0xffffffc6 fr.pc=0x000002a9e461a790 relative=0x0000000000000450
Event: 183.289 Thread 0x000002a9f063edf0 Uncommon trap: reason=bimorphic_or_optimized_type_check action=maybe_recompile pc=0x000002a9e461a790 method=java.util.Collections$SetFromMap.remove(Ljava/lang/Object;)Z @ 5 c2
Event: 183.289 Thread 0x000002a9f063edf0 DEOPT PACKING pc=0x000002a9e461a790 sp=0x000000f655afd710
Event: 183.289 Thread 0x000002a9f063edf0 DEOPT UNPACKING pc=0x000002a9dca5239d sp=0x000000f655afd6f8 mode 2
Event: 183.442 Thread 0x000002a9f063e450 Uncommon trap: trap_request=0xffffff45 fr.pc=0x000002a9e462096c relative=0x000000000000034c
Event: 183.442 Thread 0x000002a9f063e450 Uncommon trap: reason=unstable_if action=reinterpret pc=0x000002a9e462096c method=java.util.HashMap$HashIterator.<init>(Ljava/util/HashMap;)V @ 45 c2
Event: 183.442 Thread 0x000002a9f063e450 DEOPT PACKING pc=0x000002a9e462096c sp=0x000000f6567fecf0
Event: 183.442 Thread 0x000002a9f063e450 DEOPT UNPACKING pc=0x000002a9dca5239d sp=0x000000f6567feca8 mode 2

Classes unloaded (0 events):
No events

Classes redefined (0 events):
No events

Internal exceptions (20 events):
Event: 153.594 Thread 0x000002a9efb93f80 Exception <a 'java/lang/ClassNotFoundException'{0x00000000eed178b0}: org/gradle/api/internal/tasks/DefaultTaskCollectionBeanInfo> (0x00000000eed178b0) 
thrown [t:\workspace\open\src\hotspot\share\classfile\systemDictionary.cpp, line 256]
Event: 153.595 Thread 0x000002a9efb93f80 Exception <a 'java/lang/ClassNotFoundException'{0x00000000eed29c40}: org/gradle/api/internal/DefaultNamedDomainObjectSetBeanInfo> (0x00000000eed29c40) 
thrown [t:\workspace\open\src\hotspot\share\classfile\systemDictionary.cpp, line 256]
Event: 153.866 Thread 0x000002a9efb93f80 Exception <a 'java/lang/ClassNotFoundException'{0x00000000eed3c2b0}: org/gradle/api/internal/DefaultNamedDomainObjectSetCustomizer> (0x00000000eed3c2b0) 
thrown [t:\workspace\open\src\hotspot\share\classfile\systemDictionary.cpp, line 256]
Event: 154.008 Thread 0x000002a9efb93f80 Exception <a 'java/lang/ClassNotFoundException'{0x00000000eed69e50}: org/gradle/api/internal/tasks/DefaultTaskCollectionCustomizer> (0x00000000eed69e50) 
thrown [t:\workspace\open\src\hotspot\share\classfile\systemDictionary.cpp, line 256]
Event: 155.720 Thread 0x000002a9efb93f80 Exception <a 'java/lang/ClassNotFoundException'{0x00000000eedb0018}: org/gradle/api/internal/tasks/DefaultTaskContainerCustomizer> (0x00000000eedb0018) 
thrown [t:\workspace\open\src\hotspot\share\classfile\systemDictionary.cpp, line 256]
Event: 158.758 Thread 0x000002a9efb93f80 Exception <a 'java/lang/ClassNotFoundException'{0x00000000eec15198}: org/gradle/api/internal/tasks/DefaultTaskContainer_DecoratedCustomizer> (0x00000000eec15198) 
thrown [t:\workspace\open\src\hotspot\share\classfile\systemDictionary.cpp, line 256]
Event: 164.242 Thread 0x000002a9efb93f80 Exception <a 'java/lang/ClassNotFoundException'{0x00000000eeb03ef0}: groovy/lang/ReferenceBeanInfo> (0x00000000eeb03ef0) 
thrown [t:\workspace\open\src\hotspot\share\classfile\systemDictionary.cpp, line 256]
Event: 164.244 Thread 0x000002a9efb93f80 Exception <a 'java/lang/ClassNotFoundException'{0x00000000eeb1c4a0}: groovy/lang/ReferenceCustomizer> (0x00000000eeb1c4a0) 
thrown [t:\workspace\open\src\hotspot\share\classfile\systemDictionary.cpp, line 256]
Event: 172.487 Thread 0x000002a9efb93f80 Implicit null exception at 0x000002a9e4717a4b to 0x000002a9e4717a70
Event: 173.148 Thread 0x000002a9efb93f80 Exception <a 'java/lang/ClassNotFoundException'{0x00000000ee98ad28}: org/gradle/api/DefaultTask_DecoratedBeanInfo> (0x00000000ee98ad28) 
thrown [t:\workspace\open\src\hotspot\share\classfile\systemDictionary.cpp, line 256]
Event: 173.150 Thread 0x000002a9efb93f80 Exception <a 'java/lang/ClassNotFoundException'{0x00000000ee996b48}: org/gradle/api/DefaultTaskBeanInfo> (0x00000000ee996b48) 
thrown [t:\workspace\open\src\hotspot\share\classfile\systemDictionary.cpp, line 256]
Event: 173.151 Thread 0x000002a9efb93f80 Exception <a 'java/lang/ClassNotFoundException'{0x00000000ee9a2c60}: org/gradle/api/internal/AbstractTaskBeanInfo> (0x00000000ee9a2c60) 
thrown [t:\workspace\open\src\hotspot\share\classfile\systemDictionary.cpp, line 256]
Event: 173.152 Thread 0x000002a9efb93f80 Exception <a 'java/lang/ClassNotFoundException'{0x00000000ee9af040}: org/gradle/api/internal/AbstractTaskCustomizer> (0x00000000ee9af040) 
thrown [t:\workspace\open\src\hotspot\share\classfile\systemDictionary.cpp, line 256]
Event: 173.733 Thread 0x000002a9efb93f80 Exception <a 'java/lang/ClassNotFoundException'{0x00000000ee80dab0}: org/gradle/api/DefaultTaskCustomizer> (0x00000000ee80dab0) 
thrown [t:\workspace\open\src\hotspot\share\classfile\systemDictionary.cpp, line 256]
Event: 173.744 Thread 0x000002a9efb93f80 Exception <a 'java/lang/ClassNotFoundException'{0x00000000ee876148}: org/gradle/api/DefaultTask_DecoratedCustomizer> (0x00000000ee876148) 
thrown [t:\workspace\open\src\hotspot\share\classfile\systemDictionary.cpp, line 256]
Event: 182.102 Thread 0x000002a9f063edf0 Exception <a 'java/lang/NoSuchMethodError'{0x00000000ee5bf9c0}: 'java.lang.Object java.lang.invoke.DirectMethodHandle$Holder.newInvokeSpecial(java.lang.Object, java.lang.Object, int, java.lang.Object, java.lang.Object)'> (0x00000000ee5bf9c0) 
thrown [t:\workspace\open\src\hotspot\share\interpreter\linkResolver.cpp, line 766]
Event: 186.509 Thread 0x000002a9f063edf0 Exception <a 'java/lang/ClassNotFoundException'{0x00000000edffcd80}: java/util/ArrayListBeanInfo> (0x00000000edffcd80) 
thrown [t:\workspace\open\src\hotspot\share\classfile\systemDictionary.cpp, line 256]
Event: 186.512 Thread 0x000002a9f063edf0 Exception <a 'java/lang/ClassNotFoundException'{0x00000000ede038f8}: java/util/AbstractListBeanInfo> (0x00000000ede038f8) 
thrown [t:\workspace\open\src\hotspot\share\classfile\systemDictionary.cpp, line 256]
Event: 186.635 Thread 0x000002a9f063edf0 Exception <a 'java/lang/ClassNotFoundException'{0x00000000ede0a1a8}: java/util/AbstractListCustomizer> (0x00000000ede0a1a8) 
thrown [t:\workspace\open\src\hotspot\share\classfile\systemDictionary.cpp, line 256]
Event: 186.806 Thread 0x000002a9f063edf0 Exception <a 'java/lang/ClassNotFoundException'{0x00000000ede1b730}: java/util/ArrayListCustomizer> (0x00000000ede1b730) 
thrown [t:\workspace\open\src\hotspot\share\classfile\systemDictionary.cpp, line 256]

VM Operations (20 events):
Event: 175.145 Executing VM operation: Cleanup
Event: 175.235 Executing VM operation: Cleanup done
Event: 176.240 Executing VM operation: Cleanup
Event: 176.240 Executing VM operation: Cleanup done
Event: 179.269 Executing VM operation: Cleanup
Event: 179.728 Executing VM operation: Cleanup done
Event: 180.743 Executing VM operation: Cleanup
Event: 182.028 Executing VM operation: Cleanup done
Event: 183.032 Executing VM operation: Cleanup
Event: 183.202 Executing VM operation: Cleanup done
Event: 184.212 Executing VM operation: Cleanup
Event: 184.227 Executing VM operation: Cleanup done
Event: 185.172 Executing VM operation: HandshakeAllThreads
Event: 185.172 Executing VM operation: HandshakeAllThreads done
Event: 186.089 Executing VM operation: HandshakeAllThreads
Event: 186.089 Executing VM operation: HandshakeAllThreads done
Event: 186.089 Executing VM operation: Cleanup
Event: 186.090 Executing VM operation: Cleanup done
Event: 186.436 Executing VM operation: HandshakeAllThreads
Event: 186.436 Executing VM operation: HandshakeAllThreads done

Events (20 events):
Event: 182.128 Thread 0x000002a9f063e450 Thread added: 0x000002a9f063e450
Event: 183.675 Thread 0x000002a9f063e920 Thread added: 0x000002a9f063e920
Event: 186.501 loading class java/util/ArrayListBeanInfo
Event: 186.501 loading class java/util/ArrayListBeanInfo done
Event: 186.509 loading class java/util/ArrayListBeanInfo
Event: 186.509 loading class java/util/ArrayListBeanInfo done
Event: 186.509 loading class java/util/AbstractListBeanInfo
Event: 186.510 loading class java/util/AbstractListBeanInfo done
Event: 186.512 loading class java/util/AbstractListBeanInfo
Event: 186.512 loading class java/util/AbstractListBeanInfo done
Event: 186.514 loading class java/util/AbstractListCustomizer
Event: 186.514 loading class java/util/AbstractListCustomizer done
Event: 186.515 loading class java/util/AbstractListCustomizer
Event: 186.515 loading class java/util/AbstractListCustomizer done
Event: 186.802 loading class java/util/ArrayListCustomizer
Event: 186.802 loading class java/util/ArrayListCustomizer done
Event: 186.806 loading class java/util/ArrayListCustomizer
Event: 186.806 loading class java/util/ArrayListCustomizer done
Event: 186.932 loading class java/util/Stack
Event: 186.936 loading class java/util/Stack done


Dynamic libraries:
0x00007ff7dc420000 - 0x00007ff7dc430000 	C:\Program Files\Java\jdk-17.0.1\bin\java.exe
0x00007ffdc62a0000 - 0x00007ffdc6506000 	C:\WINDOWS\SYSTEM32\ntdll.dll
0x00007ffdc5c80000 - 0x00007ffdc5d49000 	C:\WINDOWS\System32\KERNEL32.DLL
0x00007ffdc3bc0000 - 0x00007ffdc3fc0000 	C:\WINDOWS\System32\KERNELBASE.dll
0x00007ffdbee70000 - 0x00007ffdbef10000 	C:\WINDOWS\SYSTEM32\apphelp.dll
0x00007ffdc36e0000 - 0x00007ffdc382c000 	C:\WINDOWS\System32\ucrtbase.dll
0x00007ffdb3690000 - 0x00007ffdb36a8000 	C:\Program Files\Java\jdk-17.0.1\bin\jli.dll
0x00007ffdc59f0000 - 0x00007ffdc5aa7000 	C:\WINDOWS\System32\ADVAPI32.dll
0x00007ffdc42e0000 - 0x00007ffdc4389000 	C:\WINDOWS\System32\msvcrt.dll
0x00007ffdc3fd0000 - 0x00007ffdc407a000 	C:\WINDOWS\System32\sechost.dll
0x00007ffdc5360000 - 0x00007ffdc5478000 	C:\WINDOWS\System32\RPCRT4.dll
0x00007ffdc5ab0000 - 0x00007ffdc5c77000 	C:\WINDOWS\System32\USER32.dll
0x00007ffdc35f0000 - 0x00007ffdc3617000 	C:\WINDOWS\System32\win32u.dll
0x00007ffdc5df0000 - 0x00007ffdc5e1b000 	C:\WINDOWS\System32\GDI32.dll
0x00007ffdc34c0000 - 0x00007ffdc35e9000 	C:\WINDOWS\System32\gdi32full.dll
0x00007ffdc3840000 - 0x00007ffdc38e3000 	C:\WINDOWS\System32\msvcp_win.dll
0x00007ffdb3650000 - 0x00007ffdb366a000 	C:\Program Files\Java\jdk-17.0.1\bin\VCRUNTIME140.dll
0x00007ffda40d0000 - 0x00007ffda4362000 	C:\WINDOWS\WinSxS\amd64_microsoft.windows.common-controls_6595b64144ccf1df_6.0.26100.8737_none_3e092eaee333b772\COMCTL32.dll
0x00007ffdb4fe0000 - 0x00007ffdb4feb000 	C:\WINDOWS\SYSTEM32\VERSION.dll
0x00007ffdc5920000 - 0x00007ffdc5952000 	C:\WINDOWS\System32\IMM32.DLL
0x00007ffdb3920000 - 0x00007ffdb392c000 	C:\Program Files\Java\jdk-17.0.1\bin\vcruntime140_1.dll
0x00007ffd80f30000 - 0x00007ffd80fbd000 	C:\Program Files\Java\jdk-17.0.1\bin\msvcp140.dll
0x00007ffd49030000 - 0x00007ffd49bee000 	C:\Program Files\Java\jdk-17.0.1\bin\server\jvm.dll
0x00007ffdc5de0000 - 0x00007ffdc5de8000 	C:\WINDOWS\System32\PSAPI.DLL
0x00007ffdb36e0000 - 0x00007ffdb36ea000 	C:\WINDOWS\SYSTEM32\WSOCK32.dll
0x00007ffdc4390000 - 0x00007ffdc4410000 	C:\WINDOWS\System32\WS2_32.dll
0x00007ffda7b30000 - 0x00007ffda7b66000 	C:\WINDOWS\SYSTEM32\WINMM.dll
0x00007ffdc21a0000 - 0x00007ffdc21bb000 	C:\WINDOWS\SYSTEM32\kernel.appcore.dll
0x00007ffdb3640000 - 0x00007ffdb364a000 	C:\Program Files\Java\jdk-17.0.1\bin\jimage.dll
0x00007ffdc0c10000 - 0x00007ffdc0e52000 	C:\WINDOWS\SYSTEM32\DBGHELP.DLL
0x00007ffdc4e70000 - 0x00007ffdc51f3000 	C:\WINDOWS\System32\combase.dll
0x00007ffdc4d90000 - 0x00007ffdc4e69000 	C:\WINDOWS\System32\OLEAUT32.dll
0x00007ffda47e0000 - 0x00007ffda481b000 	C:\WINDOWS\SYSTEM32\dbgcore.DLL
0x00007ffdc3620000 - 0x00007ffdc36cc000 	C:\WINDOWS\System32\bcryptPrimitives.dll
0x00007ffdb3630000 - 0x00007ffdb363e000 	C:\Program Files\Java\jdk-17.0.1\bin\instrument.dll
0x00007ffd99330000 - 0x00007ffd99355000 	C:\Program Files\Java\jdk-17.0.1\bin\java.dll
0x00007ffd7d9f0000 - 0x00007ffd7dac6000 	C:\Program Files\Java\jdk-17.0.1\bin\svml.dll
0x00007ffdc4420000 - 0x00007ffdc4bb2000 	C:\WINDOWS\System32\SHELL32.dll
0x00007ffdc0f50000 - 0x00007ffdc17e2000 	C:\WINDOWS\SYSTEM32\windows.storage.dll
0x00007ffdc5260000 - 0x00007ffdc5357000 	C:\WINDOWS\System32\SHCORE.dll
0x00007ffdc5d70000 - 0x00007ffdc5dd7000 	C:\WINDOWS\System32\shlwapi.dll
0x00007ffdc33e0000 - 0x00007ffdc3409000 	C:\WINDOWS\SYSTEM32\profapi.dll
0x00007ffd96e20000 - 0x00007ffd96e38000 	C:\Program Files\Java\jdk-17.0.1\bin\zip.dll
0x00007ffd96c20000 - 0x00007ffd96c39000 	C:\Program Files\Java\jdk-17.0.1\bin\net.dll
0x00007ffdab3c0000 - 0x00007ffdab4e9000 	C:\WINDOWS\SYSTEM32\WINHTTP.dll
0x00007ffdc2750000 - 0x00007ffdc27bc000 	C:\WINDOWS\system32\mswsock.dll
0x00007ffd95ae0000 - 0x00007ffd95af5000 	C:\Program Files\Java\jdk-17.0.1\bin\nio.dll
0x00007ffda8ae0000 - 0x00007ffda8af0000 	C:\Program Files\Java\jdk-17.0.1\bin\verify.dll
0x00007ffd96bf0000 - 0x00007ffd96c17000 	C:\Users\becal\.gradle\native\1def1411415f61bf3af743bc5b6707747c0891f09f0c88961ee8f79bc544acac\windows-amd64\native-platform.dll
0x00007ffd896c0000 - 0x00007ffd89738000 	C:\Users\becal\.gradle\native\0.2.6\x86_64-windows-gnu\gradle-fileevents.dll
0x00007ffda7bb0000 - 0x00007ffda7bb9000 	C:\Program Files\Java\jdk-17.0.1\bin\management.dll
0x00007ffda4080000 - 0x00007ffda408b000 	C:\Program Files\Java\jdk-17.0.1\bin\management_ext.dll
0x00007ffdc1c70000 - 0x00007ffdc1ca3000 	C:\WINDOWS\SYSTEM32\IPHLPAPI.DLL
0x00007ffdc5480000 - 0x00007ffdc548a000 	C:\WINDOWS\System32\NSI.dll
0x00007ffdab390000 - 0x00007ffdab3ad000 	C:\WINDOWS\SYSTEM32\dhcpcsvc6.DLL
0x00007ffdab360000 - 0x00007ffdab385000 	C:\WINDOWS\SYSTEM32\dhcpcsvc.DLL
0x00007ffdc1cc0000 - 0x00007ffdc1e15000 	C:\WINDOWS\SYSTEM32\DNSAPI.dll
0x00007ffdc2530000 - 0x00007ffdc253d000 	C:\WINDOWS\SYSTEM32\DSPARSE.dll
0x00007ffdc2a50000 - 0x00007ffdc2a6b000 	C:\WINDOWS\SYSTEM32\CRYPTSP.dll
0x00007ffdc2100000 - 0x00007ffdc2139000 	C:\WINDOWS\system32\rsaenh.dll
0x00007ffdc2810000 - 0x00007ffdc2842000 	C:\WINDOWS\SYSTEM32\USERENV.dll
0x00007ffdc33b0000 - 0x00007ffdc33da000 	C:\WINDOWS\SYSTEM32\bcrypt.dll
0x00007ffdc2a70000 - 0x00007ffdc2a7c000 	C:\WINDOWS\SYSTEM32\CRYPTBASE.dll
0x00007ffdabe90000 - 0x00007ffdabe9e000 	C:\Program Files\Java\jdk-17.0.1\bin\sunmscapi.dll
0x00007ffdc38f0000 - 0x00007ffdc3a68000 	C:\WINDOWS\System32\CRYPT32.dll
0x00007ffdc2c90000 - 0x00007ffdc2cc0000 	C:\WINDOWS\SYSTEM32\ncrypt.dll
0x00007ffdc2c40000 - 0x00007ffdc2c7f000 	C:\WINDOWS\SYSTEM32\NTASN1.dll
0x00007ffdbea30000 - 0x00007ffdbea38000 	C:\WINDOWS\system32\wshunix.dll

dbghelp: loaded successfully - version: 4.0.5 - missing functions: none
symbol engine: initialized successfully - sym options: 0x614 - pdb path: .;C:\Program Files\Java\jdk-17.0.1\bin;C:\WINDOWS\SYSTEM32;C:\WINDOWS\WinSxS\amd64_microsoft.windows.common-controls_6595b64144ccf1df_6.0.26100.8737_none_3e092eaee333b772;C:\Program Files\Java\jdk-17.0.1\bin\server;C:\Users\becal\.gradle\native\1def1411415f61bf3af743bc5b6707747c0891f09f0c88961ee8f79bc544acac\windows-amd64;C:\Users\becal\.gradle\native\0.2.6\x86_64-windows-gnu

VM Arguments:
jvm_args: --add-opens=java.base/java.lang=ALL-UNNAMED --add-opens=java.base/java.lang.invoke=ALL-UNNAMED --add-opens=java.base/java.util=ALL-UNNAMED --add-opens=java.prefs/java.util.prefs=ALL-UNNAMED --add-exports=jdk.compiler/com.sun.tools.javac.api=ALL-UNNAMED --add-exports=jdk.compiler/com.sun.tools.javac.util=ALL-UNNAMED --add-opens=java.base/java.util=ALL-UNNAMED --add-opens=java.prefs/java.util.prefs=ALL-UNNAMED --add-opens=java.base/java.nio.charset=ALL-UNNAMED --add-opens=java.base/java.net=ALL-UNNAMED --add-opens=java.base/java.util.concurrent.atomic=ALL-UNNAMED --add-opens=java.xml/javax.xml.namespace=ALL-UNNAMED -XX:MaxMetaspaceSize=384m -XX:+HeapDumpOnOutOfMemoryError -Xms256m -Xmx512m -Dfile.encoding=UTF-8 -Duser.country=BR -Duser.language=pt -Duser.variant -javaagent:C:\Users\becal\.gradle\wrapper\dists\gradle-8.12.1-bin\eumc4uhoysa37zql93vfjkxy0\gradle-8.12.1\lib\agents\gradle-instrumentation-agent-8.12.1.jar 
java_command: org.gradle.launcher.daemon.bootstrap.GradleDaemon 8.12.1
java_class_path (initial): C:\Users\becal\.gradle\wrapper\dists\gradle-8.12.1-bin\eumc4uhoysa37zql93vfjkxy0\gradle-8.12.1\lib\gradle-daemon-main-8.12.1.jar
Launcher Type: SUN_STANDARD

[Global flags]
     intx CICompilerCount                          = 2                                         {product} {ergonomic}
   size_t CompressedClassSpaceSize                 = 322961408                                 {product} {ergonomic}
     uint ConcGCThreads                            = 1                                         {product} {ergonomic}
     uint G1ConcRefinementThreads                  = 2                                         {product} {ergonomic}
   size_t G1HeapRegionSize                         = 1048576                                   {product} {ergonomic}
    uintx GCDrainStackTargetSize                   = 64                                        {product} {ergonomic}
     bool HeapDumpOnOutOfMemoryError               = true                                   {manageable} {command line}
   size_t InitialHeapSize                          = 268435456                                 {product} {command line}
   size_t MarkStackSize                            = 4194304                                   {product} {ergonomic}
   size_t MaxHeapSize                              = 536870912                                 {product} {command line}
   size_t MaxMetaspaceSize                         = 402653184                                 {product} {command line}
   size_t MaxNewSize                               = 321912832                                 {product} {ergonomic}
   size_t MinHeapDeltaBytes                        = 1048576                                   {product} {ergonomic}
   size_t MinHeapSize                              = 268435456                                 {product} {command line}
    uintx NonNMethodCodeHeapSize                   = 5826188                                {pd product} {ergonomic}
    uintx NonProfiledCodeHeapSize                  = 122916026                              {pd product} {ergonomic}
    uintx ProfiledCodeHeapSize                     = 122916026                              {pd product} {ergonomic}
    uintx ReservedCodeCacheSize                    = 251658240                              {pd product} {ergonomic}
     bool SegmentedCodeCache                       = true                                      {product} {ergonomic}
   size_t SoftMaxHeapSize                          = 536870912                              {manageable} {ergonomic}
     bool UseCompressedClassPointers               = true                           {product lp64_product} {ergonomic}
     bool UseCompressedOops                        = true                           {product lp64_product} {ergonomic}
     bool UseG1GC                                  = true                                      {product} {ergonomic}
     bool UseLargePagesIndividualAllocation        = false                                  {pd product} {ergonomic}

Logging:
Log output configuration:
 #0: stdout all=warning uptime,level,tags
 #1: stderr all=off uptime,level,tags

Environment Variables:
JAVA_HOME=C:\Program Files\Java\jdk-17.0.1
PATH=C:\Program Files\PostgreSQL\17\bin;C:\Program Files\PowerShell\7\;C:\Program Files\MySQL\MySQL Shell 8.0\bin\;C:\Users\becal\AppData\Local\Microsoft\WindowsApps;C:\Users\becal\AppData\Local\Programs\Microsoft VS Code\bin;C:\Program Files\MongoDB\Server\7.0\bin;C:\Users\becal\OneDrive\Documentos\maven\apache-maven-3.9.8\bin;C:\Program Files\MySQL\MySQL Server 8.0\bin;C:\Users\becal\go\bin
USERNAME=becal
OS=Windows_NT
PROCESSOR_IDENTIFIER=Intel64 Family 6 Model 122 Stepping 8, GenuineIntel



---------------  S Y S T E M  ---------------

OS:
 Windows 10 , 64 bit Build 26100 (10.0.26100.8737)
OS uptime: 4 days 22:58 hours
Hyper-V role detected

CPU: total 2 (initial active 2) (2 cores per cpu, 1 threads per core) family 6 model 122 stepping 8 microcode 0x20, cx8, cmov, fxsr, mmx, 3dnowpref, sse, sse2, sse3, ssse3, sse4.1, sse4.2, popcnt, tsc, tscinvbit, aes, erms, clmul, sha, clflush, clflushopt, hv

Memory: 4k page, system-wide physical 3737M (59M free)
TotalPageFile size 15001M (AvailPageFile size 0M)
current process WorkingSet (physical memory assigned to process): 120M, peak: 255M
current process commit charge ("private bytes"): 447M, peak: 467M

vm_info: Java HotSpot(TM) 64-Bit Server VM (17.0.1+12-LTS-39) for windows-amd64 JRE (17.0.1+12-LTS-39), built on Sep 27 2021 18:41:35 by "mach5one" with MS VC++ 16.8 (VS2019)

END.
