#
# There is insufficient memory for the Java Runtime Environment to continue.
# Native memory allocation (malloc) failed to allocate 762096 bytes. Error detail: Chunk::new
# Possible reasons:
#   The system is out of physical RAM or swap space
#   This process is running with CompressedOops enabled, and the Java Heap may be blocking the growth of the native heap
# Possible solutions:
#   Reduce memory load on the system
#   Increase physical memory or swap space
#   Check if swap backing store is full
#   Decrease Java heap size (-Xmx/-Xms)
#   Decrease number of Java threads
#   Decrease Java thread stack sizes (-Xss)
#   Set larger code cache with -XX:ReservedCodeCacheSize=
#   JVM is running with Unscaled Compressed Oops mode in which the Java heap is
#     placed in the first 4GB address space. The Java Heap base address is the
#     maximum limit for the native heap growth. Please use -XX:HeapBaseMinAddress
#     to set the Java Heap base and to place the Java Heap above 4GB virtual address.
# This output file may be truncated or incomplete.
#
#  Out of Memory Error (arena.cpp:168), pid=4840, tid=20636
#
# JRE version: OpenJDK Runtime Environment Temurin-21.0.11+10 (21.0.11+10) (build 21.0.11+10-LTS)
# Java VM: OpenJDK 64-Bit Server VM Temurin-21.0.11+10 (21.0.11+10-LTS, mixed mode, sharing, tiered, compressed oops, compressed class ptrs, parallel gc, windows-amd64)
# No core dump will be written. Minidumps are not enabled by default on client versions of Windows
#

---------------  S U M M A R Y ------------

Command Line: --add-modules=ALL-SYSTEM --add-opens=java.base/java.util=ALL-UNNAMED --add-opens=java.base/java.lang=ALL-UNNAMED --add-opens=java.base/sun.nio.fs=ALL-UNNAMED -Declipse.application=org.eclipse.jdt.ls.core.id1 -Dosgi.bundles.defaultStartLevel=4 -Declipse.product=org.eclipse.jdt.ls.core.product -Djava.import.generatesMetadataFilesAtProjectRoot=false -DDetectVMInstallationsJob.disabled=true -Dfile.encoding=utf8 -XX:+UseParallelGC -XX:GCTimeRatio=4 -XX:AdaptiveSizePolicyWeight=90 -Dsun.zip.disableMemoryMapping=true -Xmx2G -Xms100m -Xlog:disable -javaagent:c:\Users\becal\.vscode\extensions\redhat.java-1.55.0-win32-x64\lombok\lombok-1.18.39-4050.jar -XX:+HeapDumpOnOutOfMemoryError -XX:HeapDumpPath=c:\Users\becal\AppData\Roaming\Code\User\workspaceStorage\fb9888045959518d4bcb1aa14a46c6ce\redhat.java -Daether.dependencyCollector.impl=bf c:\Users\becal\.vscode\extensions\redhat.java-1.55.0-win32-x64\server\plugins\org.eclipse.equinox.launcher_1.7.200.v20260619-2039.jar -configuration c:\Users\becal\AppData\Roaming\Code\User\globalStorage\redhat.java\1.55.0\config_win -data c:\Users\becal\AppData\Roaming\Code\User\workspaceStorage\fb9888045959518d4bcb1aa14a46c6ce\redhat.java\jdt_ws --pipe=\\.\pipe\lsp-b99e25b484fcf476c95336b1cf472990-sock

Host: Intel(R) Celeron(R) N4020 CPU @ 1.10GHz, 2 cores, 3G,  Windows 11 , 64 bit Build 26100 (10.0.26100.8737)
Time: Wed Aug 19 19:29:46 2026 Hora oficial do Brasil elapsed time: 2596.655162 seconds (0d 0h 43m 16s)

---------------  T H R E A D  ---------------

Current thread (0x0000024acfd72290):  JavaThread "C2 CompilerThread0" daemon [_thread_in_native, id=20636, stack(0x0000006e0b800000,0x0000006e0b900000) (1024K)]


Current CompileTask:
C2:2596657 14364       4       org.eclipse.jdt.internal.compiler.lookup.BinaryTypeBinding::createMethod (1666 bytes)

Stack: [0x0000006e0b800000,0x0000006e0b900000]
Native frames: (J=compiled Java code, j=interpreted, Vv=VM code, C=native code)
V  [jvm.dll+0x6d7e19]
V  [jvm.dll+0x8b5096]
V  [jvm.dll+0x8b764e]
V  [jvm.dll+0x8b7d33]
V  [jvm.dll+0x284596]
V  [jvm.dll+0xc685d]
V  [jvm.dll+0xc6da1]
V  [jvm.dll+0x2fb4ee]
V  [jvm.dll+0x5fe9a4]
V  [jvm.dll+0x255d67]
V  [jvm.dll+0x25612d]
V  [jvm.dll+0x24e6a0]
V  [jvm.dll+0x24bbe6]
V  [jvm.dll+0x1cb4ae]
V  [jvm.dll+0x25baad]
V  [jvm.dll+0x25a03a]
V  [jvm.dll+0x3f868e]
V  [jvm.dll+0x85fb0d]
V  [jvm.dll+0x6d664d]
C  [ucrtbase.dll+0x2cd30]
C  [KERNEL32.DLL+0x2e957]
C  [ntdll.dll+0xaad6c]


---------------  P R O C E S S  ---------------

Threads class SMR info:
_java_thread_list=0x0000024b2326bda0, length=39, elements={
0x0000024ab730afa0, 0x0000024ab74cd110, 0x0000024acfd5f8b0, 0x0000024acfd653a0,
0x0000024acfd65e00, 0x0000024acfd6ea90, 0x0000024acfd71500, 0x0000024acfd72290,
0x0000024acfde1e10, 0x0000024b1169ded0, 0x0000024b11797b70, 0x0000024b1162ab30,
0x0000024b16218950, 0x0000024b161471b0, 0x0000024b16147bf0, 0x0000024b162951c0,
0x0000024b1188d1c0, 0x0000024b161ee780, 0x0000024b16627c60, 0x0000024b16628980,
0x0000024b16629010, 0x0000024b18747cb0, 0x0000024b18746f90, 0x0000024b18749d80,
0x0000024b18746900, 0x0000024b1874a410, 0x0000024b18748340, 0x0000024b1874aaa0,
0x0000024b23b62d90, 0x0000024b23b63420, 0x0000024b23b62700, 0x0000024b23b60cc0,
0x0000024b23b64140, 0x0000024b23b647d0, 0x0000024b23b61350, 0x0000024b23b682e0,
0x0000024b23b65b80, 0x0000024b23b64e60, 0x0000024b23b619e0
}

Java Threads: ( => current thread )
  0x0000024ab730afa0 JavaThread "main"                              [_thread_blocked, id=14288, stack(0x0000006e0ae00000,0x0000006e0af00000) (1024K)]
  0x0000024ab74cd110 JavaThread "Reference Handler"          daemon [_thread_blocked, id=13624, stack(0x0000006e0b200000,0x0000006e0b300000) (1024K)]
  0x0000024acfd5f8b0 JavaThread "Finalizer"                  daemon [_thread_blocked, id=2960, stack(0x0000006e0b300000,0x0000006e0b400000) (1024K)]
  0x0000024acfd653a0 JavaThread "Signal Dispatcher"          daemon [_thread_blocked, id=11160, stack(0x0000006e0b400000,0x0000006e0b500000) (1024K)]
  0x0000024acfd65e00 JavaThread "Attach Listener"            daemon [_thread_blocked, id=13652, stack(0x0000006e0b500000,0x0000006e0b600000) (1024K)]
  0x0000024acfd6ea90 JavaThread "Service Thread"             daemon [_thread_blocked, id=8064, stack(0x0000006e0b600000,0x0000006e0b700000) (1024K)]
  0x0000024acfd71500 JavaThread "Monitor Deflation Thread"   daemon [_thread_blocked, id=9804, stack(0x0000006e0b700000,0x0000006e0b800000) (1024K)]
=>0x0000024acfd72290 JavaThread "C2 CompilerThread0"         daemon [_thread_in_native, id=20636, stack(0x0000006e0b800000,0x0000006e0b900000) (1024K)]
  0x0000024acfde1e10 JavaThread "C1 CompilerThread0"         daemon [_thread_blocked, id=8528, stack(0x0000006e0b900000,0x0000006e0ba00000) (1024K)]
  0x0000024b1169ded0 JavaThread "Common-Cleaner"             daemon [_thread_blocked, id=17208, stack(0x0000006e0ba00000,0x0000006e0bb00000) (1024K)]
  0x0000024b11797b70 JavaThread "Notification Thread"        daemon [_thread_blocked, id=19460, stack(0x0000006e0bb00000,0x0000006e0bc00000) (1024K)]
  0x0000024b1162ab30 JavaThread "Active Thread: Equinox Container: 9b242b00-d1e6-4310-a269-42dc63687b07"        [_thread_blocked, id=5928, stack(0x0000006e0bd00000,0x0000006e0be00000) (1024K)]
  0x0000024b16218950 JavaThread "Refresh Thread: Equinox Container: 9b242b00-d1e6-4310-a269-42dc63687b07" daemon [_thread_blocked, id=9480, stack(0x0000006e0be00000,0x0000006e0bf00000) (1024K)]
  0x0000024b161471b0 JavaThread "Framework Event Dispatcher: Equinox Container: 9b242b00-d1e6-4310-a269-42dc63687b07" daemon [_thread_blocked, id=10468, stack(0x0000006e0bf00000,0x0000006e0c000000) (1024K)]
  0x0000024b16147bf0 JavaThread "Start Level: Equinox Container: 9b242b00-d1e6-4310-a269-42dc63687b07" daemon [_thread_blocked, id=11684, stack(0x0000006e0c000000,0x0000006e0c100000) (1024K)]
  0x0000024b162951c0 JavaThread "Bundle File Closer"         daemon [_thread_blocked, id=17968, stack(0x0000006e0ad00000,0x0000006e0ae00000) (1024K)]
  0x0000024b1188d1c0 JavaThread "SCR Component Actor"        daemon [_thread_blocked, id=12524, stack(0x0000006e0c100000,0x0000006e0c200000) (1024K)]
  0x0000024b161ee780 JavaThread "Worker-JM"                         [_thread_blocked, id=17660, stack(0x0000006e0c200000,0x0000006e0c300000) (1024K)]
  0x0000024b16627c60 JavaThread "JNA Cleaner"                daemon [_thread_blocked, id=5320, stack(0x0000006e0c300000,0x0000006e0c400000) (1024K)]
  0x0000024b16628980 JavaThread "Java indexing"              daemon [_thread_blocked, id=10448, stack(0x0000006e0c800000,0x0000006e0c900000) (1024K)]
  0x0000024b16629010 JavaThread "Worker-4"                          [_thread_blocked, id=14256, stack(0x0000006e0cb00000,0x0000006e0cc00000) (1024K)]
  0x0000024b18747cb0 JavaThread "Worker-5"                          [_thread_blocked, id=20040, stack(0x0000006e0cc00000,0x0000006e0cd00000) (1024K)]
  0x0000024b18746f90 JavaThread "Thread-1"                   daemon [_thread_in_native, id=16792, stack(0x0000006e0cd00000,0x0000006e0ce00000) (1024K)]
  0x0000024b18749d80 JavaThread "Thread-2"                   daemon [_thread_in_native, id=1140, stack(0x0000006e0ce00000,0x0000006e0cf00000) (1024K)]
  0x0000024b18746900 JavaThread "Thread-3"                   daemon [_thread_in_native, id=21328, stack(0x0000006e0cf00000,0x0000006e0d000000) (1024K)]
  0x0000024b1874a410 JavaThread "pool-2-thread-1"                   [_thread_blocked, id=17176, stack(0x0000006e0d000000,0x0000006e0d100000) (1024K)]
  0x0000024b18748340 JavaThread "WorkspaceEventsHandler"            [_thread_blocked, id=14096, stack(0x0000006e0d100000,0x0000006e0d200000) (1024K)]
  0x0000024b1874aaa0 JavaThread "pool-1-thread-1"                   [_thread_blocked, id=15812, stack(0x0000006e0d200000,0x0000006e0d300000) (1024K)]
  0x0000024b23b62d90 JavaThread "Cleaner-0"                  daemon [_thread_blocked, id=15644, stack(0x0000006e0c900000,0x0000006e0ca00000) (1024K)]
  0x0000024b23b63420 JavaThread "Java Debug Server"                 [_thread_in_native, id=15836, stack(0x0000006e0c500000,0x0000006e0c600000) (1024K)]
  0x0000024b23b62700 JavaThread "pool-4-thread-1"                   [_thread_in_native, id=2496, stack(0x0000006e0ac00000,0x0000006e0ad00000) (1024K)]
  0x0000024b23b60cc0 JavaThread "RxSchedulerPurge-1"         daemon [_thread_blocked, id=14332, stack(0x0000006e0c600000,0x0000006e0c700000) (1024K)]
  0x0000024b23b64140 JavaThread "RxCachedWorkerPoolEvictor-1" daemon [_thread_blocked, id=1412, stack(0x0000006e0c700000,0x0000006e0c800000) (1024K)]
  0x0000024b23b647d0 JavaThread "RxNewThreadScheduler-1"     daemon [_thread_blocked, id=17520, stack(0x0000006e0ca00000,0x0000006e0cb00000) (1024K)]
  0x0000024b23b61350 JavaThread "pool-4-thread-2"                   [_thread_in_native, id=21068, stack(0x0000006e0d700000,0x0000006e0d800000) (1024K)]
  0x0000024b23b682e0 JavaThread "RxNewThreadScheduler-3"     daemon [_thread_blocked, id=20640, stack(0x0000006e0d600000,0x0000006e0d700000) (1024K)]
  0x0000024b23b65b80 JavaThread "process reaper (pid 10372)" daemon [_thread_in_native, id=20296, stack(0x0000006e0a980000,0x0000006e0a9a0000) (128K)]
  0x0000024b23b64e60 JavaThread "Thread-118"                        [_thread_blocked, id=22196, stack(0x0000006e0c400000,0x0000006e0c500000) (1024K)]
  0x0000024b23b619e0 JavaThread "Thread-119"                        [_thread_in_Java, id=8152, stack(0x0000006e0d300000,0x0000006e0d400000) (1024K)]
Total: 39

Other Threads:
  0x0000024acfd5d830 VMThread "VM Thread"                           [id=13484, stack(0x0000006e0b100000,0x0000006e0b200000) (1024K)]
  0x0000024acfd3cb00 WatcherThread "VM Periodic Task Thread"        [id=14404, stack(0x0000006e0b000000,0x0000006e0b100000) (1024K)]
  0x0000024ab7433f40 WorkerThread "GC Thread#0"                     [id=6348, stack(0x0000006e0af00000,0x0000006e0b000000) (1024K)]
  0x0000024b161fa6d0 WorkerThread "GC Thread#1"                     [id=17664, stack(0x0000006e0bc00000,0x0000006e0bd00000) (1024K)]
Total: 4

Threads with active compile tasks:
C2 CompilerThread0  2596821 14364       4       org.eclipse.jdt.internal.compiler.lookup.BinaryTypeBinding::createMethod (1666 bytes)
Total: 1

VM state: not at safepoint (normal execution)

VM Mutex/Monitor currently owned by a thread: None

Heap address: 0x0000000080000000, size: 2048 MB, Compressed Oops mode: 32-bit

CDS archive(s) mapped at: [0x0000024ad0000000-0x0000024ad0ba0000-0x0000024ad0ba0000), size 12189696, SharedBaseAddress: 0x0000024ad0000000, ArchiveRelocationMode: 1.
Compressed class space mapped at: 0x0000024ad1000000-0x0000024b11000000, reserved size: 1073741824
Narrow klass base: 0x0000024ad0000000, Narrow klass shift: 0, Narrow klass range: 0x100000000

GC Precious Log:
 CardTable entry size: 512
 CPUs: 2 total, 2 available
 Memory: 3737M
 Large Page Support: Disabled
 NUMA Support: Disabled
 Compressed Oops: Enabled (32-bit)
 Alignments: Space 512K, Generation 512K, Heap 2M
 Heap Min Capacity: 100M
 Heap Initial Capacity: 100M
 Heap Max Capacity: 2G
 Pre-touch: Disabled
 Parallel Workers: 2

Heap:
 PSYoungGen      total 13312K, used 6655K [0x00000000d5580000, 0x00000000d6a00000, 0x0000000100000000)
  eden space 12288K, 48% used [0x00000000d5580000,0x00000000d5b4a130,0x00000000d6180000)
  from space 1024K, 71% used [0x00000000d6900000,0x00000000d69b5c38,0x00000000d6a00000)
  to   space 1024K, 0% used [0x00000000d6800000,0x00000000d6800000,0x00000000d6900000)
 ParOldGen       total 130048K, used 129569K [0x0000000080000000, 0x0000000087f00000, 0x00000000d5580000)
  object space 130048K, 99% used [0x0000000080000000,0x0000000087e88530,0x0000000087f00000)
 Metaspace       used 91310K, committed 93120K, reserved 1179648K
  class space    used 10304K, committed 11072K, reserved 1048576K

Card table byte_map: [0x0000024acb1a0000,0x0000024acb5b0000] _byte_map_base: 0x0000024acada0000

Marking Bits: (ParMarkBitMap*) 0x00007ffb693a4460
 Begin Bits: [0x0000024acb860000, 0x0000024acd860000)
 End Bits:   [0x0000024acd860000, 0x0000024acf860000)

Polling page: 0x0000024ab72c0000

Metaspace:

Usage:
  Non-class:     79.11 MB used.
      Class:     10.06 MB used.
       Both:     89.17 MB used.

Virtual space:
  Non-class space:      128.00 MB reserved,      80.12 MB ( 63%) committed,  2 nodes.
      Class space:        1.00 GB reserved,      10.81 MB (  1%) committed,  1 nodes.
             Both:        1.12 GB reserved,      90.94 MB (  8%) committed. 

Chunk freelists:
   Non-Class:  15.12 MB
       Class:  5.08 MB
        Both:  20.21 MB

MaxMetaspaceSize: unlimited
CompressedClassSpaceSize: 1.00 GB
Initial GC threshold: 21.00 MB
Current GC threshold: 97.31 MB
CDS: on
 - commit_granule_bytes: 65536.
 - commit_granule_words: 8192.
 - virtual_space_node_default_size: 8388608.
 - enlarge_chunks_in_place: 1.
 - use_allocation_guard: 0.


Internal statistics:

num_allocs_failed_limit: 9.
num_arena_births: 1576.
num_arena_deaths: 16.
num_vsnodes_births: 3.
num_vsnodes_deaths: 0.
num_space_committed: 1455.
num_space_uncommitted: 0.
num_chunks_returned_to_freelist: 26.
num_chunks_taken_from_freelist: 5821.
num_chunk_merges: 15.
num_chunk_splits: 3559.
num_chunks_enlarged: 2005.
num_inconsistent_stats: 0.

CodeHeap 'non-profiled nmethods': size=120064Kb used=11825Kb max_used=11825Kb free=108238Kb
 bounds [0x0000024ac3a80000, 0x0000024ac4610000, 0x0000024acafc0000]
CodeHeap 'profiled nmethods': size=120000Kb used=31915Kb max_used=31915Kb free=88084Kb
 bounds [0x0000024abbfc0000, 0x0000024abdef0000, 0x0000024ac34f0000]
CodeHeap 'non-nmethods': size=5696Kb used=1520Kb max_used=1576Kb free=4175Kb
 bounds [0x0000024ac34f0000, 0x0000024ac3760000, 0x0000024ac3a80000]
CodeCache: size=245760Kb, used=45260Kb, max_used=45316Kb, free=200497Kb
 total_blobs=14363, nmethods=13507, adapters=759, full_count=0
Compilation: enabled, stopped_count=0, restarted_count=0

Compilation events (20 events):
Event: 2590.983 Thread 0x0000024acfd72290 nmethod 14360% 0x0000024ac45f2290 code [0x0000024ac45f2820, 0x0000024ac45f6e10]
Event: 2590.984 Thread 0x0000024acfd72290 14361       4       org.eclipse.jdt.internal.compiler.lookup.LookupEnvironment::getTypeFromTypeSignature (770 bytes)
Event: 2591.104 Thread 0x0000024acfde1e10 14363       3       org.eclipse.jdt.internal.compiler.ast.MarkerAnnotation::memberValuePairs (4 bytes)
Event: 2591.122 Thread 0x0000024acfde1e10 nmethod 14363 0x0000024abded8310 code [0x0000024abded84a0, 0x0000024abded85b8]
Event: 2592.921 Thread 0x0000024acfde1e10 14365   !   2       org.eclipse.jdt.internal.compiler.lookup.BinaryTypeBinding::cachePartsFrom2 (1809 bytes)
Event: 2593.099 Thread 0x0000024acfde1e10 nmethod 14365 0x0000024abded8690 code [0x0000024abded8ca0, 0x0000024abdedbe08]
Event: 2594.365 Thread 0x0000024acfde1e10 14366       2       org.eclipse.jdt.internal.compiler.lookup.LookupEnvironment::computePackageFrom (584 bytes)
Event: 2594.417 Thread 0x0000024acfde1e10 nmethod 14366 0x0000024abdedff10 code [0x0000024abdee0300, 0x0000024abdee1578]
Event: 2594.417 Thread 0x0000024acfde1e10 14370       2       org.eclipse.jdt.internal.compiler.lookup.BinaryTypeBinding::createTypeVariables (359 bytes)
Event: 2594.430 Thread 0x0000024acfde1e10 nmethod 14370 0x0000024abdee2190 code [0x0000024abdee2440, 0x0000024abdee2fe8]
Event: 2594.905 Thread 0x0000024acfde1e10 14371   !   3       org.eclipse.jdt.internal.compiler.lookup.BinaryTypeBinding::hasValueBasedTypeAnnotation (108 bytes)
Event: 2594.906 Thread 0x0000024acfde1e10 nmethod 14371 0x0000024abdee3790 code [0x0000024abdee3980, 0x0000024abdee3e68]
Event: 2596.105 Thread 0x0000024acfd72290 nmethod 14361 0x0000024ac45fa610 code [0x0000024ac45fb060, 0x0000024ac4605558]
Event: 2596.107 Thread 0x0000024acfd72290 14364       4       org.eclipse.jdt.internal.compiler.lookup.BinaryTypeBinding::createMethod (1666 bytes)
Event: 2596.355 Thread 0x0000024acfde1e10 14372       3       org.eclipse.jdt.internal.compiler.parser.TypeConverter::decodeType3 (599 bytes)
Event: 2596.400 Thread 0x0000024acfde1e10 nmethod 14372 0x0000024abdee4090 code [0x0000024abdee44c0, 0x0000024abdee7030]
Event: 2596.603 Thread 0x0000024acfde1e10 14373       3       org.eclipse.jdt.internal.compiler.parser.TypeConverter::decodeType2 (562 bytes)
Event: 2596.607 Thread 0x0000024acfde1e10 nmethod 14373 0x0000024abdee7e90 code [0x0000024abdee8180, 0x0000024abdee9368]
Event: 2596.607 Thread 0x0000024acfde1e10 14374       3       org.eclipse.jdt.internal.compiler.parser.TypeConverter::createTypeReference (21 bytes)
Event: 2596.608 Thread 0x0000024acfde1e10 nmethod 14374 0x0000024abdee9990 code [0x0000024abdee9b60, 0x0000024abdee9db8]

GC Heap History (20 events):
Event: 722.855 GC heap before
{Heap before GC invocations=106 (full 3):
 PSYoungGen      total 12800K, used 12642K [0x00000000d5580000, 0x00000000d6680000, 0x0000000100000000)
  eden space 12288K, 99% used [0x00000000d5580000,0x00000000d617c2f0,0x00000000d6180000)
  from space 512K, 72% used [0x00000000d6600000,0x00000000d665c5e8,0x00000000d6680000)
  to   space 1024K, 0% used [0x00000000d6480000,0x00000000d6480000,0x00000000d6580000)
 ParOldGen       total 117760K, used 117488K [0x0000000080000000, 0x0000000087300000, 0x00000000d5580000)
  object space 117760K, 99% used [0x0000000080000000,0x00000000872bc0d0,0x0000000087300000)
 Metaspace       used 86342K, committed 88000K, reserved 1179648K
  class space    used 9764K, committed 10496K, reserved 1048576K
}
Event: 722.870 GC heap after
{Heap after GC invocations=106 (full 3):
 PSYoungGen      total 13312K, used 320K [0x00000000d5580000, 0x00000000d6680000, 0x0000000100000000)
  eden space 12288K, 0% used [0x00000000d5580000,0x00000000d5580000,0x00000000d6180000)
  from space 1024K, 31% used [0x00000000d6480000,0x00000000d64d0000,0x00000000d6580000)
  to   space 512K, 0% used [0x00000000d6600000,0x00000000d6600000,0x00000000d6680000)
 ParOldGen       total 118272K, used 117807K [0x0000000080000000, 0x0000000087380000, 0x00000000d5580000)
  object space 118272K, 99% used [0x0000000080000000,0x000000008730bce0,0x0000000087380000)
 Metaspace       used 86342K, committed 88000K, reserved 1179648K
  class space    used 9764K, committed 10496K, reserved 1048576K
}
Event: 1679.596 GC heap before
{Heap before GC invocations=107 (full 3):
 PSYoungGen      total 13312K, used 12608K [0x00000000d5580000, 0x00000000d6680000, 0x0000000100000000)
  eden space 12288K, 100% used [0x00000000d5580000,0x00000000d6180000,0x00000000d6180000)
  from space 1024K, 31% used [0x00000000d6480000,0x00000000d64d0000,0x00000000d6580000)
  to   space 512K, 0% used [0x00000000d6600000,0x00000000d6600000,0x00000000d6680000)
 ParOldGen       total 118272K, used 117807K [0x0000000080000000, 0x0000000087380000, 0x00000000d5580000)
  object space 118272K, 99% used [0x0000000080000000,0x000000008730bce0,0x0000000087380000)
 Metaspace       used 86585K, committed 88256K, reserved 1179648K
  class space    used 9786K, committed 10496K, reserved 1048576K
}
Event: 1679.865 GC heap after
{Heap after GC invocations=107 (full 3):
 PSYoungGen      total 12800K, used 500K [0x00000000d5580000, 0x00000000d6680000, 0x0000000100000000)
  eden space 12288K, 0% used [0x00000000d5580000,0x00000000d5580000,0x00000000d6180000)
  from space 512K, 97% used [0x00000000d6600000,0x00000000d667d240,0x00000000d6680000)
  to   space 2560K, 0% used [0x00000000d6180000,0x00000000d6180000,0x00000000d6400000)
 ParOldGen       total 119296K, used 119175K [0x0000000080000000, 0x0000000087480000, 0x00000000d5580000)
  object space 119296K, 99% used [0x0000000080000000,0x0000000087461ce0,0x0000000087480000)
 Metaspace       used 86585K, committed 88256K, reserved 1179648K
  class space    used 9786K, committed 10496K, reserved 1048576K
}
Event: 1686.084 GC heap before
{Heap before GC invocations=108 (full 3):
 PSYoungGen      total 12800K, used 12788K [0x00000000d5580000, 0x00000000d6680000, 0x0000000100000000)
  eden space 12288K, 100% used [0x00000000d5580000,0x00000000d6180000,0x00000000d6180000)
  from space 512K, 97% used [0x00000000d6600000,0x00000000d667d240,0x00000000d6680000)
  to   space 2560K, 0% used [0x00000000d6180000,0x00000000d6180000,0x00000000d6400000)
 ParOldGen       total 119296K, used 119175K [0x0000000080000000, 0x0000000087480000, 0x00000000d5580000)
  object space 119296K, 99% used [0x0000000080000000,0x0000000087461ce0,0x0000000087480000)
 Metaspace       used 86826K, committed 88512K, reserved 1179648K
  class space    used 9786K, committed 10496K, reserved 1048576K
}
Event: 1686.118 GC heap after
{Heap after GC invocations=108 (full 3):
 PSYoungGen      total 14848K, used 2100K [0x00000000d5580000, 0x00000000d6680000, 0x0000000100000000)
  eden space 12288K, 0% used [0x00000000d5580000,0x00000000d5580000,0x00000000d6180000)
  from space 2560K, 82% used [0x00000000d6180000,0x00000000d638d240,0x00000000d6400000)
  to   space 2560K, 0% used [0x00000000d6400000,0x00000000d6400000,0x00000000d6680000)
 ParOldGen       total 119808K, used 119623K [0x0000000080000000, 0x0000000087500000, 0x00000000d5580000)
  object space 119808K, 99% used [0x0000000080000000,0x00000000874d1cb0,0x0000000087500000)
 Metaspace       used 86826K, committed 88512K, reserved 1179648K
  class space    used 9786K, committed 10496K, reserved 1048576K
}
Event: 1688.396 GC heap before
{Heap before GC invocations=109 (full 3):
 PSYoungGen      total 14848K, used 14388K [0x00000000d5580000, 0x00000000d6680000, 0x0000000100000000)
  eden space 12288K, 100% used [0x00000000d5580000,0x00000000d6180000,0x00000000d6180000)
  from space 2560K, 82% used [0x00000000d6180000,0x00000000d638d240,0x00000000d6400000)
  to   space 2560K, 0% used [0x00000000d6400000,0x00000000d6400000,0x00000000d6680000)
 ParOldGen       total 119808K, used 119623K [0x0000000080000000, 0x0000000087500000, 0x00000000d5580000)
  object space 119808K, 99% used [0x0000000080000000,0x00000000874d1cb0,0x0000000087500000)
 Metaspace       used 86938K, committed 88640K, reserved 1179648K
  class space    used 9786K, committed 10496K, reserved 1048576K
}
Event: 1688.410 GC heap after
{Heap after GC invocations=109 (full 3):
 PSYoungGen      total 12800K, used 507K [0x00000000d5580000, 0x00000000d6480000, 0x0000000100000000)
  eden space 12288K, 0% used [0x00000000d5580000,0x00000000d5580000,0x00000000d6180000)
  from space 512K, 99% used [0x00000000d6400000,0x00000000d647ed58,0x00000000d6480000)
  to   space 1536K, 0% used [0x00000000d6180000,0x00000000d6180000,0x00000000d6300000)
 ParOldGen       total 121856K, used 121418K [0x0000000080000000, 0x0000000087700000, 0x00000000d5580000)
  object space 121856K, 99% used [0x0000000080000000,0x0000000087692828,0x0000000087700000)
 Metaspace       used 86938K, committed 88640K, reserved 1179648K
  class space    used 9786K, committed 10496K, reserved 1048576K
}
Event: 1706.195 GC heap before
{Heap before GC invocations=110 (full 3):
 PSYoungGen      total 12800K, used 12795K [0x00000000d5580000, 0x00000000d6480000, 0x0000000100000000)
  eden space 12288K, 100% used [0x00000000d5580000,0x00000000d6180000,0x00000000d6180000)
  from space 512K, 99% used [0x00000000d6400000,0x00000000d647ed58,0x00000000d6480000)
  to   space 1536K, 0% used [0x00000000d6180000,0x00000000d6180000,0x00000000d6300000)
 ParOldGen       total 121856K, used 121418K [0x0000000080000000, 0x0000000087700000, 0x00000000d5580000)
  object space 121856K, 99% used [0x0000000080000000,0x0000000087692828,0x0000000087700000)
 Metaspace       used 87709K, committed 89408K, reserved 1179648K
  class space    used 9879K, committed 10624K, reserved 1048576K
}
Event: 1706.202 GC heap after
{Heap after GC invocations=110 (full 3):
 PSYoungGen      total 13824K, used 256K [0x00000000d5580000, 0x00000000d6480000, 0x0000000100000000)
  eden space 12288K, 0% used [0x00000000d5580000,0x00000000d5580000,0x00000000d6180000)
  from space 1536K, 16% used [0x00000000d6180000,0x00000000d61c0020,0x00000000d6300000)
  to   space 512K, 0% used [0x00000000d6400000,0x00000000d6400000,0x00000000d6480000)
 ParOldGen       total 121856K, used 121701K [0x0000000080000000, 0x0000000087700000, 0x00000000d5580000)
  object space 121856K, 99% used [0x0000000080000000,0x00000000876d9560,0x0000000087700000)
 Metaspace       used 87709K, committed 89408K, reserved 1179648K
  class space    used 9879K, committed 10624K, reserved 1048576K
}
Event: 2092.409 GC heap before
{Heap before GC invocations=111 (full 3):
 PSYoungGen      total 13824K, used 12544K [0x00000000d5580000, 0x00000000d6480000, 0x0000000100000000)
  eden space 12288K, 100% used [0x00000000d5580000,0x00000000d6180000,0x00000000d6180000)
  from space 1536K, 16% used [0x00000000d6180000,0x00000000d61c0020,0x00000000d6300000)
  to   space 512K, 0% used [0x00000000d6400000,0x00000000d6400000,0x00000000d6480000)
 ParOldGen       total 121856K, used 121701K [0x0000000080000000, 0x0000000087700000, 0x00000000d5580000)
  object space 121856K, 99% used [0x0000000080000000,0x00000000876d9560,0x0000000087700000)
 Metaspace       used 87970K, committed 89664K, reserved 1179648K
  class space    used 9889K, committed 10624K, reserved 1048576K
}
Event: 2092.824 GC heap after
{Heap after GC invocations=111 (full 3):
 PSYoungGen      total 12800K, used 244K [0x00000000d5580000, 0x00000000d6480000, 0x0000000100000000)
  eden space 12288K, 0% used [0x00000000d5580000,0x00000000d5580000,0x00000000d6180000)
  from space 512K, 47% used [0x00000000d6400000,0x00000000d643d220,0x00000000d6480000)
  to   space 512K, 0% used [0x00000000d6380000,0x00000000d6380000,0x00000000d6400000)
 ParOldGen       total 121856K, used 121773K [0x0000000080000000, 0x0000000087700000, 0x00000000d5580000)
  object space 121856K, 99% used [0x0000000080000000,0x00000000876eb560,0x0000000087700000)
 Metaspace       used 87970K, committed 89664K, reserved 1179648K
  class space    used 9889K, committed 10624K, reserved 1048576K
}
Event: 2116.637 GC heap before
{Heap before GC invocations=112 (full 3):
 PSYoungGen      total 12800K, used 12530K [0x00000000d5580000, 0x00000000d6480000, 0x0000000100000000)
  eden space 12288K, 99% used [0x00000000d5580000,0x00000000d617f7d0,0x00000000d6180000)
  from space 512K, 47% used [0x00000000d6400000,0x00000000d643d220,0x00000000d6480000)
  to   space 512K, 0% used [0x00000000d6380000,0x00000000d6380000,0x00000000d6400000)
 ParOldGen       total 121856K, used 121773K [0x0000000080000000, 0x0000000087700000, 0x00000000d5580000)
  object space 121856K, 99% used [0x0000000080000000,0x00000000876eb560,0x0000000087700000)
 Metaspace       used 88083K, committed 89728K, reserved 1179648K
  class space    used 9895K, committed 10624K, reserved 1048576K
}
Event: 2116.677 GC heap after
{Heap after GC invocations=112 (full 3):
 PSYoungGen      total 12800K, used 488K [0x00000000d5580000, 0x00000000d7180000, 0x0000000100000000)
  eden space 12288K, 0% used [0x00000000d5580000,0x00000000d5580000,0x00000000d6180000)
  from space 512K, 95% used [0x00000000d6380000,0x00000000d63fa3b8,0x00000000d6400000)
  to   space 8192K, 0% used [0x00000000d6980000,0x00000000d6980000,0x00000000d7180000)
 ParOldGen       total 128512K, used 128047K [0x0000000080000000, 0x0000000087d80000, 0x00000000d5580000)
  object space 128512K, 99% used [0x0000000080000000,0x0000000087d0bcf8,0x0000000087d80000)
 Metaspace       used 88083K, committed 89728K, reserved 1179648K
  class space    used 9895K, committed 10624K, reserved 1048576K
}
Event: 2130.925 GC heap before
{Heap before GC invocations=113 (full 3):
 PSYoungGen      total 12800K, used 12776K [0x00000000d5580000, 0x00000000d7180000, 0x0000000100000000)
  eden space 12288K, 100% used [0x00000000d5580000,0x00000000d6180000,0x00000000d6180000)
  from space 512K, 95% used [0x00000000d6380000,0x00000000d63fa3b8,0x00000000d6400000)
  to   space 8192K, 0% used [0x00000000d6980000,0x00000000d6980000,0x00000000d7180000)
 ParOldGen       total 128512K, used 128047K [0x0000000080000000, 0x0000000087d80000, 0x00000000d5580000)
  object space 128512K, 99% used [0x0000000080000000,0x0000000087d0bcf8,0x0000000087d80000)
 Metaspace       used 88408K, committed 90048K, reserved 1179648K
  class space    used 9918K, committed 10624K, reserved 1048576K
}
Event: 2130.943 GC heap after
{Heap after GC invocations=113 (full 3):
 PSYoungGen      total 14336K, used 1588K [0x00000000d5580000, 0x00000000d6b80000, 0x0000000100000000)
  eden space 12288K, 0% used [0x00000000d5580000,0x00000000d5580000,0x00000000d6180000)
  from space 2048K, 77% used [0x00000000d6980000,0x00000000d6b0d200,0x00000000d6b80000)
  to   space 3584K, 0% used [0x00000000d6480000,0x00000000d6480000,0x00000000d6800000)
 ParOldGen       total 128512K, used 128095K [0x0000000080000000, 0x0000000087d80000, 0x00000000d5580000)
  object space 128512K, 99% used [0x0000000080000000,0x0000000087d17cf8,0x0000000087d80000)
 Metaspace       used 88408K, committed 90048K, reserved 1179648K
  class space    used 9918K, committed 10624K, reserved 1048576K
}
Event: 2136.010 GC heap before
{Heap before GC invocations=114 (full 3):
 PSYoungGen      total 14336K, used 13876K [0x00000000d5580000, 0x00000000d6b80000, 0x0000000100000000)
  eden space 12288K, 100% used [0x00000000d5580000,0x00000000d6180000,0x00000000d6180000)
  from space 2048K, 77% used [0x00000000d6980000,0x00000000d6b0d200,0x00000000d6b80000)
  to   space 3584K, 0% used [0x00000000d6480000,0x00000000d6480000,0x00000000d6800000)
 ParOldGen       total 128512K, used 128095K [0x0000000080000000, 0x0000000087d80000, 0x00000000d5580000)
  object space 128512K, 99% used [0x0000000080000000,0x0000000087d17cf8,0x0000000087d80000)
 Metaspace       used 88600K, committed 90240K, reserved 1179648K
  class space    used 9947K, committed 10688K, reserved 1048576K
}
Event: 2136.058 GC heap after
{Heap after GC invocations=114 (full 3):
 PSYoungGen      total 15872K, used 173K [0x00000000d5580000, 0x00000000d6a00000, 0x0000000100000000)
  eden space 12288K, 0% used [0x00000000d5580000,0x00000000d5580000,0x00000000d6180000)
  from space 3584K, 4% used [0x00000000d6480000,0x00000000d64ab7a0,0x00000000d6800000)
  to   space 1024K, 0% used [0x00000000d6900000,0x00000000d6900000,0x00000000d6a00000)
 ParOldGen       total 129536K, used 129410K [0x0000000080000000, 0x0000000087e80000, 0x00000000d5580000)
  object space 129536K, 99% used [0x0000000080000000,0x0000000087e60948,0x0000000087e80000)
 Metaspace       used 88600K, committed 90240K, reserved 1179648K
  class space    used 9947K, committed 10688K, reserved 1048576K
}
Event: 2150.240 GC heap before
{Heap before GC invocations=115 (full 3):
 PSYoungGen      total 15872K, used 12461K [0x00000000d5580000, 0x00000000d6a00000, 0x0000000100000000)
  eden space 12288K, 100% used [0x00000000d5580000,0x00000000d6180000,0x00000000d6180000)
  from space 3584K, 4% used [0x00000000d6480000,0x00000000d64ab7a0,0x00000000d6800000)
  to   space 1024K, 0% used [0x00000000d6900000,0x00000000d6900000,0x00000000d6a00000)
 ParOldGen       total 129536K, used 129410K [0x0000000080000000, 0x0000000087e80000, 0x00000000d5580000)
  object space 129536K, 99% used [0x0000000080000000,0x0000000087e60948,0x0000000087e80000)
 Metaspace       used 90884K, committed 92672K, reserved 1179648K
  class space    used 10229K, committed 10944K, reserved 1048576K
}
Event: 2150.273 GC heap after
{Heap after GC invocations=115 (full 3):
 PSYoungGen      total 13312K, used 727K [0x00000000d5580000, 0x00000000d6a00000, 0x0000000100000000)
  eden space 12288K, 0% used [0x00000000d5580000,0x00000000d5580000,0x00000000d6180000)
  from space 1024K, 71% used [0x00000000d6900000,0x00000000d69b5c38,0x00000000d6a00000)
  to   space 1024K, 0% used [0x00000000d6800000,0x00000000d6800000,0x00000000d6900000)
 ParOldGen       total 130048K, used 129569K [0x0000000080000000, 0x0000000087f00000, 0x00000000d5580000)
  object space 130048K, 99% used [0x0000000080000000,0x0000000087e88530,0x0000000087f00000)
 Metaspace       used 90884K, committed 92672K, reserved 1179648K
  class space    used 10229K, committed 10944K, reserved 1048576K
}

Dll operation events (15 events):
Event: 0.087 Loaded shared library c:\Users\becal\.vscode\extensions\redhat.java-1.55.0-win32-x64\jre\21.0.11-win32-x86_64\bin\java.dll
Event: 3.466 Loaded shared library c:\Users\becal\.vscode\extensions\redhat.java-1.55.0-win32-x64\jre\21.0.11-win32-x86_64\bin\zip.dll
Event: 6.382 Loaded shared library C:\Users\becal\.vscode\extensions\redhat.java-1.55.0-win32-x64\jre\21.0.11-win32-x86_64\bin\instrument.dll
Event: 6.401 Loaded shared library C:\Users\becal\.vscode\extensions\redhat.java-1.55.0-win32-x64\jre\21.0.11-win32-x86_64\bin\net.dll
Event: 6.418 Loaded shared library C:\Users\becal\.vscode\extensions\redhat.java-1.55.0-win32-x64\jre\21.0.11-win32-x86_64\bin\nio.dll
Event: 6.916 Loaded shared library C:\Users\becal\.vscode\extensions\redhat.java-1.55.0-win32-x64\jre\21.0.11-win32-x86_64\bin\zip.dll
Event: 11.182 Loaded shared library C:\Users\becal\.vscode\extensions\redhat.java-1.55.0-win32-x64\jre\21.0.11-win32-x86_64\bin\jimage.dll
Event: 26.145 Loaded shared library c:\Users\becal\.vscode\extensions\redhat.java-1.55.0-win32-x64\jre\21.0.11-win32-x86_64\bin\verify.dll
Event: 58.487 Loaded shared library C:\Users\becal\AppData\Roaming\Code\User\globalStorage\redhat.java\1.55.0\config_win\org.eclipse.equinox.launcher\org.eclipse.equinox.launcher.win32.win32.x86_64_1.3.100.v20260613-0559\eclipse_11924.dll
Event: 74.300 Loaded shared library C:\Users\becal\AppData\Local\Temp\jna-93612203\jna4192765397977546947.dll
Event: 120.228 Loaded shared library C:\Users\becal\.vscode\extensions\redhat.java-1.55.0-win32-x64\jre\21.0.11-win32-x86_64\bin\sunmscapi.dll
Event: 121.196 Loaded shared library C:\Users\becal\.vscode\extensions\redhat.java-1.55.0-win32-x64\jre\21.0.11-win32-x86_64\bin\extnet.dll
Event: 178.785 Loaded shared library C:\Users\becal\.gradle\native\1def1411415f61bf3af743bc5b6707747c0891f09f0c88961ee8f79bc544acac\windows-amd64\native-platform.dll
Event: 221.470 Loaded shared library C:\Users\becal\.vscode\extensions\redhat.java-1.55.0-win32-x64\jre\21.0.11-win32-x86_64\bin\management.dll
Event: 221.537 Loaded shared library C:\Users\becal\.vscode\extensions\redhat.java-1.55.0-win32-x64\jre\21.0.11-win32-x86_64\bin\management_ext.dll

Deoptimization events (20 events):
Event: 2152.721 Thread 0x0000024b23b64e60 Uncommon trap: trap_request=0xffffffde fr.pc=0x0000024ac441ce7c relative=0x000000000000005c
Event: 2152.721 Thread 0x0000024b23b64e60 Uncommon trap: reason=class_check action=maybe_recompile pc=0x0000024ac441ce7c method=java.lang.StringConcatHelper.stringOf(Ljava/lang/Object;)Ljava/lang/String; @ 5 c2
Event: 2152.721 Thread 0x0000024b23b64e60 DEOPT PACKING pc=0x0000024ac441ce7c sp=0x0000006e0c4fda60
Event: 2152.721 Thread 0x0000024b23b64e60 DEOPT UNPACKING pc=0x0000024ac3543a9c sp=0x0000006e0c4fd9e8 mode 2
Event: 2280.570 Thread 0x0000024b23b67c50 Uncommon trap: trap_request=0xffffffde fr.pc=0x0000024ac451ba0c relative=0x00000000000036ec
Event: 2280.594 Thread 0x0000024b23b67c50 Uncommon trap: reason=class_check action=maybe_recompile pc=0x0000024ac451ba0c method=org.eclipse.jdt.core.dom.DefaultBindingResolver.resolveName(Lorg/eclipse/jdt/core/dom/Name;)Lorg/eclipse/jdt/core/dom/IBinding; @ 847 c2
Event: 2280.598 Thread 0x0000024b23b67c50 DEOPT PACKING pc=0x0000024ac451ba0c sp=0x0000006e0c4fe9b0
Event: 2280.598 Thread 0x0000024b23b67c50 DEOPT UNPACKING pc=0x0000024ac3543a9c sp=0x0000006e0c4fe958 mode 2
Event: 2280.751 Thread 0x0000024b23b67c50 Uncommon trap: trap_request=0xffffffde fr.pc=0x0000024ac451ba0c relative=0x00000000000036ec
Event: 2280.751 Thread 0x0000024b23b67c50 Uncommon trap: reason=class_check action=maybe_recompile pc=0x0000024ac451ba0c method=org.eclipse.jdt.core.dom.DefaultBindingResolver.resolveName(Lorg/eclipse/jdt/core/dom/Name;)Lorg/eclipse/jdt/core/dom/IBinding; @ 847 c2
Event: 2280.751 Thread 0x0000024b23b67c50 DEOPT PACKING pc=0x0000024ac451ba0c sp=0x0000006e0c4fea70
Event: 2280.751 Thread 0x0000024b23b67c50 DEOPT UNPACKING pc=0x0000024ac3543a9c sp=0x0000006e0c4fea18 mode 2
Event: 2280.767 Thread 0x0000024b23b67c50 Uncommon trap: trap_request=0xffffffde fr.pc=0x0000024ac451ba0c relative=0x00000000000036ec
Event: 2280.767 Thread 0x0000024b23b67c50 Uncommon trap: reason=class_check action=maybe_recompile pc=0x0000024ac451ba0c method=org.eclipse.jdt.core.dom.DefaultBindingResolver.resolveName(Lorg/eclipse/jdt/core/dom/Name;)Lorg/eclipse/jdt/core/dom/IBinding; @ 847 c2
Event: 2280.767 Thread 0x0000024b23b67c50 DEOPT PACKING pc=0x0000024ac451ba0c sp=0x0000006e0c4fe9a0
Event: 2280.767 Thread 0x0000024b23b67c50 DEOPT UNPACKING pc=0x0000024ac3543a9c sp=0x0000006e0c4fe948 mode 2
Event: 2281.083 Thread 0x0000024b23b67c50 Uncommon trap: trap_request=0xffffffde fr.pc=0x0000024ac451ba0c relative=0x00000000000036ec
Event: 2281.083 Thread 0x0000024b23b67c50 Uncommon trap: reason=class_check action=maybe_recompile pc=0x0000024ac451ba0c method=org.eclipse.jdt.core.dom.DefaultBindingResolver.resolveName(Lorg/eclipse/jdt/core/dom/Name;)Lorg/eclipse/jdt/core/dom/IBinding; @ 847 c2
Event: 2281.083 Thread 0x0000024b23b67c50 DEOPT PACKING pc=0x0000024ac451ba0c sp=0x0000006e0c4fe800
Event: 2281.083 Thread 0x0000024b23b67c50 DEOPT UNPACKING pc=0x0000024ac3543a9c sp=0x0000006e0c4fe7a8 mode 2

Classes loaded (20 events):
Event: 714.555 Loading class java/util/TimerThread
Event: 714.556 Loading class java/util/TimerThread done
Event: 714.556 Loading class java/util/Timer$ThreadReaper
Event: 714.556 Loading class java/util/Timer$ThreadReaper done
Event: 714.567 Loading class java/util/concurrent/CompletableFuture$UniWhenComplete
Event: 714.568 Loading class java/util/concurrent/CompletableFuture$UniWhenComplete done
Event: 714.570 Loading class java/util/concurrent/CompletableFuture$UniCompose
Event: 714.570 Loading class java/util/concurrent/CompletableFuture$UniCompose done
Event: 714.570 Loading class java/util/concurrent/CompletableFuture$UniRelay
Event: 714.572 Loading class java/util/concurrent/CompletableFuture$UniRelay done
Event: 793.484 Loading class java/lang/ProcessHandleImpl$ExitCompletion
Event: 793.497 Loading class java/lang/ProcessHandleImpl$ExitCompletion done
Event: 793.498 Loading class java/lang/ProcessHandleImpl$1
Event: 793.686 Loading class java/lang/ProcessHandleImpl$1 done
Event: 793.689 Loading class java/util/concurrent/CompletableFuture$UniHandle
Event: 793.697 Loading class java/util/concurrent/CompletableFuture$UniHandle done
Event: 2138.240 Loading class java/util/function/IntPredicate
Event: 2138.245 Loading class java/util/function/IntPredicate done
Event: 2139.472 Loading class java/util/regex/Pattern$Bound
Event: 2139.490 Loading class java/util/regex/Pattern$Bound done

Classes unloaded (8 events):
Event: 81.386 Thread 0x0000024acfd5d830 Unloading class 0x0000024ad11aac00 'java/lang/invoke/LambdaForm$MH+0x0000024ad11aac00'
Event: 81.387 Thread 0x0000024acfd5d830 Unloading class 0x0000024ad11aa800 'java/lang/invoke/LambdaForm$MH+0x0000024ad11aa800'
Event: 81.387 Thread 0x0000024acfd5d830 Unloading class 0x0000024ad11aa400 'java/lang/invoke/LambdaForm$MH+0x0000024ad11aa400'
Event: 81.387 Thread 0x0000024acfd5d830 Unloading class 0x0000024ad11aa000 'java/lang/invoke/LambdaForm$MH+0x0000024ad11aa000'
Event: 81.387 Thread 0x0000024acfd5d830 Unloading class 0x0000024ad11a9c00 'java/lang/invoke/LambdaForm$BMH+0x0000024ad11a9c00'
Event: 81.387 Thread 0x0000024acfd5d830 Unloading class 0x0000024ad11a9800 'java/lang/invoke/LambdaForm$DMH+0x0000024ad11a9800'
Event: 81.387 Thread 0x0000024acfd5d830 Unloading class 0x0000024ad11a8400 'java/lang/invoke/LambdaForm$DMH+0x0000024ad11a8400'
Event: 99.311 Thread 0x0000024acfd5d830 Unloading class 0x0000024ad12ba400 'java/lang/invoke/LambdaForm$MH+0x0000024ad12ba400'

Classes redefined (0 events):
No events

Internal exceptions (20 events):
Event: 714.257 Thread 0x0000024b23b647d0 Exception <a 'sun/nio/fs/WindowsException'{0x00000000d609ec20}> (0x00000000d609ec20) 
thrown [s\src\hotspot\share\prims\jni.cpp, line 520]
Event: 722.769 Thread 0x0000024b23b67c50 Exception <a 'java/lang/NoSuchMethodError'{0x00000000d615b6a8}: 'void java.lang.invoke.DelegatingMethodHandle$Holder.reinvoke_L(java.lang.Object, java.lang.Object, long)'> (0x00000000d615b6a8) 
thrown [s\src\hotspot\share\interpreter\linkResolver.cpp, line 773]
Event: 723.222 Thread 0x0000024b23b67c50 Exception <a 'sun/nio/fs/WindowsException'{0x00000000d55fbef0}> (0x00000000d55fbef0) 
thrown [s\src\hotspot\share\prims\jni.cpp, line 520]
Event: 723.222 Thread 0x0000024b23b67c50 Exception <a 'sun/nio/fs/WindowsException'{0x00000000d55fc598}> (0x00000000d55fc598) 
thrown [s\src\hotspot\share\prims\jni.cpp, line 520]
Event: 767.338 Thread 0x0000024b23b682e0 Exception <a 'sun/nio/fs/WindowsException'{0x00000000d57699b0}> (0x00000000d57699b0) 
thrown [s\src\hotspot\share\prims\jni.cpp, line 520]
Event: 767.338 Thread 0x0000024b23b682e0 Exception <a 'sun/nio/fs/WindowsException'{0x00000000d576a010}> (0x00000000d576a010) 
thrown [s\src\hotspot\share\prims\jni.cpp, line 520]
Event: 767.349 Thread 0x0000024b23b682e0 Exception <a 'sun/nio/fs/WindowsException'{0x00000000d576ab98}> (0x00000000d576ab98) 
thrown [s\src\hotspot\share\prims\jni.cpp, line 520]
Event: 767.349 Thread 0x0000024b23b682e0 Exception <a 'sun/nio/fs/WindowsException'{0x00000000d576b1d8}> (0x00000000d576b1d8) 
thrown [s\src\hotspot\share\prims\jni.cpp, line 520]
Event: 767.368 Thread 0x0000024b23b682e0 Exception <a 'sun/nio/fs/WindowsException'{0x00000000d5786c50}> (0x00000000d5786c50) 
thrown [s\src\hotspot\share\prims\jni.cpp, line 520]
Event: 767.368 Thread 0x0000024b23b682e0 Exception <a 'sun/nio/fs/WindowsException'{0x00000000d57874f0}> (0x00000000d57874f0) 
thrown [s\src\hotspot\share\prims\jni.cpp, line 520]
Event: 772.969 Thread 0x0000024b23b682e0 Exception <a 'sun/nio/fs/WindowsException'{0x00000000d59476a8}> (0x00000000d59476a8) 
thrown [s\src\hotspot\share\prims\jni.cpp, line 520]
Event: 772.970 Thread 0x0000024b23b682e0 Exception <a 'sun/nio/fs/WindowsException'{0x00000000d594e650}> (0x00000000d594e650) 
thrown [s\src\hotspot\share\prims\jni.cpp, line 520]
Event: 776.281 Thread 0x0000024b23b654f0 Exception <a 'sun/nio/fs/WindowsException'{0x00000000d5974fe0}> (0x00000000d5974fe0) 
thrown [s\src\hotspot\share\prims\jni.cpp, line 520]
Event: 776.282 Thread 0x0000024b23b654f0 Exception <a 'sun/nio/fs/WindowsException'{0x00000000d5975648}> (0x00000000d5975648) 
thrown [s\src\hotspot\share\prims\jni.cpp, line 520]
Event: 793.715 Thread 0x0000024b23b654f0 Exception <a 'java/lang/NoSuchMethodError'{0x00000000d5a60798}: 'long java.lang.invoke.Invokers$Holder.invokeExact_MT(java.lang.Object, java.lang.Object, java.lang.Object)'> (0x00000000d5a60798) 
thrown [s\src\hotspot\share\interpreter\linkResolver.cpp, line 773]
Event: 793.715 Thread 0x0000024b23b67c50 Exception <a 'java/lang/NoSuchMethodError'{0x00000000d5a69800}: 'long java.lang.invoke.Invokers$Holder.invokeExact_MT(java.lang.Object, java.lang.Object, java.lang.Object)'> (0x00000000d5a69800) 
thrown [s\src\hotspot\share\interpreter\linkResolver.cpp, line 773]
Event: 1705.366 Thread 0x0000024b23b619e0 Implicit null exception at 0x0000024ac4402057 to 0x0000024ac44047b0
Event: 2138.274 Thread 0x0000024b23b64e60 Exception <a 'java/lang/NoSuchMethodError'{0x00000000d570d038}: 'int java.lang.invoke.DirectMethodHandle$Holder.invokeStaticInit(java.lang.Object, int)'> (0x00000000d570d038) 
thrown [s\src\hotspot\share\interpreter\linkResolver.cpp, line 773]
Event: 2151.925 Thread 0x0000024b23b64e60 Exception <a 'java/lang/NoSuchMethodError'{0x00000000d569afc8}: 'int java.lang.invoke.DirectMethodHandle$Holder.invokeSpecialIFC(java.lang.Object, java.lang.Object, int)'> (0x00000000d569afc8) 
thrown [s\src\hotspot\share\interpreter\linkResolver.cpp, line 773]
Event: 2256.461 Thread 0x0000024b1874aaa0 Exception <a 'java/lang/IncompatibleClassChangeError'{0x00000000d5791ef8}: Found class java.lang.Object, but interface was expected> (0x00000000d5791ef8) 
thrown [s\src\hotspot\share\interpreter\linkResolver.cpp, line 840]

ZGC Phase Switch (0 events):
No events

VM Operations (20 events):
Event: 2405.709 Executing non-safepoint VM operation: RendezvousGCThreads
Event: 2405.709 Executing non-safepoint VM operation: RendezvousGCThreads done
Event: 2580.355 Executing safepoint VM operation: Cleanup
Event: 2580.388 Executing safepoint VM operation: Cleanup done
Event: 2581.425 Executing safepoint VM operation: Cleanup
Event: 2581.425 Executing safepoint VM operation: Cleanup done
Event: 2583.438 Executing safepoint VM operation: Cleanup
Event: 2584.469 Executing safepoint VM operation: Cleanup done
Event: 2586.517 Executing safepoint VM operation: Cleanup
Event: 2586.607 Executing safepoint VM operation: Cleanup done
Event: 2587.618 Executing safepoint VM operation: Cleanup
Event: 2587.633 Executing safepoint VM operation: Cleanup done
Event: 2588.647 Executing safepoint VM operation: Cleanup
Event: 2589.800 Executing safepoint VM operation: Cleanup done
Event: 2590.821 Executing safepoint VM operation: Cleanup
Event: 2590.955 Executing safepoint VM operation: Cleanup done
Event: 2593.098 Executing safepoint VM operation: Cleanup
Event: 2594.413 Executing safepoint VM operation: Cleanup done
Event: 2595.416 Executing safepoint VM operation: Cleanup
Event: 2596.067 Executing safepoint VM operation: Cleanup done

Memory protections (0 events):
No events

Nmethod flushes (20 events):
Event: 136.028 Thread 0x0000024acfd5d830 flushing  nmethod 0x0000024abc941c90
Event: 136.028 Thread 0x0000024acfd5d830 flushing  nmethod 0x0000024abc957d10
Event: 136.028 Thread 0x0000024acfd5d830 flushing  nmethod 0x0000024abc95ac10
Event: 136.028 Thread 0x0000024acfd5d830 flushing  nmethod 0x0000024abc95bd10
Event: 136.028 Thread 0x0000024acfd5d830 flushing osr nmethod 0x0000024abc95cd10
Event: 136.028 Thread 0x0000024acfd5d830 flushing  nmethod 0x0000024abc96d390
Event: 136.028 Thread 0x0000024acfd5d830 flushing  nmethod 0x0000024abc98d690
Event: 136.028 Thread 0x0000024acfd5d830 flushing osr nmethod 0x0000024abc9a4290
Event: 136.028 Thread 0x0000024acfd5d830 flushing osr nmethod 0x0000024abc9a6090
Event: 136.028 Thread 0x0000024acfd5d830 flushing osr nmethod 0x0000024abc9a9a10
Event: 136.028 Thread 0x0000024acfd5d830 flushing  nmethod 0x0000024abc9b3790
Event: 136.028 Thread 0x0000024acfd5d830 flushing  nmethod 0x0000024abc9b4710
Event: 136.028 Thread 0x0000024acfd5d830 flushing  nmethod 0x0000024abc9b7f10
Event: 136.028 Thread 0x0000024acfd5d830 flushing  nmethod 0x0000024abc9ccf90
Event: 136.028 Thread 0x0000024acfd5d830 flushing  nmethod 0x0000024abc9d7990
Event: 136.028 Thread 0x0000024acfd5d830 flushing  nmethod 0x0000024abc9e5c90
Event: 136.028 Thread 0x0000024acfd5d830 flushing  nmethod 0x0000024abca1d210
Event: 136.028 Thread 0x0000024acfd5d830 flushing  nmethod 0x0000024abca1d810
Event: 136.028 Thread 0x0000024acfd5d830 flushing  nmethod 0x0000024abca1e690
Event: 136.028 Thread 0x0000024acfd5d830 flushing  nmethod 0x0000024abca21590

Events (20 events):
Event: 1705.469 Thread 0x0000024b1874aaa0 Thread added: 0x0000024b23b668a0
Event: 1705.908 Thread 0x0000024b23b619e0 Thread exited: 0x0000024b23b619e0
Event: 1707.008 Thread 0x0000024b23b66210 Thread exited: 0x0000024b23b66210
Event: 1707.072 Thread 0x0000024b23b668a0 Thread exited: 0x0000024b23b668a0
Event: 1714.672 Thread 0x0000024b1874aaa0 Thread added: 0x0000024b23b64e60
Event: 1716.194 Thread 0x0000024b23b64e60 Thread exited: 0x0000024b23b64e60
Event: 1907.517 Thread 0x0000024b1874aaa0 Thread added: 0x0000024b23b64e60
Event: 1907.656 Thread 0x0000024b1874aaa0 Thread added: 0x0000024b23b619e0
Event: 1918.626 Thread 0x0000024b23b64e60 Thread exited: 0x0000024b23b64e60
Event: 1934.884 Thread 0x0000024b23b619e0 Thread exited: 0x0000024b23b619e0
Event: 2033.108 Thread 0x0000024b1874aaa0 Thread added: 0x0000024b23b619e0
Event: 2034.460 Thread 0x0000024b23b619e0 Thread exited: 0x0000024b23b619e0
Event: 2087.795 Thread 0x0000024b1874aaa0 Thread added: 0x0000024b23b64e60
Event: 2107.941 Thread 0x0000024b23b64e60 Thread added: 0x0000024b23b619e0
Event: 2153.188 Thread 0x0000024b23b64e60 Thread exited: 0x0000024b23b64e60
Event: 2258.117 Thread 0x0000024b1874aaa0 Thread added: 0x0000024b23b67c50
Event: 2285.752 Thread 0x0000024b23b67c50 Thread exited: 0x0000024b23b67c50
Event: 2410.411 Thread 0x0000024b23b619e0 Thread exited: 0x0000024b23b619e0
Event: 2564.040 Thread 0x0000024b1874aaa0 Thread added: 0x0000024b23b64e60
Event: 2573.221 Thread 0x0000024b1874aaa0 Thread added: 0x0000024b23b619e0


Dynamic libraries:
0x00007ff747f30000 - 0x00007ff747f3e000 	c:\Users\becal\.vscode\extensions\redhat.java-1.55.0-win32-x64\jre\21.0.11-win32-x86_64\bin\java.exe
0x00007ffbdde00000 - 0x00007ffbde066000 	C:\WINDOWS\SYSTEM32\ntdll.dll
0x00007ffbdd5e0000 - 0x00007ffbdd6a9000 	C:\WINDOWS\System32\KERNEL32.DLL
0x00007ffbdb420000 - 0x00007ffbdb820000 	C:\WINDOWS\System32\KERNELBASE.dll
0x00007ffbdb830000 - 0x00007ffbdb97c000 	C:\WINDOWS\System32\ucrtbase.dll
0x00007ffbd0130000 - 0x00007ffbd0148000 	c:\Users\becal\.vscode\extensions\redhat.java-1.55.0-win32-x64\jre\21.0.11-win32-x86_64\bin\jli.dll
0x00007ffbdbf10000 - 0x00007ffbdc0d7000 	C:\WINDOWS\System32\USER32.dll
0x00007ffbdba50000 - 0x00007ffbdba77000 	C:\WINDOWS\System32\win32u.dll
0x00007ffbdd820000 - 0x00007ffbdd84b000 	C:\WINDOWS\System32\GDI32.dll
0x00007ffbdb020000 - 0x00007ffbdb149000 	C:\WINDOWS\System32\gdi32full.dll
0x00007ffbdba80000 - 0x00007ffbdbb23000 	C:\WINDOWS\System32\msvcp_win.dll
0x00007ffbcfb00000 - 0x00007ffbcfb1e000 	c:\Users\becal\.vscode\extensions\redhat.java-1.55.0-win32-x64\jre\21.0.11-win32-x86_64\bin\VCRUNTIME140.dll
0x00007ffbb8510000 - 0x00007ffbb87a2000 	C:\WINDOWS\WinSxS\amd64_microsoft.windows.common-controls_6595b64144ccf1df_6.0.26100.8737_none_3e092eaee333b772\COMCTL32.dll
0x00007ffbdbe60000 - 0x00007ffbdbf09000 	C:\WINDOWS\System32\msvcrt.dll
0x00007ffbdbd00000 - 0x00007ffbdbd32000 	C:\WINDOWS\System32\IMM32.DLL
0x00007ffbd3d10000 - 0x00007ffbd3d1c000 	c:\Users\becal\.vscode\extensions\redhat.java-1.55.0-win32-x64\jre\21.0.11-win32-x86_64\bin\vcruntime140_1.dll
0x00007ffbcfa70000 - 0x00007ffbcfafd000 	c:\Users\becal\.vscode\extensions\redhat.java-1.55.0-win32-x64\jre\21.0.11-win32-x86_64\bin\msvcp140.dll
0x00007ffb686e0000 - 0x00007ffb69482000 	c:\Users\becal\.vscode\extensions\redhat.java-1.55.0-win32-x64\jre\21.0.11-win32-x86_64\bin\server\jvm.dll
0x00007ffbddc80000 - 0x00007ffbddd37000 	C:\WINDOWS\System32\ADVAPI32.dll
0x00007ffbdbc50000 - 0x00007ffbdbcfa000 	C:\WINDOWS\System32\sechost.dll
0x00007ffbdbd40000 - 0x00007ffbdbe58000 	C:\WINDOWS\System32\RPCRT4.dll
0x00007ffbdbb30000 - 0x00007ffbdbbb0000 	C:\WINDOWS\System32\WS2_32.dll
0x00007ffbdae80000 - 0x00007ffbdaede000 	C:\WINDOWS\SYSTEM32\POWRPROF.dll
0x00007ffbd3ff0000 - 0x00007ffbd4026000 	C:\WINDOWS\SYSTEM32\WINMM.dll
0x00007ffbbf830000 - 0x00007ffbbf83b000 	C:\WINDOWS\SYSTEM32\VERSION.dll
0x00007ffbdae60000 - 0x00007ffbdae74000 	C:\WINDOWS\SYSTEM32\UMPDC.dll
0x00007ffbd9d00000 - 0x00007ffbd9d1b000 	C:\WINDOWS\SYSTEM32\kernel.appcore.dll
0x00007ffbd2f40000 - 0x00007ffbd2f4a000 	c:\Users\becal\.vscode\extensions\redhat.java-1.55.0-win32-x64\jre\21.0.11-win32-x86_64\bin\jimage.dll
0x00007ffbd8770000 - 0x00007ffbd89b2000 	C:\WINDOWS\SYSTEM32\DBGHELP.DLL
0x00007ffbdcfc0000 - 0x00007ffbdd343000 	C:\WINDOWS\System32\combase.dll
0x00007ffbdc740000 - 0x00007ffbdc819000 	C:\WINDOWS\System32\OLEAUT32.dll
0x00007ffbbb500000 - 0x00007ffbbb53b000 	C:\WINDOWS\SYSTEM32\dbgcore.DLL
0x00007ffbdb150000 - 0x00007ffbdb1fc000 	C:\WINDOWS\System32\bcryptPrimitives.dll
0x00007ffbcee50000 - 0x00007ffbcee5f000 	c:\Users\becal\.vscode\extensions\redhat.java-1.55.0-win32-x64\jre\21.0.11-win32-x86_64\bin\instrument.dll
0x00007ffbcf080000 - 0x00007ffbcf0a0000 	c:\Users\becal\.vscode\extensions\redhat.java-1.55.0-win32-x64\jre\21.0.11-win32-x86_64\bin\java.dll
0x00007ffbdc820000 - 0x00007ffbdcfb2000 	C:\WINDOWS\System32\SHELL32.dll
0x00007ffbd8ab0000 - 0x00007ffbd9342000 	C:\WINDOWS\SYSTEM32\windows.storage.dll
0x00007ffbdd3e0000 - 0x00007ffbdd4d7000 	C:\WINDOWS\System32\SHCORE.dll
0x00007ffbddd50000 - 0x00007ffbdddb7000 	C:\WINDOWS\System32\shlwapi.dll
0x00007ffbdaf40000 - 0x00007ffbdaf69000 	C:\WINDOWS\SYSTEM32\profapi.dll
0x00007ffbce080000 - 0x00007ffbce098000 	c:\Users\becal\.vscode\extensions\redhat.java-1.55.0-win32-x64\jre\21.0.11-win32-x86_64\bin\zip.dll
0x00007ffbd2240000 - 0x00007ffbd2250000 	C:\Users\becal\.vscode\extensions\redhat.java-1.55.0-win32-x64\jre\21.0.11-win32-x86_64\bin\net.dll
0x00007ffbc37f0000 - 0x00007ffbc3919000 	C:\WINDOWS\SYSTEM32\WINHTTP.dll
0x00007ffbda2b0000 - 0x00007ffbda31c000 	C:\WINDOWS\system32\mswsock.dll
0x00007ffbce060000 - 0x00007ffbce076000 	C:\Users\becal\.vscode\extensions\redhat.java-1.55.0-win32-x64\jre\21.0.11-win32-x86_64\bin\nio.dll
0x00007ffbd0250000 - 0x00007ffbd0260000 	c:\Users\becal\.vscode\extensions\redhat.java-1.55.0-win32-x64\jre\21.0.11-win32-x86_64\bin\verify.dll
0x00007ffbc1cb0000 - 0x00007ffbc1cf5000 	C:\Users\becal\AppData\Roaming\Code\User\globalStorage\redhat.java\1.55.0\config_win\org.eclipse.equinox.launcher\org.eclipse.equinox.launcher.win32.win32.x86_64_1.3.100.v20260613-0559\eclipse_11924.dll
0x00007ffbdc570000 - 0x00007ffbdc709000 	C:\WINDOWS\System32\ole32.dll
0x00007ffbda5b0000 - 0x00007ffbda5cb000 	C:\WINDOWS\SYSTEM32\CRYPTSP.dll
0x00007ffbd9c60000 - 0x00007ffbd9c99000 	C:\WINDOWS\system32\rsaenh.dll
0x00007ffbda370000 - 0x00007ffbda3a2000 	C:\WINDOWS\SYSTEM32\USERENV.dll
0x00007ffbdaf10000 - 0x00007ffbdaf3a000 	C:\WINDOWS\SYSTEM32\bcrypt.dll
0x00007ffbda5d0000 - 0x00007ffbda5dc000 	C:\WINDOWS\SYSTEM32\CRYPTBASE.dll
0x00007ffbd97d0000 - 0x00007ffbd9803000 	C:\WINDOWS\SYSTEM32\IPHLPAPI.DLL
0x00007ffbddd40000 - 0x00007ffbddd4a000 	C:\WINDOWS\System32\NSI.dll
0x00007ffb9d8f0000 - 0x00007ffb9d939000 	C:\Users\becal\AppData\Local\Temp\jna-93612203\jna4192765397977546947.dll
0x00007ffbdc710000 - 0x00007ffbdc718000 	C:\WINDOWS\System32\PSAPI.DLL
0x00007ffbc37c0000 - 0x00007ffbc37dd000 	C:\WINDOWS\SYSTEM32\dhcpcsvc6.DLL
0x00007ffbc3790000 - 0x00007ffbc37b5000 	C:\WINDOWS\SYSTEM32\dhcpcsvc.DLL
0x00007ffbcecf0000 - 0x00007ffbcecfe000 	C:\Users\becal\.vscode\extensions\redhat.java-1.55.0-win32-x64\jre\21.0.11-win32-x86_64\bin\sunmscapi.dll
0x00007ffbdb2a0000 - 0x00007ffbdb418000 	C:\WINDOWS\System32\CRYPT32.dll
0x00007ffbda7f0000 - 0x00007ffbda820000 	C:\WINDOWS\SYSTEM32\ncrypt.dll
0x00007ffbda7a0000 - 0x00007ffbda7df000 	C:\WINDOWS\SYSTEM32\NTASN1.dll
0x00007ffbd9810000 - 0x00007ffbd9965000 	C:\WINDOWS\SYSTEM32\DNSAPI.dll
0x00007ffbda090000 - 0x00007ffbda09d000 	C:\WINDOWS\SYSTEM32\DSPARSE.dll
0x00007ffbcd170000 - 0x00007ffbcd17b000 	C:\Windows\System32\rasadhlp.dll
0x00007ffbc01a0000 - 0x00007ffbc0226000 	C:\WINDOWS\System32\fwpuclnt.dll
0x00007ffbcee40000 - 0x00007ffbcee49000 	C:\Users\becal\.vscode\extensions\redhat.java-1.55.0-win32-x64\jre\21.0.11-win32-x86_64\bin\extnet.dll
0x00007ffbcfb20000 - 0x00007ffbcfb47000 	C:\Users\becal\.gradle\native\1def1411415f61bf3af743bc5b6707747c0891f09f0c88961ee8f79bc544acac\windows-amd64\native-platform.dll
0x00007ffbd00d0000 - 0x00007ffbd00da000 	C:\Users\becal\.vscode\extensions\redhat.java-1.55.0-win32-x64\jre\21.0.11-win32-x86_64\bin\management.dll
0x00007ffbcfa60000 - 0x00007ffbcfa6c000 	C:\Users\becal\.vscode\extensions\redhat.java-1.55.0-win32-x64\jre\21.0.11-win32-x86_64\bin\management_ext.dll
0x00007ffbb9580000 - 0x00007ffbb9588000 	C:\WINDOWS\system32\wshunix.dll

JVMTI agents:
c:\Users\becal\.vscode\extensions\redhat.java-1.55.0-win32-x64\lombok\lombok-1.18.39-4050.jar path:c:\Users\becal\.vscode\extensions\redhat.java-1.55.0-win32-x64\jre\21.0.11-win32-x86_64\bin\instrument.dll, loaded, initialized, instrumentlib options:none

dbghelp: loaded successfully - version: 4.0.5 - missing functions: none
symbol engine: initialized successfully - sym options: 0x614 - pdb path: .;c:\Users\becal\.vscode\extensions\redhat.java-1.55.0-win32-x64\jre\21.0.11-win32-x86_64\bin;C:\WINDOWS\SYSTEM32;C:\WINDOWS\WinSxS\amd64_microsoft.windows.common-controls_6595b64144ccf1df_6.0.26100.8737_none_3e092eaee333b772;c:\Users\becal\.vscode\extensions\redhat.java-1.55.0-win32-x64\jre\21.0.11-win32-x86_64\bin\server;C:\Users\becal\AppData\Roaming\Code\User\globalStorage\redhat.java\1.55.0\config_win\org.eclipse.equinox.launcher\org.eclipse.equinox.launcher.win32.win32.x86_64_1.3.100.v20260613-0559;C:\Users\becal\AppData\Local\Temp\jna-93612203;C:\Users\becal\.gradle\native\1def1411415f61bf3af743bc5b6707747c0891f09f0c88961ee8f79bc544acac\windows-amd64

VM Arguments:
jvm_args: --add-modules=ALL-SYSTEM --add-opens=java.base/java.util=ALL-UNNAMED --add-opens=java.base/java.lang=ALL-UNNAMED --add-opens=java.base/sun.nio.fs=ALL-UNNAMED -Declipse.application=org.eclipse.jdt.ls.core.id1 -Dosgi.bundles.defaultStartLevel=4 -Declipse.product=org.eclipse.jdt.ls.core.product -Djava.import.generatesMetadataFilesAtProjectRoot=false -DDetectVMInstallationsJob.disabled=true -Dfile.encoding=utf8 -XX:+UseParallelGC -XX:GCTimeRatio=4 -XX:AdaptiveSizePolicyWeight=90 -Dsun.zip.disableMemoryMapping=true -Xmx2G -Xms100m -Xlog:disable -javaagent:c:\Users\becal\.vscode\extensions\redhat.java-1.55.0-win32-x64\lombok\lombok-1.18.39-4050.jar -XX:+HeapDumpOnOutOfMemoryError -XX:HeapDumpPath=c:\Users\becal\AppData\Roaming\Code\User\workspaceStorage\fb9888045959518d4bcb1aa14a46c6ce\redhat.java -Daether.dependencyCollector.impl=bf 
java_command: c:\Users\becal\.vscode\extensions\redhat.java-1.55.0-win32-x64\server\plugins\org.eclipse.equinox.launcher_1.7.200.v20260619-2039.jar -configuration c:\Users\becal\AppData\Roaming\Code\User\globalStorage\redhat.java\1.55.0\config_win -data c:\Users\becal\AppData\Roaming\Code\User\workspaceStorage\fb9888045959518d4bcb1aa14a46c6ce\redhat.java\jdt_ws --pipe=\\.\pipe\lsp-b99e25b484fcf476c95336b1cf472990-sock
java_class_path (initial): c:\Users\becal\.vscode\extensions\redhat.java-1.55.0-win32-x64\server\plugins\org.eclipse.equinox.launcher_1.7.200.v20260619-2039.jar
Launcher Type: SUN_STANDARD

[Global flags]
    uintx AdaptiveSizePolicyWeight                 = 90                                        {product} {command line}
     intx CICompilerCount                          = 2                                         {product} {ergonomic}
    uintx GCTimeRatio                              = 4                                         {product} {command line}
     bool HeapDumpOnOutOfMemoryError               = true                                   {manageable} {command line}
    ccstr HeapDumpPath                             = c:\Users\becal\AppData\Roaming\Code\User\workspaceStorage\fb9888045959518d4bcb1aa14a46c6ce\redhat.java         {manageable} {command line}
   size_t InitialHeapSize                          = 104857600                                 {product} {command line}
   size_t MaxHeapSize                              = 2147483648                                {product} {command line}
   size_t MaxNewSize                               = 715653120                                 {product} {ergonomic}
   size_t MinHeapDeltaBytes                        = 524288                                    {product} {ergonomic}
   size_t MinHeapSize                              = 104857600                                 {product} {command line}
   size_t NewSize                                  = 34603008                                  {product} {ergonomic}
    uintx NonNMethodCodeHeapSize                   = 5826188                                {pd product} {ergonomic}
    uintx NonProfiledCodeHeapSize                  = 122916026                              {pd product} {ergonomic}
   size_t OldSize                                  = 70254592                                  {product} {ergonomic}
    uintx ProfiledCodeHeapSize                     = 122916026                              {pd product} {ergonomic}
    uintx ReservedCodeCacheSize                    = 251658240                              {pd product} {ergonomic}
     bool SegmentedCodeCache                       = true                                      {product} {ergonomic}
   size_t SoftMaxHeapSize                          = 2147483648                             {manageable} {ergonomic}
     bool UseCompressedOops                        = true                           {product lp64_product} {ergonomic}
     bool UseLargePagesIndividualAllocation        = false                                  {pd product} {ergonomic}
     bool UseParallelGC                            = true                                      {product} {command line}

Logging:
Log output configuration:
 #0: stdout all=off uptime,level,tags foldmultilines=false
 #1: stderr all=off uptime,level,tags foldmultilines=false

Release file:
JAVA_VERSION="21.0.11" 
MODULES="java.base java.compiler java.datatransfer java.xml java.prefs java.desktop java.instrument java.logging java.management java.security.sasl java.naming java.rmi java.management.rmi java.net.http java.scripting java.security.jgss java.transaction.xa java.sql java.sql.rowset java.xml.crypto java.se java.smartcardio jdk.accessibility jdk.internal.jvmstat jdk.attach jdk.charsets jdk.internal.opt jdk.zipfs jdk.compiler jdk.crypto.ec jdk.crypto.cryptoki jdk.crypto.mscapi jdk.dynalink jdk.internal.ed jdk.editpad jdk.hotspot.agent jdk.httpserver jdk.internal.le jdk.internal.vm.ci jdk.internal.vm.compiler jdk.internal.vm.compiler.management jdk.jartool jdk.javadoc jdk.jcmd jdk.management jdk.management.agent jdk.jconsole jdk.jdeps jdk.jdwp.agent jdk.jdi jdk.jfr jdk.jshell jdk.jsobject jdk.jstatd jdk.localedata jdk.management.jfr jdk.naming.dns jdk.naming.rmi jdk.net jdk.nio.mapmode jdk.random jdk.sctp jdk.security.auth jdk.security.jgss jdk.unsupported jdk.unsupported.desktop jdk.xml.dom" 

Environment Variables:
JAVA_HOME=C:\Program Files\Java\jdk-17.0.1
PATH=C:\Program Files\PostgreSQL\17\bin;C:\Program Files\PowerShell\7\;C:\Program Files\MySQL\MySQL Shell 8.0\bin\;C:\Users\becal\AppData\Local\Microsoft\WindowsApps;C:\Users\becal\AppData\Local\Programs\Microsoft VS Code\bin;C:\Program Files\MongoDB\Server\7.0\bin;C:\Users\becal\OneDrive\Documentos\maven\apache-maven-3.9.8\bin;C:\Program Files\MySQL\MySQL Server 8.0\bin;C:\Users\becal\go\bin
USERNAME=becal
OS=Windows_NT
PROCESSOR_IDENTIFIER=Intel64 Family 6 Model 122 Stepping 8, GenuineIntel
TMP=C:\Users\becal\AppData\Local\Temp
TEMP=C:\Users\becal\AppData\Local\Temp




Periodic native trim disabled

---------------  S Y S T E M  ---------------

OS:
 Windows 11 , 64 bit Build 26100 (10.0.26100.8737)
OS uptime: 4 days 21:12 hours
Hyper-V role detected

CPU: total 2 (initial active 2) (2 cores per cpu, 1 threads per core) family 6 model 122 stepping 8 microcode 0x20, cx8, cmov, fxsr, mmx, 3dnowpref, sse, sse2, sse3, ssse3, sse4.1, sse4.2, popcnt, tsc, tscinvbit, aes, erms, clmul, sha, clflush, clflushopt, hv, rdtscp, rdpid
Processor Information for the first 2 processors :
  Max Mhz: 1101, Current Mhz: 1101, Mhz Limit: 1101

Memory: 4k page, system-wide physical 3737M (69M free)
TotalPageFile size 15001M (AvailPageFile size 3M)
current process WorkingSet (physical memory assigned to process): 86M, peak: 300M
current process commit charge ("private bytes"): 483M, peak: 486M

vm_info: OpenJDK 64-Bit Server VM (21.0.11+10-LTS) for windows-amd64 JRE (21.0.11+10-LTS), built on 2026-04-21T00:00:00Z by "admin" with MS VC++ 17.12 (VS2022)

END.
