#
# There is insufficient memory for the Java Runtime Environment to continue.
# Native memory allocation (mmap) failed to map 65536 bytes. Error detail: Failed to commit metaspace.
# Possible reasons:
#   The system is out of physical RAM or swap space
#   This process is running with CompressedOops enabled, and the Java Heap may be blocking the growth of the native heap
# Possible solutions:
#   Reduce memory load on the system
#   Increase physical memory or swap space
#   Check if swap backing store is full
#   Decrease Java heap size (-Xmx/-Xms)
#   Decrease number of Java threads
#   Decrease Java thread stack sizes (-Xss)
#   Set larger code cache with -XX:ReservedCodeCacheSize=
#   JVM is running with Unscaled Compressed Oops mode in which the Java heap is
#     placed in the first 4GB address space. The Java Heap base address is the
#     maximum limit for the native heap growth. Please use -XX:HeapBaseMinAddress
#     to set the Java Heap base and to place the Java Heap above 4GB virtual address.
# This output file may be truncated or incomplete.
#
#  Out of Memory Error (virtualSpaceNode.cpp:113), pid=9076, tid=26500
#
# JRE version: OpenJDK Runtime Environment Temurin-21.0.11+10 (21.0.11+10) (build 21.0.11+10-LTS)
# Java VM: OpenJDK 64-Bit Server VM Temurin-21.0.11+10 (21.0.11+10-LTS, mixed mode, tiered, compressed oops, compressed class ptrs, parallel gc, windows-amd64)
# No core dump will be written. Minidumps are not enabled by default on client versions of Windows
#

---------------  S U M M A R Y ------------

Command Line: --add-modules=ALL-SYSTEM --add-opens=java.base/java.util=ALL-UNNAMED --add-opens=java.base/java.lang=ALL-UNNAMED --add-opens=java.base/sun.nio.fs=ALL-UNNAMED -Declipse.application=org.eclipse.jdt.ls.core.id1 -Dosgi.bundles.defaultStartLevel=4 -Declipse.product=org.eclipse.jdt.ls.core.product -Djava.import.generatesMetadataFilesAtProjectRoot=false -DDetectVMInstallationsJob.disabled=true -Dfile.encoding=utf8 -XX:+UseParallelGC -XX:GCTimeRatio=4 -XX:AdaptiveSizePolicyWeight=90 -Dsun.zip.disableMemoryMapping=true -Xmx2G -Xms100m -Xlog:disable -javaagent:c:\Users\becal\.vscode\extensions\redhat.java-1.55.0-win32-x64\lombok\lombok-1.18.39-4050.jar -XX:+HeapDumpOnOutOfMemoryError -XX:HeapDumpPath=c:\Users\becal\AppData\Roaming\Code\User\workspaceStorage\fb9888045959518d4bcb1aa14a46c6ce\redhat.java -Daether.dependencyCollector.impl=bf c:\Users\becal\.vscode\extensions\redhat.java-1.55.0-win32-x64\server\plugins\org.eclipse.equinox.launcher_1.7.200.v20260619-2039.jar -configuration c:\Users\becal\AppData\Roaming\Code\User\globalStorage\redhat.java\1.55.0\config_win -data c:\Users\becal\AppData\Roaming\Code\User\workspaceStorage\fb9888045959518d4bcb1aa14a46c6ce\redhat.java\jdt_ws --pipe=\\.\pipe\lsp-f3c3acb973b68f16c4ce4dfa534cafae-sock

Host: Intel(R) Celeron(R) N4020 CPU @ 1.10GHz, 2 cores, 3G,  Windows 11 , 64 bit Build 26100 (10.0.26100.8737)
Time: Mon Jul 27 19:45:49 2026 Hora oficial do Brasil elapsed time: 3.830350 seconds (0d 0h 0m 3s)

---------------  T H R E A D  ---------------

Current thread (0x00000158a3e4c180):  JavaThread "main"             [_thread_in_vm, id=26500, stack(0x00000040bcd00000,0x00000040bce00000) (1024K)]

Stack: [0x00000040bcd00000,0x00000040bce00000]
Native frames: (J=compiled Java code, j=interpreted, Vv=VM code, C=native code)
V  [jvm.dll+0x6d7e19]
V  [jvm.dll+0x8b5096]
V  [jvm.dll+0x8b764e]
V  [jvm.dll+0x8b7d33]
V  [jvm.dll+0x284596]
V  [jvm.dll+0x8b0dde]
V  [jvm.dll+0x6795e4]
V  [jvm.dll+0x67964a]
V  [jvm.dll+0x67be46]
V  [jvm.dll+0x67bd12]
V  [jvm.dll+0x679fbe]
V  [jvm.dll+0x26e440]
V  [jvm.dll+0x684225]
V  [jvm.dll+0x28c7ed]
V  [jvm.dll+0x28dd49]
V  [jvm.dll+0x21218c]
V  [jvm.dll+0x21190d]
V  [jvm.dll+0x5b65b9]
V  [jvm.dll+0x2218ae]
V  [jvm.dll+0x82e69d]
V  [jvm.dll+0x82f6cb]
V  [jvm.dll+0x82fe88]
V  [jvm.dll+0x217d5d]
V  [jvm.dll+0x21a521]
V  [jvm.dll+0x20f80e]
V  [jvm.dll+0x5b658f]
V  [jvm.dll+0x2218ae]
V  [jvm.dll+0x82e69d]
V  [jvm.dll+0x82f6cb]
V  [jvm.dll+0x82fc94]
V  [jvm.dll+0x82f928]
V  [jvm.dll+0x271ebd]
V  [jvm.dll+0x3dcf4e]
C  0x00000158b07a8e48

The last pc belongs to new (printed below).
Java frames: (J=compiled Java code, j=interpreted, Vv=VM code)
j  java.lang.module.Resolver.detectCycles()V+12 java.base@21.0.11
j  java.lang.module.Resolver.finish(Ljava/lang/module/Configuration;)Ljava/util/Map;+1 java.base@21.0.11
j  java.lang.module.Configuration.<init>(Ljava/util/List;Ljava/lang/module/Resolver;)V+6 java.base@21.0.11
j  java.lang.module.Configuration.resolveAndBind(Ljava/lang/module/ModuleFinder;Ljava/util/Collection;Ljava/io/PrintStream;)Ljava/lang/module/Configuration;+44 java.base@21.0.11
j  java.lang.module.ModuleDescriptor$1.resolveAndBind(Ljava/lang/module/ModuleFinder;Ljava/util/Collection;Ljava/io/PrintStream;)Ljava/lang/module/Configuration;+3 java.base@21.0.11
j  jdk.internal.module.Modules.newBootLayerConfiguration(Ljava/lang/module/ModuleFinder;Ljava/util/Collection;Ljava/io/PrintStream;)Ljava/lang/module/Configuration;+6 java.base@21.0.11
j  jdk.internal.module.ModuleBootstrap.boot2()Ljava/lang/ModuleLayer;+896 java.base@21.0.11
j  jdk.internal.module.ModuleBootstrap.boot()Ljava/lang/ModuleLayer;+64 java.base@21.0.11
j  java.lang.System.initPhase2(ZZ)I+0 java.base@21.0.11
v  ~StubRoutines::call_stub 0x00000158b0791015
new  187 new  [0x00000158b07a8cc0, 0x00000158b07a8eb8]  504 bytes
[MachCode]
  0x00000158b07a8cc0: 4883 ec08 | f30f 1104 | 24eb 1f48 | 83ec 10f2 | 0f11 0424 | eb14 4883 | ec10 4889 | 0424 48c7 
  0x00000158b07a8ce0: 4424 0800 | 0000 00eb | 0150 410f | b755 010f | cac1 ea10 | 488b 4de8 | 488b 4908 | 488b 4908 
  0x00000158b07a8d00: 488b 4108 | 807c 1004 | 070f 85ca | 0000 0066 | 8b54 d148 | 488b 4928 | 488b 4cd1 | 0851 80b9 
  0x00000158b07a8d20: 3101 0000 | 040f 85ad | 0000 008b | 5108 f6c2 | 010f 85a1 | 0000 0049 | 8b87 b801 | 0000 488d 
  0x00000158b07a8d40: 1c10 493b | 9fc8 0100 | 000f 8789 | 0000 0049 | 899f b801 | 0000 4883 | ea10 0f84 | 0f00 0000 
  0x00000158b07a8d60: 33c9 c1ea | 0348 894c | d008 48ff | ca75 f648 | c700 0100 | 0000 5933 | f689 700c | 48c1 e903 
  0x00000158b07a8d80: 8948 0849 | bac7 6c54 | 2ef9 7f00 | 0041 803a | 000f 843c | 0000 0050 | 488b c848 | 83ec 2040 
  0x00000158b07a8da0: f6c4 0f0f | 8419 0000 | 0048 83ec | 0848 b860 | e5fd 2df9 | 7f00 00ff | d048 83c4 | 08e9 0c00 
  0x00000158b07a8dc0: 0000 48b8 | 60e5 fd2d | f97f 0000 | ffd0 4883 | c420 58e9 | c500 0000 | 5948 8b55 | e848 8b52 
  0x00000158b07a8de0: 0848 8b52 | 0845 0fb7 | 4501 410f | c841 c1e8 | 10e8 0500 | 0000 e9a2 | 0000 0048 | 8d44 2408 
  0x00000158b07a8e00: 4c89 6dc0 | 498b cf49 | 89af b003 | 0000 4989 | 87a0 0300 | 0048 83ec | 2040 f6c4 | 0f0f 8419 
  0x00000158b07a8e20: 0000 0048 | 83ec 0848 | b800 cfc7 | 2df9 7f00 | 00ff d048 | 83c4 08e9 | 0c00 0000 | 48b8 00cf 
  0x00000158b07a8e40: c72d f97f | 0000 ffd0 | 4883 c420 | 49c7 87a0 | 0300 0000 | 0000 0049 | c787 b003 | 0000 0000 
  0x00000158b07a8e60: 0000 49c7 | 87a8 0300 | 0000 0000 | 0049 837f | 0800 0f84 | 0500 0000 | e983 80fe | ff49 8b87 
  0x00000158b07a8e80: f803 0000 | 49c7 87f8 | 0300 0000 | 0000 004c | 8b6d c04c | 8b75 c84e | 8d74 f500 | c341 0fb6 
  0x00000158b07a8ea0: 5d03 4983 | c503 49ba | 1035 572e | f97f 0000 | 41ff 24da | 0f1f 4000 
[/MachCode]

---------------  P R O C E S S  ---------------

Threads class SMR info:
_java_thread_list=0x00000158bcaca270, length=9, elements={
0x00000158a3e4c180, 0x00000158bca9e150, 0x00000158bcac55d0, 0x00000158bcac8c40,
0x00000158bcacb6b0, 0x00000158bcace120, 0x00000158bcae8300, 0x00000158bcae9090,
0x00000158c1158210
}

Java Threads: ( => current thread )
=>0x00000158a3e4c180 JavaThread "main"                              [_thread_in_vm, id=26500, stack(0x00000040bcd00000,0x00000040bce00000) (1024K)]
  0x00000158bca9e150 JavaThread "Reference Handler"          daemon [_thread_blocked, id=23544, stack(0x00000040bd100000,0x00000040bd200000) (1024K)]
  0x00000158bcac55d0 JavaThread "Finalizer"                  daemon [_thread_blocked, id=22996, stack(0x00000040bd200000,0x00000040bd300000) (1024K)]
  0x00000158bcac8c40 JavaThread "Signal Dispatcher"          daemon [_thread_blocked, id=8732, stack(0x00000040bd300000,0x00000040bd400000) (1024K)]
  0x00000158bcacb6b0 JavaThread "Attach Listener"            daemon [_thread_blocked, id=16268, stack(0x00000040bd400000,0x00000040bd500000) (1024K)]
  0x00000158bcace120 JavaThread "Service Thread"             daemon [_thread_blocked, id=20656, stack(0x00000040bd500000,0x00000040bd600000) (1024K)]
  0x00000158bcae8300 JavaThread "Monitor Deflation Thread"   daemon [_thread_blocked, id=25244, stack(0x00000040bd600000,0x00000040bd700000) (1024K)]
  0x00000158bcae9090 JavaThread "C2 CompilerThread0"         daemon [_thread_blocked, id=12304, stack(0x00000040bd700000,0x00000040bd800000) (1024K)]
  0x00000158c1158210 JavaThread "C1 CompilerThread0"         daemon [_thread_blocked, id=25136, stack(0x00000040bd800000,0x00000040bd900000) (1024K)]
Total: 9

Other Threads:
  0x00000158bc9f8580 VMThread "VM Thread"                           [id=15636, stack(0x00000040bd000000,0x00000040bd100000) (1024K)] _threads_hazard_ptr=0x00000158bcaca270
  0x00000158bc9ecb00 WatcherThread "VM Periodic Task Thread"        [id=16304, stack(0x00000040bcf00000,0x00000040bd000000) (1024K)]
  0x00000158a607ce60 WorkerThread "GC Thread#0"                     [id=21800, stack(0x00000040bce00000,0x00000040bcf00000) (1024K)]
Total: 3

Threads with active compile tasks:
C1 CompilerThread0  4026  114       3       java.lang.invoke.MethodType::makeImpl (109 bytes)
Total: 1

VM state: synchronizing (normal execution)

VM Mutex/Monitor currently owned by a thread:  ([mutex/lock_event])
[0x00007ff92e55d4f0] Metaspace_lock - owner thread: 0x00000158a3e4c180
[0x00007ff92e55f570] Threads_lock - owner thread: 0x00000158bc9f8580

Heap address: 0x0000000080000000, size: 2048 MB, Compressed Oops mode: 32-bit

CDS archive(s) not mapped
Compressed class space mapped at: 0x0000000100000000-0x0000000140000000, reserved size: 1073741824
Narrow klass base: 0x0000000000000000, Narrow klass shift: 3, Narrow klass range: 0x140000000

GC Precious Log:
 CardTable entry size: 512
 CPUs: 2 total, 2 available
 Memory: 3737M
 Large Page Support: Disabled
 NUMA Support: Disabled
 Compressed Oops: Enabled (32-bit)
 Alignments: Space 512K, Generation 512K, Heap 2M
 Heap Min Capacity: 100M
 Heap Initial Capacity: 100M
 Heap Max Capacity: 2G
 Pre-touch: Disabled
 Parallel Workers: 2

Heap:
 PSYoungGen      total 29696K, used 2560K [0x00000000d5580000, 0x00000000d7680000, 0x0000000100000000)
  eden space 25600K, 10% used [0x00000000d5580000,0x00000000d58001a0,0x00000000d6e80000)
  from space 4096K, 0% used [0x00000000d7280000,0x00000000d7280000,0x00000000d7680000)
  to   space 4096K, 0% used [0x00000000d6e80000,0x00000000d6e80000,0x00000000d7280000)
 ParOldGen       total 68608K, used 0K [0x0000000080000000, 0x0000000084300000, 0x00000000d5580000)
  object space 68608K, 0% used [0x0000000080000000,0x0000000080000000,0x0000000084300000)
 Metaspace       used 5049K, committed 5184K, reserved 1114112K
  class space    used 438K, committed 512K, reserved 1048576K

Card table byte_map: [0x00000158a5a10000,0x00000158a5e20000] _byte_map_base: 0x00000158a5610000

Marking Bits: (ParMarkBitMap*) 0x00007ff92e564460
 Begin Bits: [0x00000158b8510000, 0x00000158ba510000)
 End Bits:   [0x00000158ba510000, 0x00000158bc510000)

Polling page: 0x00000158a4050000

Metaspace:

Usage:
  Non-class:      4.50 MB used.
      Class:    438.33 KB used.
       Both:      4.93 MB used.

Virtual space:
  Non-class space:       64.00 MB reserved,       4.56 MB (  7%) committed,  1 nodes.
      Class space:        1.00 GB reserved,     512.00 KB ( <1%) committed,  1 nodes.
             Both:        1.06 GB reserved,       5.06 MB ( <1%) committed. 

Chunk freelists:
   Non-Class:  10.99 MB
       Class:  15.56 MB
        Both:  26.55 MB

MaxMetaspaceSize: unlimited
CompressedClassSpaceSize: 1.00 GB
Initial GC threshold: 21.00 MB
Current GC threshold: 21.00 MB
CDS: off
 - commit_granule_bytes: 65536.
 - commit_granule_words: 8192.
 - virtual_space_node_default_size: 8388608.
 - enlarge_chunks_in_place: 1.
 - use_allocation_guard: 0.


Internal statistics:

num_allocs_failed_limit: 0.
num_arena_births: 8.
num_arena_deaths: 0.
num_vsnodes_births: 2.
num_vsnodes_deaths: 0.
num_space_committed: 81.
num_space_uncommitted: 0.
num_chunks_returned_to_freelist: 0.
num_chunks_taken_from_freelist: 12.
num_chunk_merges: 0.
num_chunk_splits: 7.
num_chunks_enlarged: 3.
num_inconsistent_stats: 0.

CodeHeap 'non-profiled nmethods': size=120064Kb used=33Kb max_used=33Kb free=120030Kb
 bounds [0x00000158b0d20000, 0x00000158b0f90000, 0x00000158b8260000]
CodeHeap 'profiled nmethods': size=120000Kb used=121Kb max_used=121Kb free=119878Kb
 bounds [0x00000158a9260000, 0x00000158a94d0000, 0x00000158b0790000]
CodeHeap 'non-nmethods': size=5696Kb used=1114Kb max_used=1114Kb free=4581Kb
 bounds [0x00000158b0790000, 0x00000158b0a00000, 0x00000158b0d20000]
CodeCache: size=245760Kb, used=1268Kb, max_used=1268Kb, free=244489Kb
 total_blobs=470, nmethods=114, adapters=264, full_count=0
Compilation: enabled, stopped_count=0, restarted_count=0

Compilation events (20 events):
Event: 2.379 Thread 0x00000158c1158210 nmethod 104 0x00000158a927ba90 code [0x00000158a927bc20, 0x00000158a927bd38]
Event: 2.394 Thread 0x00000158c1158210  105       3       java.lang.invoke.MethodType::parameterType (7 bytes)
Event: 2.394 Thread 0x00000158c1158210 nmethod 105 0x00000158a927be10 code [0x00000158a927bfa0, 0x00000158a927c0d8]
Event: 2.400 Thread 0x00000158c1158210  106       3       jdk.internal.org.objectweb.asm.SymbolTable::addConstantUtf8 (98 bytes)
Event: 2.401 Thread 0x00000158c1158210 nmethod 106 0x00000158a927c190 code [0x00000158a927c3c0, 0x00000158a927c9b8]
Event: 2.424 Thread 0x00000158c1158210  107       3       java.util.HashMap::hash (20 bytes)
Event: 2.424 Thread 0x00000158c1158210 nmethod 107 0x00000158a927cd10 code [0x00000158a927cec0, 0x00000158a927d0c0]
Event: 2.450 Thread 0x00000158c1158210  108       3       java.util.ImmutableCollections$SetN$SetNIterator::<init> (36 bytes)
Event: 2.450 Thread 0x00000158c1158210 nmethod 108 0x00000158a927d190 code [0x00000158a927d340, 0x00000158a927d4f8]
Event: 2.508 Thread 0x00000158c1158210  109       1       java.util.stream.FindOps$FindSink::cancellationRequested (5 bytes)
Event: 2.508 Thread 0x00000158c1158210 nmethod 109 0x00000158b0d27d10 code [0x00000158b0d27ea0, 0x00000158b0d27f70]
Event: 2.558 Thread 0x00000158c1158210  110       1       java.util.Spliterators$IteratorSpliterator::characteristics (5 bytes)
Event: 2.558 Thread 0x00000158c1158210 nmethod 110 0x00000158b0d28010 code [0x00000158b0d281a0, 0x00000158b0d28268]
Event: 2.615 Thread 0x00000158c1158210  111       3       java.lang.invoke.MemberName::allFlagsSet (16 bytes)
Event: 2.616 Thread 0x00000158c1158210 nmethod 111 0x00000158a927d610 code [0x00000158a927d7a0, 0x00000158a927d908]
Event: 2.620 Thread 0x00000158c1158210  112       3       java.lang.String::indexOf (37 bytes)
Event: 2.620 Thread 0x00000158c1158210 nmethod 112 0x00000158a927d990 code [0x00000158a927dba0, 0x00000158a927e020]
Event: 2.622 Thread 0x00000158c1158210  113       3       java.lang.AbstractStringBuilder::isLatin1 (19 bytes)
Event: 2.622 Thread 0x00000158c1158210 nmethod 113 0x00000158a927e210 code [0x00000158a927e3c0, 0x00000158a927e530]
Event: 2.623 Thread 0x00000158c1158210  114       3       java.lang.invoke.MethodType::makeImpl (109 bytes)

GC Heap History (0 events):
No events

Dll operation events (2 events):
Event: 0.037 Loaded shared library c:\Users\becal\.vscode\extensions\redhat.java-1.55.0-win32-x64\jre\21.0.11-win32-x86_64\bin\java.dll
Event: 1.031 Loaded shared library c:\Users\becal\.vscode\extensions\redhat.java-1.55.0-win32-x64\jre\21.0.11-win32-x86_64\bin\zip.dll

Deoptimization events (0 events):
No events

Classes loaded (20 events):
Event: 2.811 Loading class java/lang/module/Resolver
Event: 2.811 Loading class java/lang/module/Resolver done
Event: 2.811 Loading class java/nio/file/Path
Event: 2.811 Loading class java/nio/file/Watchable
Event: 2.811 Loading class java/nio/file/Watchable done
Event: 2.812 Loading class java/nio/file/Path done
Event: 2.812 Loading class java/lang/module/ModuleFinder$1
Event: 2.812 Loading class java/lang/module/ModuleFinder$1 done
Event: 2.812 Loading class java/util/ImmutableCollections$ListItr
Event: 2.812 Loading class java/util/ListIterator
Event: 2.812 Loading class java/util/ListIterator done
Event: 2.812 Loading class java/util/ImmutableCollections$ListItr done
Event: 2.813 Loading class java/lang/ModuleLayer
Event: 2.814 Loading class java/lang/ModuleLayer done
Event: 2.814 Loading class java/util/HashMap$Values
Event: 2.814 Loading class java/util/HashMap$Values done
Event: 2.814 Loading class java/util/HashMap$ValueIterator
Event: 2.814 Loading class java/util/HashMap$ValueIterator done
Event: 2.814 Loading class java/util/LinkedHashSet
Event: 2.815 Loading class java/util/SequencedSet

Classes unloaded (0 events):
No events

Classes redefined (0 events):
No events

Internal exceptions (1 events):
Event: 2.808 Thread 0x00000158a3e4c180 Exception <a 'java/lang/NoSuchMethodError'{0x00000000d57b4ef8}: 'void java.lang.invoke.DirectMethodHandle$Holder.invokeStatic(java.lang.Object, java.lang.Object, java.lang.Object)'> (0x00000000d57b4ef8) 
thrown [s\src\hotspot\share\interpreter\linkResolver.cpp, line 773]

ZGC Phase Switch (0 events):
No events

VM Operations (2 events):
Event: 2.329 Executing safepoint VM operation: Cleanup
Event: 2.344 Executing safepoint VM operation: Cleanup done

Memory protections (0 events):
No events

Nmethod flushes (0 events):
No events

Events (9 events):
Event: 0.965 Thread 0x00000158a3e4c180 Thread added: 0x00000158a3e4c180
Event: 1.364 Thread 0x00000158a3e4c180 Thread added: 0x00000158bca9e150
Event: 1.365 Thread 0x00000158a3e4c180 Thread added: 0x00000158bcac55d0
Event: 1.367 Thread 0x00000158a3e4c180 Thread added: 0x00000158bcac8c40
Event: 1.367 Thread 0x00000158a3e4c180 Thread added: 0x00000158bcacb6b0
Event: 1.367 Thread 0x00000158a3e4c180 Thread added: 0x00000158bcace120
Event: 1.367 Thread 0x00000158a3e4c180 Thread added: 0x00000158bcae8300
Event: 1.367 Thread 0x00000158a3e4c180 Thread added: 0x00000158bcae9090
Event: 1.414 Thread 0x00000158a3e4c180 Thread added: 0x00000158c1158210


Dynamic libraries:
0x00007ff7a67f0000 - 0x00007ff7a67fe000 	c:\Users\becal\.vscode\extensions\redhat.java-1.55.0-win32-x64\jre\21.0.11-win32-x86_64\bin\java.exe
0x00007ff9c4ec0000 - 0x00007ff9c5126000 	C:\WINDOWS\SYSTEM32\ntdll.dll
0x00007ff9c2c10000 - 0x00007ff9c2cd9000 	C:\WINDOWS\System32\KERNEL32.DLL
0x00007ff9c27b0000 - 0x00007ff9c2bb0000 	C:\WINDOWS\System32\KERNELBASE.dll
0x00007ff9c2650000 - 0x00007ff9c279c000 	C:\WINDOWS\System32\ucrtbase.dll
0x00007ff98fbe0000 - 0x00007ff98fbf8000 	c:\Users\becal\.vscode\extensions\redhat.java-1.55.0-win32-x64\jre\21.0.11-win32-x86_64\bin\jli.dll
0x00007ff9c2ce0000 - 0x00007ff9c2ea7000 	C:\WINDOWS\System32\USER32.dll
0x00007ff9c2bc0000 - 0x00007ff9c2be7000 	C:\WINDOWS\System32\win32u.dll
0x00007ff9c4730000 - 0x00007ff9c475b000 	C:\WINDOWS\System32\GDI32.dll
0x00007ff9c23a0000 - 0x00007ff9c24c9000 	C:\WINDOWS\System32\gdi32full.dll
0x00007ff9c22f0000 - 0x00007ff9c2393000 	C:\WINDOWS\System32\msvcp_win.dll
0x00007ff98a440000 - 0x00007ff98a45e000 	c:\Users\becal\.vscode\extensions\redhat.java-1.55.0-win32-x64\jre\21.0.11-win32-x86_64\bin\VCRUNTIME140.dll
0x00007ff9a1650000 - 0x00007ff9a18e2000 	C:\WINDOWS\WinSxS\amd64_microsoft.windows.common-controls_6595b64144ccf1df_6.0.26100.8737_none_3e092eaee333b772\COMCTL32.dll
0x00007ff9c3130000 - 0x00007ff9c31d9000 	C:\WINDOWS\System32\msvcrt.dll
0x00007ff9c3560000 - 0x00007ff9c3592000 	C:\WINDOWS\System32\IMM32.DLL
0x00007ff9b3df0000 - 0x00007ff9b3dfc000 	c:\Users\becal\.vscode\extensions\redhat.java-1.55.0-win32-x64\jre\21.0.11-win32-x86_64\bin\vcruntime140_1.dll
0x00007ff975610000 - 0x00007ff97569d000 	c:\Users\becal\.vscode\extensions\redhat.java-1.55.0-win32-x64\jre\21.0.11-win32-x86_64\bin\msvcp140.dll
0x00007ff92d8a0000 - 0x00007ff92e642000 	c:\Users\becal\.vscode\extensions\redhat.java-1.55.0-win32-x64\jre\21.0.11-win32-x86_64\bin\server\jvm.dll
0x00007ff9c31e0000 - 0x00007ff9c3297000 	C:\WINDOWS\System32\ADVAPI32.dll
0x00007ff9c3380000 - 0x00007ff9c342a000 	C:\WINDOWS\System32\sechost.dll
0x00007ff9c3430000 - 0x00007ff9c3548000 	C:\WINDOWS\System32\RPCRT4.dll
0x00007ff9c2f20000 - 0x00007ff9c2fa0000 	C:\WINDOWS\System32\WS2_32.dll
0x00007ff9c1f40000 - 0x00007ff9c1f9e000 	C:\WINDOWS\SYSTEM32\POWRPROF.dll
0x00007ff9a1610000 - 0x00007ff9a1646000 	C:\WINDOWS\SYSTEM32\WINMM.dll
0x00007ff9ab3b0000 - 0x00007ff9ab3bb000 	C:\WINDOWS\SYSTEM32\VERSION.dll
0x00007ff9c1f20000 - 0x00007ff9c1f34000 	C:\WINDOWS\SYSTEM32\UMPDC.dll
0x00007ff9c0dc0000 - 0x00007ff9c0ddb000 	C:\WINDOWS\SYSTEM32\kernel.appcore.dll
0x00007ff9af9e0000 - 0x00007ff9af9ea000 	c:\Users\becal\.vscode\extensions\redhat.java-1.55.0-win32-x64\jre\21.0.11-win32-x86_64\bin\jimage.dll
0x00007ff9bf830000 - 0x00007ff9bfa72000 	C:\WINDOWS\SYSTEM32\DBGHELP.DLL
0x00007ff9c4200000 - 0x00007ff9c4583000 	C:\WINDOWS\System32\combase.dll
0x00007ff9c32a0000 - 0x00007ff9c3379000 	C:\WINDOWS\System32\OLEAUT32.dll
0x00007ff9a0aa0000 - 0x00007ff9a0adb000 	C:\WINDOWS\SYSTEM32\dbgcore.DLL
0x00007ff9c20e0000 - 0x00007ff9c218c000 	C:\WINDOWS\System32\bcryptPrimitives.dll
0x00007ff9b4170000 - 0x00007ff9b417f000 	c:\Users\becal\.vscode\extensions\redhat.java-1.55.0-win32-x64\jre\21.0.11-win32-x86_64\bin\instrument.dll
0x00007ff9853f0000 - 0x00007ff985410000 	c:\Users\becal\.vscode\extensions\redhat.java-1.55.0-win32-x64\jre\21.0.11-win32-x86_64\bin\java.dll
0x00007ff97fc90000 - 0x00007ff97fca8000 	c:\Users\becal\.vscode\extensions\redhat.java-1.55.0-win32-x64\jre\21.0.11-win32-x86_64\bin\zip.dll
0x00007ff9c3a60000 - 0x00007ff9c41f2000 	C:\WINDOWS\System32\SHELL32.dll
0x00007ff9bfb70000 - 0x00007ff9c0402000 	C:\WINDOWS\SYSTEM32\windows.storage.dll
0x00007ff9c4b50000 - 0x00007ff9c4c47000 	C:\WINDOWS\System32\SHCORE.dll
0x00007ff9c2eb0000 - 0x00007ff9c2f17000 	C:\WINDOWS\System32\shlwapi.dll
0x00007ff9c2000000 - 0x00007ff9c2029000 	C:\WINDOWS\SYSTEM32\profapi.dll

JVMTI agents:
c:\Users\becal\.vscode\extensions\redhat.java-1.55.0-win32-x64\lombok\lombok-1.18.39-4050.jar path:none, loaded, not initialized, instrumentlib options:none

dbghelp: loaded successfully - version: 4.0.5 - missing functions: none
symbol engine: initialized successfully - sym options: 0x614 - pdb path: .;c:\Users\becal\.vscode\extensions\redhat.java-1.55.0-win32-x64\jre\21.0.11-win32-x86_64\bin;C:\WINDOWS\SYSTEM32;C:\WINDOWS\WinSxS\amd64_microsoft.windows.common-controls_6595b64144ccf1df_6.0.26100.8737_none_3e092eaee333b772;c:\Users\becal\.vscode\extensions\redhat.java-1.55.0-win32-x64\jre\21.0.11-win32-x86_64\bin\server

VM Arguments:
jvm_args: --add-modules=ALL-SYSTEM --add-opens=java.base/java.util=ALL-UNNAMED --add-opens=java.base/java.lang=ALL-UNNAMED --add-opens=java.base/sun.nio.fs=ALL-UNNAMED -Declipse.application=org.eclipse.jdt.ls.core.id1 -Dosgi.bundles.defaultStartLevel=4 -Declipse.product=org.eclipse.jdt.ls.core.product -Djava.import.generatesMetadataFilesAtProjectRoot=false -DDetectVMInstallationsJob.disabled=true -Dfile.encoding=utf8 -XX:+UseParallelGC -XX:GCTimeRatio=4 -XX:AdaptiveSizePolicyWeight=90 -Dsun.zip.disableMemoryMapping=true -Xmx2G -Xms100m -Xlog:disable -javaagent:c:\Users\becal\.vscode\extensions\redhat.java-1.55.0-win32-x64\lombok\lombok-1.18.39-4050.jar -XX:+HeapDumpOnOutOfMemoryError -XX:HeapDumpPath=c:\Users\becal\AppData\Roaming\Code\User\workspaceStorage\fb9888045959518d4bcb1aa14a46c6ce\redhat.java -Daether.dependencyCollector.impl=bf 
java_command: c:\Users\becal\.vscode\extensions\redhat.java-1.55.0-win32-x64\server\plugins\org.eclipse.equinox.launcher_1.7.200.v20260619-2039.jar -configuration c:\Users\becal\AppData\Roaming\Code\User\globalStorage\redhat.java\1.55.0\config_win -data c:\Users\becal\AppData\Roaming\Code\User\workspaceStorage\fb9888045959518d4bcb1aa14a46c6ce\redhat.java\jdt_ws --pipe=\\.\pipe\lsp-f3c3acb973b68f16c4ce4dfa534cafae-sock
java_class_path (initial): c:\Users\becal\.vscode\extensions\redhat.java-1.55.0-win32-x64\server\plugins\org.eclipse.equinox.launcher_1.7.200.v20260619-2039.jar
Launcher Type: SUN_STANDARD

[Global flags]
    uintx AdaptiveSizePolicyWeight                 = 90                                        {product} {command line}
     intx CICompilerCount                          = 2                                         {product} {ergonomic}
    uintx GCTimeRatio                              = 4                                         {product} {command line}
     bool HeapDumpOnOutOfMemoryError               = true                                   {manageable} {command line}
    ccstr HeapDumpPath                             = c:\Users\becal\AppData\Roaming\Code\User\workspaceStorage\fb9888045959518d4bcb1aa14a46c6ce\redhat.java         {manageable} {command line}
   size_t InitialHeapSize                          = 104857600                                 {product} {command line}
   size_t MaxHeapSize                              = 2147483648                                {product} {command line}
   size_t MaxNewSize                               = 715653120                                 {product} {ergonomic}
   size_t MinHeapDeltaBytes                        = 524288                                    {product} {ergonomic}
   size_t MinHeapSize                              = 104857600                                 {product} {command line}
   size_t NewSize                                  = 34603008                                  {product} {ergonomic}
    uintx NonNMethodCodeHeapSize                   = 5826188                                {pd product} {ergonomic}
    uintx NonProfiledCodeHeapSize                  = 122916026                              {pd product} {ergonomic}
   size_t OldSize                                  = 70254592                                  {product} {ergonomic}
    uintx ProfiledCodeHeapSize                     = 122916026                              {pd product} {ergonomic}
    uintx ReservedCodeCacheSize                    = 251658240                              {pd product} {ergonomic}
     bool SegmentedCodeCache                       = true                                      {product} {ergonomic}
   size_t SoftMaxHeapSize                          = 2147483648                             {manageable} {ergonomic}
     bool UseCompressedOops                        = true                           {product lp64_product} {ergonomic}
     bool UseLargePagesIndividualAllocation        = false                                  {pd product} {ergonomic}
     bool UseParallelGC                            = true                                      {product} {command line}

Logging:
Log output configuration:
 #0: stdout all=off uptime,level,tags foldmultilines=false
 #1: stderr all=off uptime,level,tags foldmultilines=false

Release file:
<release file has not been read>
Environment Variables:
JAVA_HOME=C:\Program Files\Java\jdk-17.0.1
PATH=C:\Program Files\PostgreSQL\17\bin;C:\Program Files\PowerShell\7\;C:\Program Files\MySQL\MySQL Shell 8.0\bin\;C:\Users\becal\AppData\Local\Microsoft\WindowsApps;C:\Users\becal\AppData\Local\Programs\Microsoft VS Code\bin;C:\Program Files\MongoDB\Server\7.0\bin;C:\Users\becal\OneDrive\Documentos\maven\apache-maven-3.9.8\bin;C:\Program Files\MySQL\MySQL Server 8.0\bin;C:\Users\becal\go\bin
USERNAME=becal
OS=Windows_NT
PROCESSOR_IDENTIFIER=Intel64 Family 6 Model 122 Stepping 8, GenuineIntel
TMP=C:\Users\becal\AppData\Local\Temp
TEMP=C:\Users\becal\AppData\Local\Temp




Periodic native trim disabled

---------------  S Y S T E M  ---------------

OS:
 Windows 11 , 64 bit Build 26100 (10.0.26100.8737)
OS uptime: 3 days 23:47 hours
Hyper-V role detected

CPU: total 2 (initial active 2) (2 cores per cpu, 1 threads per core) family 6 model 122 stepping 8 microcode 0x20, cx8, cmov, fxsr, mmx, 3dnowpref, sse, sse2, sse3, ssse3, sse4.1, sse4.2, popcnt, tsc, tscinvbit, aes, erms, clmul, sha, clflush, clflushopt, hv, rdtscp, rdpid
Processor Information for the first 2 processors :
  Max Mhz: 1101, Current Mhz: 1101, Mhz Limit: 1101

Memory: 4k page, system-wide physical 3737M (138M free)
TotalPageFile size 15001M (AvailPageFile size 0M)
current process WorkingSet (physical memory assigned to process): 31M, peak: 31M
current process commit charge ("private bytes"): 196M, peak: 196M

vm_info: OpenJDK 64-Bit Server VM (21.0.11+10-LTS) for windows-amd64 JRE (21.0.11+10-LTS), built on 2026-04-21T00:00:00Z by "admin" with MS VC++ 17.12 (VS2022)

END.
