#
# There is insufficient memory for the Java Runtime Environment to continue.
# Native memory allocation (malloc) failed to allocate 1341296 bytes for Chunk::new
# Possible reasons:
#   The system is out of physical RAM or swap space
#   The process is running with CompressedOops enabled, and the Java Heap may be blocking the growth of the native heap
# Possible solutions:
#   Reduce memory load on the system
#   Increase physical memory or swap space
#   Check if swap backing store is full
#   Decrease Java heap size (-Xmx/-Xms)
#   Decrease number of Java threads
#   Decrease Java thread stack sizes (-Xss)
#   Set larger code cache with -XX:ReservedCodeCacheSize=
#   JVM is running with Unscaled Compressed Oops mode in which the Java heap is
#     placed in the first 4GB address space. The Java Heap base address is the
#     maximum limit for the native heap growth. Please use -XX:HeapBaseMinAddress
#     to set the Java Heap base and to place the Java Heap above 4GB virtual address.
# This output file may be truncated or incomplete.
#
#  Out of Memory Error (arena.cpp:189), pid=4320, tid=21380
#
# JRE version: Java(TM) SE Runtime Environment (17.0.1+12) (build 17.0.1+12-LTS-39)
# Java VM: Java HotSpot(TM) 64-Bit Server VM (17.0.1+12-LTS-39, mixed mode, sharing, tiered, compressed oops, compressed class ptrs, g1 gc, windows-amd64)
# No core dump will be written. Minidumps are not enabled by default on client versions of Windows
#

---------------  S U M M A R Y ------------

Command Line: --add-opens=java.base/java.lang=ALL-UNNAMED --add-opens=java.base/java.lang.invoke=ALL-UNNAMED --add-opens=java.base/java.util=ALL-UNNAMED --add-opens=java.prefs/java.util.prefs=ALL-UNNAMED --add-exports=jdk.compiler/com.sun.tools.javac.api=ALL-UNNAMED --add-exports=jdk.compiler/com.sun.tools.javac.util=ALL-UNNAMED --add-opens=java.base/java.util=ALL-UNNAMED --add-opens=java.prefs/java.util.prefs=ALL-UNNAMED --add-opens=java.base/java.nio.charset=ALL-UNNAMED --add-opens=java.base/java.net=ALL-UNNAMED --add-opens=java.base/java.util.concurrent.atomic=ALL-UNNAMED --add-opens=java.xml/javax.xml.namespace=ALL-UNNAMED -XX:MaxMetaspaceSize=384m -XX:+HeapDumpOnOutOfMemoryError -Xms256m -Xmx512m -Dfile.encoding=windows-1252 -Duser.country=BR -Duser.language=pt -Duser.variant -javaagent:C:\Users\becal\.gradle\wrapper\dists\gradle-8.12.1-bin\eumc4uhoysa37zql93vfjkxy0\gradle-8.12.1\lib\agents\gradle-instrumentation-agent-8.12.1.jar org.gradle.launcher.daemon.bootstrap.GradleDaemon 8.12.1

Host: Intel(R) Celeron(R) N4020 CPU @ 1.10GHz, 2 cores, 3G,  Windows 10 , 64 bit Build 26100 (10.0.26100.8737)
Time: Tue Aug 11 19:37:40 2026 Hora oficial do Brasil elapsed time: 268.841236 seconds (0d 0h 4m 28s)

---------------  T H R E A D  ---------------

Current thread (0x00000209b40809a0):  JavaThread "C2 CompilerThread0" daemon [_thread_in_native, id=21380, stack(0x0000007e8f800000,0x0000007e8f900000)]


Current CompileTask:
C2: 268843 14659       4       org.gradle.cache.internal.btree.CachingBlockStore::read (56 bytes)

Stack: [0x0000007e8f800000,0x0000007e8f900000]
Native frames: (J=compiled Java code, j=interpreted, Vv=VM code, C=native code)
V  [jvm.dll+0x66fa1a]
V  [jvm.dll+0x7ce5a4]
V  [jvm.dll+0x7cfd4e]
V  [jvm.dll+0x7d03b3]
V  [jvm.dll+0x242b05]
V  [jvm.dll+0xaa05b]
V  [jvm.dll+0xaa5ec]
V  [jvm.dll+0x35f9b2]
V  [jvm.dll+0x329f51]
V  [jvm.dll+0x3293fa]
V  [jvm.dll+0x215bf1]
V  [jvm.dll+0x215011]
V  [jvm.dll+0x1a168d]
V  [jvm.dll+0x224848]
V  [jvm.dll+0x2229ac]
V  [jvm.dll+0x78435b]
V  [jvm.dll+0x77e91a]
V  [jvm.dll+0x66e845]
C  [ucrtbase.dll+0x2cd30]
C  [KERNEL32.DLL+0x2e957]
C  [ntdll.dll+0xaad6c]


---------------  P R O C E S S  ---------------

Threads class SMR info:
_java_thread_list=0x00000209b7ff9430, length=61, elements={
0x000002099a4d7690, 0x00000209b405ffb0, 0x00000209b40615e0, 0x00000209b407c2b0,
0x00000209b407eb80, 0x00000209b407f440, 0x00000209b407fd00, 0x00000209b40809a0,
0x00000209b40ecbb0, 0x00000209b40ee3d0, 0x00000209b4045300, 0x00000209b4daeb10,
0x00000209b5907540, 0x00000209b508f080, 0x00000209b5dc4120, 0x00000209b5c32dc0,
0x00000209b5db7020, 0x00000209b5e35440, 0x00000209b62ee2e0, 0x00000209b62effc0,
0x00000209b62ee7b0, 0x00000209b62eec80, 0x00000209b62f0490, 0x00000209b62ef150,
0x00000209b62f0960, 0x00000209b62ef620, 0x00000209b62efaf0, 0x00000209b62ed940,
0x00000209b62ede10, 0x00000209b789a120, 0x00000209b789b930, 0x00000209b789b460,
0x00000209b789a5f0, 0x00000209b789aac0, 0x00000209b7899c50, 0x00000209b7899780,
0x00000209b789be00, 0x00000209b789c2d0, 0x00000209b789c7a0, 0x00000209b7898de0,
0x00000209b789cc70, 0x00000209b789d610, 0x00000209b789e950, 0x00000209b789dae0,
0x00000209b789f2f0, 0x00000209b789dfb0, 0x00000209b789d140, 0x00000209b789f7c0,
0x00000209b789e480, 0x00000209b789ee20, 0x00000209b789fc90, 0x00000209b78a0160,
0x00000209b7537720, 0x00000209b7538f30, 0x00000209b75363e0, 0x00000209b7537bf0,
0x00000209b7538590, 0x00000209b753a270, 0x00000209b7539da0, 0x00000209b75368b0,
0x00000209b753ba80
}

Java Threads: ( => current thread )
  0x000002099a4d7690 JavaThread "main" [_thread_blocked, id=19524, stack(0x0000007e8ea00000,0x0000007e8eb00000)]
  0x00000209b405ffb0 JavaThread "Reference Handler" daemon [_thread_blocked, id=12096, stack(0x0000007e8f200000,0x0000007e8f300000)]
  0x00000209b40615e0 JavaThread "Finalizer" daemon [_thread_blocked, id=12864, stack(0x0000007e8f300000,0x0000007e8f400000)]
  0x00000209b407c2b0 JavaThread "Signal Dispatcher" daemon [_thread_blocked, id=11384, stack(0x0000007e8f400000,0x0000007e8f500000)]
  0x00000209b407eb80 JavaThread "Attach Listener" daemon [_thread_blocked, id=9412, stack(0x0000007e8f500000,0x0000007e8f600000)]
  0x00000209b407f440 JavaThread "Service Thread" daemon [_thread_blocked, id=21316, stack(0x0000007e8f600000,0x0000007e8f700000)]
  0x00000209b407fd00 JavaThread "Monitor Deflation Thread" daemon [_thread_blocked, id=14068, stack(0x0000007e8f700000,0x0000007e8f800000)]
=>0x00000209b40809a0 JavaThread "C2 CompilerThread0" daemon [_thread_in_native, id=21380, stack(0x0000007e8f800000,0x0000007e8f900000)]
  0x00000209b40ecbb0 JavaThread "C1 CompilerThread0" daemon [_thread_blocked, id=15116, stack(0x0000007e8f900000,0x0000007e8fa00000)]
  0x00000209b40ee3d0 JavaThread "Sweeper thread" daemon [_thread_blocked, id=20620, stack(0x0000007e8fa00000,0x0000007e8fb00000)]
  0x00000209b4045300 JavaThread "Common-Cleaner" daemon [_thread_blocked, id=21212, stack(0x0000007e8fb00000,0x0000007e8fc00000)]
  0x00000209b4daeb10 JavaThread "Notification Thread" daemon [_thread_blocked, id=10304, stack(0x0000007e8fc00000,0x0000007e8fd00000)]
  0x00000209b5907540 JavaThread "Daemon health stats" [_thread_blocked, id=1568, stack(0x0000007e8e900000,0x0000007e8ea00000)]
  0x00000209b508f080 JavaThread "Incoming local TCP Connector on port 56244" [_thread_in_native, id=9380, stack(0x0000007e90000000,0x0000007e90100000)]
  0x00000209b5dc4120 JavaThread "Daemon periodic checks" [_thread_blocked, id=14300, stack(0x0000007e90100000,0x0000007e90200000)]
  0x00000209b5c32dc0 JavaThread "Daemon" [_thread_blocked, id=11660, stack(0x0000007e90200000,0x0000007e90300000)]
  0x00000209b5db7020 JavaThread "Handler for socket connection from /127.0.0.1:56244 to /127.0.0.1:56245" [_thread_in_native, id=1180, stack(0x0000007e90300000,0x0000007e90400000)]
  0x00000209b5e35440 JavaThread "Cancel handler" [_thread_blocked, id=20928, stack(0x0000007e90400000,0x0000007e90500000)]
  0x00000209b62ee2e0 JavaThread "Daemon worker" [_thread_blocked, id=4856, stack(0x0000007e90500000,0x0000007e90600000)]
  0x00000209b62effc0 JavaThread "Asynchronous log dispatcher for DefaultDaemonConnection: socket connection from /127.0.0.1:56244 to /127.0.0.1:56245" [_thread_blocked, id=18292, stack(0x0000007e90600000,0x0000007e90700000)]
  0x00000209b62ee7b0 JavaThread "Stdin handler" [_thread_blocked, id=19848, stack(0x0000007e90700000,0x0000007e90800000)]
  0x00000209b62eec80 JavaThread "Daemon client event forwarder" [_thread_blocked, id=9636, stack(0x0000007e90800000,0x0000007e90900000)]
  0x00000209b62f0490 JavaThread "Cache worker for journal cache (C:\Users\becal\.gradle\caches\journal-1)" [_thread_blocked, id=10988, stack(0x0000007e90a00000,0x0000007e90b00000)]
  0x00000209b62ef150 JavaThread "File lock request listener" [_thread_in_native, id=20140, stack(0x0000007e90b00000,0x0000007e90c00000)]
  0x00000209b62f0960 JavaThread "Cache worker for file hash cache (C:\Users\becal\.gradle\caches\8.12.1\fileHashes)" [_thread_blocked, id=20688, stack(0x0000007e90c00000,0x0000007e90d00000)]
  0x00000209b62ef620 JavaThread "Cache worker for file hash cache (C:\projetolistacompras\ListaDeCompras\.gradle\8.12.1\fileHashes)" [_thread_blocked, id=21376, stack(0x0000007e90d00000,0x0000007e90e00000)]
  0x00000209b62efaf0 JavaThread "Cache worker for Build Output Cleanup Cache (C:\projetolistacompras\ListaDeCompras\.gradle\buildOutputCleanup)" [_thread_blocked, id=5324, stack(0x0000007e90e00000,0x0000007e90f00000)]
  0x00000209b62ed940 JavaThread "File watcher server" daemon [_thread_in_native, id=21364, stack(0x0000007e90f00000,0x0000007e91000000)]
  0x00000209b62ede10 JavaThread "File watcher consumer" daemon [_thread_blocked, id=15688, stack(0x0000007e91000000,0x0000007e91100000)]
  0x00000209b789a120 JavaThread "jar transforms" [_thread_blocked, id=13376, stack(0x0000007e91100000,0x0000007e91200000)]
  0x00000209b789b930 JavaThread "jar transforms Thread 2" [_thread_blocked, id=21344, stack(0x0000007e91200000,0x0000007e91300000)]
  0x00000209b789b460 JavaThread "Cache worker for checksums cache (C:\projetolistacompras\ListaDeCompras\.gradle\8.12.1\checksums)" [_thread_blocked, id=17712, stack(0x0000007e91300000,0x0000007e91400000)]
  0x00000209b789a5f0 JavaThread "Cache worker for file content cache (C:\Users\becal\.gradle\caches\8.12.1\fileContent)" [_thread_blocked, id=6968, stack(0x0000007e91400000,0x0000007e91500000)]
  0x00000209b789aac0 JavaThread "Cache worker for cache directory md-rule (C:\Users\becal\.gradle\caches\8.12.1\md-rule)" [_thread_blocked, id=19672, stack(0x0000007e91700000,0x0000007e91800000)]
  0x00000209b7899c50 JavaThread "Cache worker for cache directory md-supplier (C:\Users\becal\.gradle\caches\8.12.1\md-supplier)" [_thread_blocked, id=21392, stack(0x0000007e91800000,0x0000007e91900000)]
  0x00000209b7899780 JavaThread "Unconstrained build operations" [_thread_blocked, id=19504, stack(0x0000007e8eb00000,0x0000007e8ec00000)]
  0x00000209b789be00 JavaThread "Unconstrained build operations Thread 2" [_thread_blocked, id=11412, stack(0x0000007e8ff00000,0x0000007e90000000)]
  0x00000209b789c2d0 JavaThread "Unconstrained build operations Thread 3" [_thread_blocked, id=16852, stack(0x0000007e91900000,0x0000007e91a00000)]
  0x00000209b789c7a0 JavaThread "Memory manager" [_thread_blocked, id=21068, stack(0x0000007e91a00000,0x0000007e91b00000)]
  0x00000209b7898de0 JavaThread "Unconstrained build operations Thread 4" [_thread_blocked, id=9256, stack(0x0000007e91b00000,0x0000007e91c00000)]
  0x00000209b789cc70 JavaThread "Unconstrained build operations Thread 5" [_thread_blocked, id=11156, stack(0x0000007e91c00000,0x0000007e91d00000)]
  0x00000209b789d610 JavaThread "Unconstrained build operations Thread 6" [_thread_blocked, id=18956, stack(0x0000007e91d00000,0x0000007e91e00000)]
  0x00000209b789e950 JavaThread "Unconstrained build operations Thread 7" [_thread_blocked, id=11740, stack(0x0000007e91e00000,0x0000007e91f00000)]
  0x00000209b789dae0 JavaThread "Unconstrained build operations Thread 8" [_thread_blocked, id=9812, stack(0x0000007e91f00000,0x0000007e92000000)]
  0x00000209b789f2f0 JavaThread "Unconstrained build operations Thread 9" [_thread_blocked, id=15460, stack(0x0000007e92000000,0x0000007e92100000)]
  0x00000209b789dfb0 JavaThread "Unconstrained build operations Thread 10" [_thread_blocked, id=17096, stack(0x0000007e92100000,0x0000007e92200000)]
  0x00000209b789d140 JavaThread "Unconstrained build operations Thread 11" [_thread_blocked, id=18468, stack(0x0000007e92200000,0x0000007e92300000)]
  0x00000209b789f7c0 JavaThread "Unconstrained build operations Thread 12" [_thread_blocked, id=1912, stack(0x0000007e92300000,0x0000007e92400000)]
  0x00000209b789e480 JavaThread "Unconstrained build operations Thread 13" [_thread_blocked, id=13684, stack(0x0000007e92400000,0x0000007e92500000)]
  0x00000209b789ee20 JavaThread "Unconstrained build operations Thread 14" [_thread_blocked, id=296, stack(0x0000007e92500000,0x0000007e92600000)]
  0x00000209b789fc90 JavaThread "Unconstrained build operations Thread 15" [_thread_blocked, id=16260, stack(0x0000007e92600000,0x0000007e92700000)]
  0x00000209b78a0160 JavaThread "Unconstrained build operations Thread 16" [_thread_blocked, id=9352, stack(0x0000007e92700000,0x0000007e92800000)]
  0x00000209b7537720 JavaThread "Unconstrained build operations Thread 17" [_thread_blocked, id=21460, stack(0x0000007e92800000,0x0000007e92900000)]
  0x00000209b7538f30 JavaThread "Unconstrained build operations Thread 18" [_thread_blocked, id=1460, stack(0x0000007e92900000,0x0000007e92a00000)]
  0x00000209b75363e0 JavaThread "Unconstrained build operations Thread 19" [_thread_blocked, id=12940, stack(0x0000007e92a00000,0x0000007e92b00000)]
  0x00000209b7537bf0 JavaThread "Unconstrained build operations Thread 20" [_thread_blocked, id=12772, stack(0x0000007e92b00000,0x0000007e92c00000)]
  0x00000209b7538590 JavaThread "included builds" [_thread_in_native, id=12088, stack(0x0000007e92d00000,0x0000007e92e00000)]
  0x00000209b753a270 JavaThread "Execution worker" [_thread_blocked, id=20284, stack(0x0000007e92e00000,0x0000007e92f00000)]
  0x00000209b7539da0 JavaThread "Cache worker for execution history cache (C:\projetolistacompras\ListaDeCompras\.gradle\8.12.1\executionHistory)" [_thread_blocked, id=12900, stack(0x0000007e92f00000,0x0000007e93000000)]
  0x00000209b75368b0 JavaThread "Cache worker for Java compile cache (C:\Users\becal\.gradle\caches\8.12.1\javaCompile)" [_thread_blocked, id=10952, stack(0x0000007e91500000,0x0000007e91600000)]
  0x00000209b753ba80 JavaThread "Build operations" [_thread_blocked, id=1596, stack(0x0000007e93000000,0x0000007e93100000)]

Other Threads:
  0x00000209b4059ca0 VMThread "VM Thread" [stack: 0x0000007e8f100000,0x0000007e8f200000] [id=9420]
  0x000002099a4d8150 WatcherThread [stack: 0x0000007e8fd00000,0x0000007e8fe00000] [id=20368]
  0x000002099a4fd1b0 GCTaskThread "GC Thread#0" [stack: 0x0000007e8ec00000,0x0000007e8ed00000] [id=12060]
  0x00000209b4f11e40 GCTaskThread "GC Thread#1" [stack: 0x0000007e8fe00000,0x0000007e8ff00000] [id=20020]
  0x000002099a501ea0 ConcurrentGCThread "G1 Main Marker" [stack: 0x0000007e8ed00000,0x0000007e8ee00000] [id=21300]
  0x000002099a5031d0 ConcurrentGCThread "G1 Conc#0" [stack: 0x0000007e8ee00000,0x0000007e8ef00000] [id=9060]
  0x000002099a59e6f0 ConcurrentGCThread "G1 Refine#0" [stack: 0x0000007e8ef00000,0x0000007e8f000000] [id=15332]
  0x00000209b75d2bc0 ConcurrentGCThread "G1 Refine#1" [stack: 0x0000007e90900000,0x0000007e90a00000] [id=19016]
  0x00000209b3f19c50 ConcurrentGCThread "G1 Service" [stack: 0x0000007e8f000000,0x0000007e8f100000] [id=12624]

Threads with active compile tasks:
C2 CompilerThread0   268951 14659       4       org.gradle.cache.internal.btree.CachingBlockStore::read (56 bytes)

VM state: not at safepoint (normal execution)

VM Mutex/Monitor currently owned by a thread: None

Heap address: 0x00000000e0000000, size: 512 MB, Compressed Oops mode: 32-bit

CDS archive(s) mapped at: [0x0000000800000000-0x0000000800bc0000-0x0000000800bc0000), size 12320768, SharedBaseAddress: 0x0000000800000000, ArchiveRelocationMode: 0.
Compressed class space mapped at: 0x0000000800c00000-0x0000000814000000, reserved size: 322961408
Narrow klass base: 0x0000000800000000, Narrow klass shift: 0, Narrow klass range: 0x100000000

GC Precious Log:
 CPUs: 2 total, 2 available
 Memory: 3737M
 Large Page Support: Disabled
 NUMA Support: Disabled
 Compressed Oops: Enabled (32-bit)
 Heap Region Size: 1M
 Heap Min Capacity: 256M
 Heap Initial Capacity: 256M
 Heap Max Capacity: 512M
 Pre-touch: Disabled
 Parallel Workers: 2
 Concurrent Workers: 1
 Concurrent Refinement Workers: 2
 Periodic GC: Disabled

Heap:
 garbage-first heap   total 262144K, used 97734K [0x00000000e0000000, 0x0000000100000000)
  region size 1024K, 39 young (39936K), 11 survivors (11264K)
 Metaspace       used 84517K, committed 85120K, reserved 397312K
  class space    used 11329K, committed 11584K, reserved 315392K

Heap Regions: E=young(eden), S=young(survivor), O=old, HS=humongous(starts), HC=humongous(continues), CS=collection set, F=free, OA=open archive, CA=closed archive, TAMS=top-at-mark-start (previous, next)
|   0|0x00000000e0000000, 0x00000000e0100000, 0x00000000e0100000|100%| O|  |TAMS 0x00000000e0100000, 0x00000000e0000000| Untracked 
|   1|0x00000000e0100000, 0x00000000e0200000, 0x00000000e0200000|100%| O|  |TAMS 0x00000000e0200000, 0x00000000e0100000| Untracked 
|   2|0x00000000e0200000, 0x00000000e0300000, 0x00000000e0300000|100%|HS|  |TAMS 0x00000000e0300000, 0x00000000e0200000| Complete 
|   3|0x00000000e0300000, 0x00000000e0400000, 0x00000000e0400000|100%|HC|  |TAMS 0x00000000e0400000, 0x00000000e0300000| Complete 
|   4|0x00000000e0400000, 0x00000000e0500000, 0x00000000e0500000|100%|HC|  |TAMS 0x00000000e0500000, 0x00000000e0400000| Complete 
|   5|0x00000000e0500000, 0x00000000e0600000, 0x00000000e0600000|100%|HS|  |TAMS 0x00000000e0600000, 0x00000000e0500000| Complete 
|   6|0x00000000e0600000, 0x00000000e0700000, 0x00000000e0700000|100%| O|  |TAMS 0x00000000e0700000, 0x00000000e0600000| Untracked 
|   7|0x00000000e0700000, 0x00000000e0800000, 0x00000000e0800000|100%| O|  |TAMS 0x00000000e0800000, 0x00000000e0700000| Untracked 
|   8|0x00000000e0800000, 0x00000000e0900000, 0x00000000e0900000|100%| O|  |TAMS 0x00000000e0900000, 0x00000000e0800000| Untracked 
|   9|0x00000000e0900000, 0x00000000e0a00000, 0x00000000e0a00000|100%| O|  |TAMS 0x00000000e0a00000, 0x00000000e0900000| Untracked 
|  10|0x00000000e0a00000, 0x00000000e0b00000, 0x00000000e0b00000|100%| O|  |TAMS 0x00000000e0b00000, 0x00000000e0a00000| Untracked 
|  11|0x00000000e0b00000, 0x00000000e0c00000, 0x00000000e0c00000|100%| O|  |TAMS 0x00000000e0c00000, 0x00000000e0b00000| Untracked 
|  12|0x00000000e0c00000, 0x00000000e0d00000, 0x00000000e0d00000|100%| O|  |TAMS 0x00000000e0d00000, 0x00000000e0c00000| Untracked 
|  13|0x00000000e0d00000, 0x00000000e0e00000, 0x00000000e0e00000|100%| O|  |TAMS 0x00000000e0e00000, 0x00000000e0d00000| Untracked 
|  14|0x00000000e0e00000, 0x00000000e0f00000, 0x00000000e0f00000|100%| O|  |TAMS 0x00000000e0f00000, 0x00000000e0e00000| Untracked 
|  15|0x00000000e0f00000, 0x00000000e1000000, 0x00000000e1000000|100%| O|  |TAMS 0x00000000e1000000, 0x00000000e0f00000| Untracked 
|  16|0x00000000e1000000, 0x00000000e1100000, 0x00000000e1100000|100%| O|  |TAMS 0x00000000e1100000, 0x00000000e1000000| Untracked 
|  17|0x00000000e1100000, 0x00000000e1200000, 0x00000000e1200000|100%| O|  |TAMS 0x00000000e1200000, 0x00000000e1100000| Untracked 
|  18|0x00000000e1200000, 0x00000000e1300000, 0x00000000e1300000|100%| O|  |TAMS 0x00000000e1300000, 0x00000000e1200000| Untracked 
|  19|0x00000000e1300000, 0x00000000e1400000, 0x00000000e1400000|100%| O|  |TAMS 0x00000000e1400000, 0x00000000e1300000| Untracked 
|  20|0x00000000e1400000, 0x00000000e1500000, 0x00000000e1500000|100%| O|  |TAMS 0x00000000e1400000, 0x00000000e1400000| Untracked 
|  21|0x00000000e1500000, 0x00000000e1600000, 0x00000000e1600000|100%| O|  |TAMS 0x00000000e1500000, 0x00000000e1500000| Untracked 
|  22|0x00000000e1600000, 0x00000000e1700000, 0x00000000e1700000|100%| O|  |TAMS 0x00000000e1600000, 0x00000000e1600000| Untracked 
|  23|0x00000000e1700000, 0x00000000e1800000, 0x00000000e1800000|100%| O|  |TAMS 0x00000000e1700000, 0x00000000e1700000| Untracked 
|  24|0x00000000e1800000, 0x00000000e1900000, 0x00000000e1900000|100%| O|  |TAMS 0x00000000e1800000, 0x00000000e1800000| Untracked 
|  25|0x00000000e1900000, 0x00000000e1a00000, 0x00000000e1a00000|100%| O|  |TAMS 0x00000000e1900000, 0x00000000e1900000| Untracked 
|  26|0x00000000e1a00000, 0x00000000e1b00000, 0x00000000e1b00000|100%| O|  |TAMS 0x00000000e1a00000, 0x00000000e1a00000| Untracked 
|  27|0x00000000e1b00000, 0x00000000e1c00000, 0x00000000e1c00000|100%| O|  |TAMS 0x00000000e1c00000, 0x00000000e1b00000| Untracked 
|  28|0x00000000e1c00000, 0x00000000e1d00000, 0x00000000e1d00000|100%| O|  |TAMS 0x00000000e1d00000, 0x00000000e1c00000| Untracked 
|  29|0x00000000e1d00000, 0x00000000e1e00000, 0x00000000e1e00000|100%| O|  |TAMS 0x00000000e1dba000, 0x00000000e1d00000| Untracked 
|  30|0x00000000e1e00000, 0x00000000e1f00000, 0x00000000e1f00000|100%| O|  |TAMS 0x00000000e1e00000, 0x00000000e1e00000| Untracked 
|  31|0x00000000e1f00000, 0x00000000e2000000, 0x00000000e2000000|100%| O|  |TAMS 0x00000000e1f00000, 0x00000000e1f00000| Untracked 
|  32|0x00000000e2000000, 0x00000000e2100000, 0x00000000e2100000|100%| O|  |TAMS 0x00000000e2000000, 0x00000000e2000000| Untracked 
|  33|0x00000000e2100000, 0x00000000e2200000, 0x00000000e2200000|100%| O|  |TAMS 0x00000000e2100000, 0x00000000e2100000| Untracked 
|  34|0x00000000e2200000, 0x00000000e2300000, 0x00000000e2300000|100%| O|  |TAMS 0x00000000e2200000, 0x00000000e2200000| Untracked 
|  35|0x00000000e2300000, 0x00000000e2400000, 0x00000000e2400000|100%| O|  |TAMS 0x00000000e2300000, 0x00000000e2300000| Untracked 
|  36|0x00000000e2400000, 0x00000000e2500000, 0x00000000e2500000|100%| O|  |TAMS 0x00000000e2400000, 0x00000000e2400000| Untracked 
|  37|0x00000000e2500000, 0x00000000e2600000, 0x00000000e2600000|100%| O|  |TAMS 0x00000000e2500000, 0x00000000e2500000| Untracked 
|  38|0x00000000e2600000, 0x00000000e2700000, 0x00000000e2700000|100%| O|  |TAMS 0x00000000e2600000, 0x00000000e2600000| Untracked 
|  39|0x00000000e2700000, 0x00000000e2800000, 0x00000000e2800000|100%| O|  |TAMS 0x00000000e2700000, 0x00000000e2700000| Untracked 
|  40|0x00000000e2800000, 0x00000000e2900000, 0x00000000e2900000|100%| O|  |TAMS 0x00000000e2800000, 0x00000000e2800000| Untracked 
|  41|0x00000000e2900000, 0x00000000e2a00000, 0x00000000e2a00000|100%| O|  |TAMS 0x00000000e2900000, 0x00000000e2900000| Untracked 
|  42|0x00000000e2a00000, 0x00000000e2b00000, 0x00000000e2b00000|100%| O|  |TAMS 0x00000000e2a00000, 0x00000000e2a00000| Untracked 
|  43|0x00000000e2b00000, 0x00000000e2c00000, 0x00000000e2c00000|100%| O|  |TAMS 0x00000000e2b00000, 0x00000000e2b00000| Untracked 
|  44|0x00000000e2c00000, 0x00000000e2d00000, 0x00000000e2d00000|100%| O|  |TAMS 0x00000000e2c00000, 0x00000000e2c00000| Untracked 
|  45|0x00000000e2d00000, 0x00000000e2e00000, 0x00000000e2e00000|100%| O|  |TAMS 0x00000000e2d00000, 0x00000000e2d00000| Untracked 
|  46|0x00000000e2e00000, 0x00000000e2f00000, 0x00000000e2f00000|100%| O|  |TAMS 0x00000000e2e00000, 0x00000000e2e00000| Untracked 
|  47|0x00000000e2f00000, 0x00000000e3000000, 0x00000000e3000000|100%| O|  |TAMS 0x00000000e2f00000, 0x00000000e2f00000| Untracked 
|  48|0x00000000e3000000, 0x00000000e3100000, 0x00000000e3100000|100%|HS|  |TAMS 0x00000000e3000000, 0x00000000e3000000| Complete 
|  49|0x00000000e3100000, 0x00000000e3200000, 0x00000000e3200000|100%|HS|  |TAMS 0x00000000e3100000, 0x00000000e3100000| Complete 
|  50|0x00000000e3200000, 0x00000000e3300000, 0x00000000e3300000|100%| O|  |TAMS 0x00000000e3200000, 0x00000000e3200000| Untracked 
|  51|0x00000000e3300000, 0x00000000e3400000, 0x00000000e3400000|100%| O|  |TAMS 0x00000000e3300000, 0x00000000e3300000| Untracked 
|  52|0x00000000e3400000, 0x00000000e3500000, 0x00000000e3500000|100%| O|  |TAMS 0x00000000e3400000, 0x00000000e3400000| Untracked 
|  53|0x00000000e3500000, 0x00000000e3600000, 0x00000000e3600000|100%| O|  |TAMS 0x00000000e3500000, 0x00000000e3500000| Untracked 
|  54|0x00000000e3600000, 0x00000000e3700000, 0x00000000e3700000|100%| O|  |TAMS 0x00000000e3600000, 0x00000000e3600000| Untracked 
|  55|0x00000000e3700000, 0x00000000e3700000, 0x00000000e3800000|  0%| F|  |TAMS 0x00000000e3700000, 0x00000000e3700000| Untracked 
|  56|0x00000000e3800000, 0x00000000e3900000, 0x00000000e3900000|100%| O|  |TAMS 0x00000000e3800000, 0x00000000e3800000| Untracked 
|  57|0x00000000e3900000, 0x00000000e3a00000, 0x00000000e3a00000|100%| O|  |TAMS 0x00000000e3900000, 0x00000000e3900000| Untracked 
|  58|0x00000000e3a00000, 0x00000000e3b00000, 0x00000000e3b00000|100%| O|  |TAMS 0x00000000e3a00000, 0x00000000e3a00000| Untracked 
|  59|0x00000000e3b00000, 0x00000000e3c00000, 0x00000000e3c00000|100%| O|  |TAMS 0x00000000e3b00000, 0x00000000e3b00000| Untracked 
|  60|0x00000000e3c00000, 0x00000000e3c4b200, 0x00000000e3d00000| 29%| O|  |TAMS 0x00000000e3c00000, 0x00000000e3c00000| Untracked 
|  61|0x00000000e3d00000, 0x00000000e3d00000, 0x00000000e3e00000|  0%| F|  |TAMS 0x00000000e3d00000, 0x00000000e3d00000| Untracked 
|  62|0x00000000e3e00000, 0x00000000e3e00000, 0x00000000e3f00000|  0%| F|  |TAMS 0x00000000e3e00000, 0x00000000e3e00000| Untracked 
|  63|0x00000000e3f00000, 0x00000000e3f00000, 0x00000000e4000000|  0%| F|  |TAMS 0x00000000e3f00000, 0x00000000e3f00000| Untracked 
|  64|0x00000000e4000000, 0x00000000e4000000, 0x00000000e4100000|  0%| F|  |TAMS 0x00000000e4000000, 0x00000000e4000000| Untracked 
|  65|0x00000000e4100000, 0x00000000e4100000, 0x00000000e4200000|  0%| F|  |TAMS 0x00000000e4100000, 0x00000000e4100000| Untracked 
|  66|0x00000000e4200000, 0x00000000e4200000, 0x00000000e4300000|  0%| F|  |TAMS 0x00000000e4200000, 0x00000000e4200000| Untracked 
|  67|0x00000000e4300000, 0x00000000e4300000, 0x00000000e4400000|  0%| F|  |TAMS 0x00000000e4300000, 0x00000000e4300000| Untracked 
|  68|0x00000000e4400000, 0x00000000e4400000, 0x00000000e4500000|  0%| F|  |TAMS 0x00000000e4400000, 0x00000000e4400000| Untracked 
|  69|0x00000000e4500000, 0x00000000e4500000, 0x00000000e4600000|  0%| F|  |TAMS 0x00000000e4500000, 0x00000000e4500000| Untracked 
|  70|0x00000000e4600000, 0x00000000e4600000, 0x00000000e4700000|  0%| F|  |TAMS 0x00000000e4600000, 0x00000000e4600000| Untracked 
|  71|0x00000000e4700000, 0x00000000e4700000, 0x00000000e4800000|  0%| F|  |TAMS 0x00000000e4700000, 0x00000000e4700000| Untracked 
|  72|0x00000000e4800000, 0x00000000e4800000, 0x00000000e4900000|  0%| F|  |TAMS 0x00000000e4800000, 0x00000000e4800000| Untracked 
|  73|0x00000000e4900000, 0x00000000e4900000, 0x00000000e4a00000|  0%| F|  |TAMS 0x00000000e4900000, 0x00000000e4900000| Untracked 
|  74|0x00000000e4a00000, 0x00000000e4a00000, 0x00000000e4b00000|  0%| F|  |TAMS 0x00000000e4a00000, 0x00000000e4a00000| Untracked 
|  75|0x00000000e4b00000, 0x00000000e4b00000, 0x00000000e4c00000|  0%| F|  |TAMS 0x00000000e4b00000, 0x00000000e4b00000| Untracked 
|  76|0x00000000e4c00000, 0x00000000e4c00000, 0x00000000e4d00000|  0%| F|  |TAMS 0x00000000e4c00000, 0x00000000e4c00000| Untracked 
|  77|0x00000000e4d00000, 0x00000000e4d00000, 0x00000000e4e00000|  0%| F|  |TAMS 0x00000000e4d00000, 0x00000000e4d00000| Untracked 
|  78|0x00000000e4e00000, 0x00000000e4e00000, 0x00000000e4f00000|  0%| F|  |TAMS 0x00000000e4e00000, 0x00000000e4e00000| Untracked 
|  79|0x00000000e4f00000, 0x00000000e4f00000, 0x00000000e5000000|  0%| F|  |TAMS 0x00000000e4f00000, 0x00000000e4f00000| Untracked 
|  80|0x00000000e5000000, 0x00000000e5000000, 0x00000000e5100000|  0%| F|  |TAMS 0x00000000e5000000, 0x00000000e5000000| Untracked 
|  81|0x00000000e5100000, 0x00000000e5100000, 0x00000000e5200000|  0%| F|  |TAMS 0x00000000e5100000, 0x00000000e5100000| Untracked 
|  82|0x00000000e5200000, 0x00000000e5200000, 0x00000000e5300000|  0%| F|  |TAMS 0x00000000e5200000, 0x00000000e5200000| Untracked 
|  83|0x00000000e5300000, 0x00000000e5300000, 0x00000000e5400000|  0%| F|  |TAMS 0x00000000e5300000, 0x00000000e5300000| Untracked 
|  84|0x00000000e5400000, 0x00000000e5400000, 0x00000000e5500000|  0%| F|  |TAMS 0x00000000e5400000, 0x00000000e5400000| Untracked 
|  85|0x00000000e5500000, 0x00000000e5500000, 0x00000000e5600000|  0%| F|  |TAMS 0x00000000e5500000, 0x00000000e5500000| Untracked 
|  86|0x00000000e5600000, 0x00000000e5600000, 0x00000000e5700000|  0%| F|  |TAMS 0x00000000e5600000, 0x00000000e5600000| Untracked 
|  87|0x00000000e5700000, 0x00000000e5700000, 0x00000000e5800000|  0%| F|  |TAMS 0x00000000e5700000, 0x00000000e5700000| Untracked 
|  88|0x00000000e5800000, 0x00000000e5800000, 0x00000000e5900000|  0%| F|  |TAMS 0x00000000e5800000, 0x00000000e5800000| Untracked 
|  89|0x00000000e5900000, 0x00000000e5900000, 0x00000000e5a00000|  0%| F|  |TAMS 0x00000000e5900000, 0x00000000e5900000| Untracked 
|  90|0x00000000e5a00000, 0x00000000e5a00000, 0x00000000e5b00000|  0%| F|  |TAMS 0x00000000e5a00000, 0x00000000e5a00000| Untracked 
|  91|0x00000000e5b00000, 0x00000000e5b00000, 0x00000000e5c00000|  0%| F|  |TAMS 0x00000000e5b00000, 0x00000000e5b00000| Untracked 
|  92|0x00000000e5c00000, 0x00000000e5c26950, 0x00000000e5d00000| 15%| S|CS|TAMS 0x00000000e5c00000, 0x00000000e5c00000| Complete 
|  93|0x00000000e5d00000, 0x00000000e5d00000, 0x00000000e5e00000|  0%| F|  |TAMS 0x00000000e5d00000, 0x00000000e5d00000| Untracked 
|  94|0x00000000e5e00000, 0x00000000e5e00000, 0x00000000e5f00000|  0%| F|  |TAMS 0x00000000e5e00000, 0x00000000e5e00000| Untracked 
|  95|0x00000000e5f00000, 0x00000000e5f00000, 0x00000000e6000000|  0%| F|  |TAMS 0x00000000e5f00000, 0x00000000e5f00000| Untracked 
|  96|0x00000000e6000000, 0x00000000e6000000, 0x00000000e6100000|  0%| F|  |TAMS 0x00000000e6000000, 0x00000000e6000000| Untracked 
|  97|0x00000000e6100000, 0x00000000e6200000, 0x00000000e6200000|100%| S|CS|TAMS 0x00000000e6100000, 0x00000000e6100000| Complete 
|  98|0x00000000e6200000, 0x00000000e6300000, 0x00000000e6300000|100%| S|CS|TAMS 0x00000000e6200000, 0x00000000e6200000| Complete 
|  99|0x00000000e6300000, 0x00000000e6400000, 0x00000000e6400000|100%| S|CS|TAMS 0x00000000e6300000, 0x00000000e6300000| Complete 
| 100|0x00000000e6400000, 0x00000000e6500000, 0x00000000e6500000|100%| S|CS|TAMS 0x00000000e6400000, 0x00000000e6400000| Complete 
| 101|0x00000000e6500000, 0x00000000e6600000, 0x00000000e6600000|100%| S|CS|TAMS 0x00000000e6500000, 0x00000000e6500000| Complete 
| 102|0x00000000e6600000, 0x00000000e6700000, 0x00000000e6700000|100%| S|CS|TAMS 0x00000000e6600000, 0x00000000e6600000| Complete 
| 103|0x00000000e6700000, 0x00000000e6800000, 0x00000000e6800000|100%| S|CS|TAMS 0x00000000e6700000, 0x00000000e6700000| Complete 
| 104|0x00000000e6800000, 0x00000000e6900000, 0x00000000e6900000|100%| S|CS|TAMS 0x00000000e6800000, 0x00000000e6800000| Complete 
| 105|0x00000000e6900000, 0x00000000e6a00000, 0x00000000e6a00000|100%| S|CS|TAMS 0x00000000e6900000, 0x00000000e6900000| Complete 
| 106|0x00000000e6a00000, 0x00000000e6b00000, 0x00000000e6b00000|100%| S|CS|TAMS 0x00000000e6a00000, 0x00000000e6a00000| Complete 
| 107|0x00000000e6b00000, 0x00000000e6b00000, 0x00000000e6c00000|  0%| F|  |TAMS 0x00000000e6b00000, 0x00000000e6b00000| Untracked 
| 108|0x00000000e6c00000, 0x00000000e6c00000, 0x00000000e6d00000|  0%| F|  |TAMS 0x00000000e6c00000, 0x00000000e6c00000| Untracked 
| 109|0x00000000e6d00000, 0x00000000e6d00000, 0x00000000e6e00000|  0%| F|  |TAMS 0x00000000e6d00000, 0x00000000e6d00000| Untracked 
| 110|0x00000000e6e00000, 0x00000000e6e00000, 0x00000000e6f00000|  0%| F|  |TAMS 0x00000000e6e00000, 0x00000000e6e00000| Untracked 
| 111|0x00000000e6f00000, 0x00000000e6f00000, 0x00000000e7000000|  0%| F|  |TAMS 0x00000000e6f00000, 0x00000000e6f00000| Untracked 
| 112|0x00000000e7000000, 0x00000000e7000000, 0x00000000e7100000|  0%| F|  |TAMS 0x00000000e7000000, 0x00000000e7000000| Untracked 
| 113|0x00000000e7100000, 0x00000000e7100000, 0x00000000e7200000|  0%| F|  |TAMS 0x00000000e7100000, 0x00000000e7100000| Untracked 
| 114|0x00000000e7200000, 0x00000000e7200000, 0x00000000e7300000|  0%| F|  |TAMS 0x00000000e7200000, 0x00000000e7200000| Untracked 
| 115|0x00000000e7300000, 0x00000000e7300000, 0x00000000e7400000|  0%| F|  |TAMS 0x00000000e7300000, 0x00000000e7300000| Untracked 
| 116|0x00000000e7400000, 0x00000000e7400000, 0x00000000e7500000|  0%| F|  |TAMS 0x00000000e7400000, 0x00000000e7400000| Untracked 
| 117|0x00000000e7500000, 0x00000000e7500000, 0x00000000e7600000|  0%| F|  |TAMS 0x00000000e7500000, 0x00000000e7500000| Untracked 
| 118|0x00000000e7600000, 0x00000000e7600000, 0x00000000e7700000|  0%| F|  |TAMS 0x00000000e7600000, 0x00000000e7600000| Untracked 
| 119|0x00000000e7700000, 0x00000000e7700000, 0x00000000e7800000|  0%| F|  |TAMS 0x00000000e7700000, 0x00000000e7700000| Untracked 
| 120|0x00000000e7800000, 0x00000000e7800000, 0x00000000e7900000|  0%| F|  |TAMS 0x00000000e7800000, 0x00000000e7800000| Untracked 
| 121|0x00000000e7900000, 0x00000000e7900000, 0x00000000e7a00000|  0%| F|  |TAMS 0x00000000e7900000, 0x00000000e7900000| Untracked 
| 122|0x00000000e7a00000, 0x00000000e7a00000, 0x00000000e7b00000|  0%| F|  |TAMS 0x00000000e7a00000, 0x00000000e7a00000| Untracked 
| 123|0x00000000e7b00000, 0x00000000e7b00000, 0x00000000e7c00000|  0%| F|  |TAMS 0x00000000e7b00000, 0x00000000e7b00000| Untracked 
| 124|0x00000000e7c00000, 0x00000000e7c00000, 0x00000000e7d00000|  0%| F|  |TAMS 0x00000000e7c00000, 0x00000000e7c00000| Untracked 
| 125|0x00000000e7d00000, 0x00000000e7d00000, 0x00000000e7e00000|  0%| F|  |TAMS 0x00000000e7d00000, 0x00000000e7d00000| Untracked 
| 126|0x00000000e7e00000, 0x00000000e7e00000, 0x00000000e7f00000|  0%| F|  |TAMS 0x00000000e7e00000, 0x00000000e7e00000| Untracked 
| 127|0x00000000e7f00000, 0x00000000e7f00000, 0x00000000e8000000|  0%| F|  |TAMS 0x00000000e7f00000, 0x00000000e7f00000| Untracked 
| 128|0x00000000e8000000, 0x00000000e8000000, 0x00000000e8100000|  0%| F|  |TAMS 0x00000000e8000000, 0x00000000e8000000| Untracked 
| 129|0x00000000e8100000, 0x00000000e8100000, 0x00000000e8200000|  0%| F|  |TAMS 0x00000000e8100000, 0x00000000e8100000| Untracked 
| 130|0x00000000e8200000, 0x00000000e8200000, 0x00000000e8300000|  0%| F|  |TAMS 0x00000000e8200000, 0x00000000e8200000| Untracked 
| 131|0x00000000e8300000, 0x00000000e8300000, 0x00000000e8400000|  0%| F|  |TAMS 0x00000000e8300000, 0x00000000e8300000| Untracked 
| 132|0x00000000e8400000, 0x00000000e8400000, 0x00000000e8500000|  0%| F|  |TAMS 0x00000000e8400000, 0x00000000e8400000| Untracked 
| 133|0x00000000e8500000, 0x00000000e8500000, 0x00000000e8600000|  0%| F|  |TAMS 0x00000000e8500000, 0x00000000e8500000| Untracked 
| 134|0x00000000e8600000, 0x00000000e8600000, 0x00000000e8700000|  0%| F|  |TAMS 0x00000000e8600000, 0x00000000e8600000| Untracked 
| 135|0x00000000e8700000, 0x00000000e8700000, 0x00000000e8800000|  0%| F|  |TAMS 0x00000000e8700000, 0x00000000e8700000| Untracked 
| 136|0x00000000e8800000, 0x00000000e8800000, 0x00000000e8900000|  0%| F|  |TAMS 0x00000000e8800000, 0x00000000e8800000| Untracked 
| 137|0x00000000e8900000, 0x00000000e8900000, 0x00000000e8a00000|  0%| F|  |TAMS 0x00000000e8900000, 0x00000000e8900000| Untracked 
| 138|0x00000000e8a00000, 0x00000000e8a00000, 0x00000000e8b00000|  0%| F|  |TAMS 0x00000000e8a00000, 0x00000000e8a00000| Untracked 
| 139|0x00000000e8b00000, 0x00000000e8b00000, 0x00000000e8c00000|  0%| F|  |TAMS 0x00000000e8b00000, 0x00000000e8b00000| Untracked 
| 140|0x00000000e8c00000, 0x00000000e8c00000, 0x00000000e8d00000|  0%| F|  |TAMS 0x00000000e8c00000, 0x00000000e8c00000| Untracked 
| 141|0x00000000e8d00000, 0x00000000e8d00000, 0x00000000e8e00000|  0%| F|  |TAMS 0x00000000e8d00000, 0x00000000e8d00000| Untracked 
| 142|0x00000000e8e00000, 0x00000000e8e00000, 0x00000000e8f00000|  0%| F|  |TAMS 0x00000000e8e00000, 0x00000000e8e00000| Untracked 
| 143|0x00000000e8f00000, 0x00000000e8f00000, 0x00000000e9000000|  0%| F|  |TAMS 0x00000000e8f00000, 0x00000000e8f00000| Untracked 
| 144|0x00000000e9000000, 0x00000000e9000000, 0x00000000e9100000|  0%| F|  |TAMS 0x00000000e9000000, 0x00000000e9000000| Untracked 
| 145|0x00000000e9100000, 0x00000000e9100000, 0x00000000e9200000|  0%| F|  |TAMS 0x00000000e9100000, 0x00000000e9100000| Untracked 
| 146|0x00000000e9200000, 0x00000000e9200000, 0x00000000e9300000|  0%| F|  |TAMS 0x00000000e9200000, 0x00000000e9200000| Untracked 
| 147|0x00000000e9300000, 0x00000000e9300000, 0x00000000e9400000|  0%| F|  |TAMS 0x00000000e9300000, 0x00000000e9300000| Untracked 
| 148|0x00000000e9400000, 0x00000000e9400000, 0x00000000e9500000|  0%| F|  |TAMS 0x00000000e9400000, 0x00000000e9400000| Untracked 
| 149|0x00000000e9500000, 0x00000000e9500000, 0x00000000e9600000|  0%| F|  |TAMS 0x00000000e9500000, 0x00000000e9500000| Untracked 
| 150|0x00000000e9600000, 0x00000000e9600000, 0x00000000e9700000|  0%| F|  |TAMS 0x00000000e9600000, 0x00000000e9600000| Untracked 
| 151|0x00000000e9700000, 0x00000000e9700000, 0x00000000e9800000|  0%| F|  |TAMS 0x00000000e9700000, 0x00000000e9700000| Untracked 
| 152|0x00000000e9800000, 0x00000000e9800000, 0x00000000e9900000|  0%| F|  |TAMS 0x00000000e9800000, 0x00000000e9800000| Untracked 
| 153|0x00000000e9900000, 0x00000000e9900000, 0x00000000e9a00000|  0%| F|  |TAMS 0x00000000e9900000, 0x00000000e9900000| Untracked 
| 154|0x00000000e9a00000, 0x00000000e9a00000, 0x00000000e9b00000|  0%| F|  |TAMS 0x00000000e9a00000, 0x00000000e9a00000| Untracked 
| 155|0x00000000e9b00000, 0x00000000e9b00000, 0x00000000e9c00000|  0%| F|  |TAMS 0x00000000e9b00000, 0x00000000e9b00000| Untracked 
| 156|0x00000000e9c00000, 0x00000000e9c00000, 0x00000000e9d00000|  0%| F|  |TAMS 0x00000000e9c00000, 0x00000000e9c00000| Untracked 
| 157|0x00000000e9d00000, 0x00000000e9d00000, 0x00000000e9e00000|  0%| F|  |TAMS 0x00000000e9d00000, 0x00000000e9d00000| Untracked 
| 158|0x00000000e9e00000, 0x00000000e9e00000, 0x00000000e9f00000|  0%| F|  |TAMS 0x00000000e9e00000, 0x00000000e9e00000| Untracked 
| 159|0x00000000e9f00000, 0x00000000e9f00000, 0x00000000ea000000|  0%| F|  |TAMS 0x00000000e9f00000, 0x00000000e9f00000| Untracked 
| 160|0x00000000ea000000, 0x00000000ea000000, 0x00000000ea100000|  0%| F|  |TAMS 0x00000000ea000000, 0x00000000ea000000| Untracked 
| 161|0x00000000ea100000, 0x00000000ea100000, 0x00000000ea200000|  0%| F|  |TAMS 0x00000000ea100000, 0x00000000ea100000| Untracked 
| 162|0x00000000ea200000, 0x00000000ea200000, 0x00000000ea300000|  0%| F|  |TAMS 0x00000000ea200000, 0x00000000ea200000| Untracked 
| 163|0x00000000ea300000, 0x00000000ea300000, 0x00000000ea400000|  0%| F|  |TAMS 0x00000000ea300000, 0x00000000ea300000| Untracked 
| 164|0x00000000ea400000, 0x00000000ea400000, 0x00000000ea500000|  0%| F|  |TAMS 0x00000000ea400000, 0x00000000ea400000| Untracked 
| 165|0x00000000ea500000, 0x00000000ea500000, 0x00000000ea600000|  0%| F|  |TAMS 0x00000000ea500000, 0x00000000ea500000| Untracked 
| 166|0x00000000ea600000, 0x00000000ea600000, 0x00000000ea700000|  0%| F|  |TAMS 0x00000000ea600000, 0x00000000ea600000| Untracked 
| 167|0x00000000ea700000, 0x00000000ea700000, 0x00000000ea800000|  0%| F|  |TAMS 0x00000000ea700000, 0x00000000ea700000| Untracked 
| 168|0x00000000ea800000, 0x00000000ea800000, 0x00000000ea900000|  0%| F|  |TAMS 0x00000000ea800000, 0x00000000ea800000| Untracked 
| 169|0x00000000ea900000, 0x00000000ea900000, 0x00000000eaa00000|  0%| F|  |TAMS 0x00000000ea900000, 0x00000000ea900000| Untracked 
| 170|0x00000000eaa00000, 0x00000000eaa00000, 0x00000000eab00000|  0%| F|  |TAMS 0x00000000eaa00000, 0x00000000eaa00000| Untracked 
| 171|0x00000000eab00000, 0x00000000eab00000, 0x00000000eac00000|  0%| F|  |TAMS 0x00000000eab00000, 0x00000000eab00000| Untracked 
| 172|0x00000000eac00000, 0x00000000eac00000, 0x00000000ead00000|  0%| F|  |TAMS 0x00000000eac00000, 0x00000000eac00000| Untracked 
| 173|0x00000000ead00000, 0x00000000ead00000, 0x00000000eae00000|  0%| F|  |TAMS 0x00000000ead00000, 0x00000000ead00000| Untracked 
| 174|0x00000000eae00000, 0x00000000eae00000, 0x00000000eaf00000|  0%| F|  |TAMS 0x00000000eae00000, 0x00000000eae00000| Untracked 
| 175|0x00000000eaf00000, 0x00000000eaf00000, 0x00000000eb000000|  0%| F|  |TAMS 0x00000000eaf00000, 0x00000000eaf00000| Untracked 
| 176|0x00000000eb000000, 0x00000000eb000000, 0x00000000eb100000|  0%| F|  |TAMS 0x00000000eb000000, 0x00000000eb000000| Untracked 
| 177|0x00000000eb100000, 0x00000000eb100000, 0x00000000eb200000|  0%| F|  |TAMS 0x00000000eb100000, 0x00000000eb100000| Untracked 
| 178|0x00000000eb200000, 0x00000000eb200000, 0x00000000eb300000|  0%| F|  |TAMS 0x00000000eb200000, 0x00000000eb200000| Untracked 
| 179|0x00000000eb300000, 0x00000000eb300000, 0x00000000eb400000|  0%| F|  |TAMS 0x00000000eb300000, 0x00000000eb300000| Untracked 
| 180|0x00000000eb400000, 0x00000000eb400000, 0x00000000eb500000|  0%| F|  |TAMS 0x00000000eb400000, 0x00000000eb400000| Untracked 
| 181|0x00000000eb500000, 0x00000000eb500000, 0x00000000eb600000|  0%| F|  |TAMS 0x00000000eb500000, 0x00000000eb500000| Untracked 
| 182|0x00000000eb600000, 0x00000000eb600000, 0x00000000eb700000|  0%| F|  |TAMS 0x00000000eb600000, 0x00000000eb600000| Untracked 
| 183|0x00000000eb700000, 0x00000000eb700000, 0x00000000eb800000|  0%| F|  |TAMS 0x00000000eb700000, 0x00000000eb700000| Untracked 
| 184|0x00000000eb800000, 0x00000000eb800000, 0x00000000eb900000|  0%| F|  |TAMS 0x00000000eb800000, 0x00000000eb800000| Untracked 
| 185|0x00000000eb900000, 0x00000000eb900000, 0x00000000eba00000|  0%| F|  |TAMS 0x00000000eb900000, 0x00000000eb900000| Untracked 
| 186|0x00000000eba00000, 0x00000000eba00000, 0x00000000ebb00000|  0%| F|  |TAMS 0x00000000eba00000, 0x00000000eba00000| Untracked 
| 187|0x00000000ebb00000, 0x00000000ebb00000, 0x00000000ebc00000|  0%| F|  |TAMS 0x00000000ebb00000, 0x00000000ebb00000| Untracked 
| 188|0x00000000ebc00000, 0x00000000ebc00000, 0x00000000ebd00000|  0%| F|  |TAMS 0x00000000ebc00000, 0x00000000ebc00000| Untracked 
| 189|0x00000000ebd00000, 0x00000000ebd00000, 0x00000000ebe00000|  0%| F|  |TAMS 0x00000000ebd00000, 0x00000000ebd00000| Untracked 
| 190|0x00000000ebe00000, 0x00000000ebe00000, 0x00000000ebf00000|  0%| F|  |TAMS 0x00000000ebe00000, 0x00000000ebe00000| Untracked 
| 191|0x00000000ebf00000, 0x00000000ebf00000, 0x00000000ec000000|  0%| F|  |TAMS 0x00000000ebf00000, 0x00000000ebf00000| Untracked 
| 192|0x00000000ec000000, 0x00000000ec000000, 0x00000000ec100000|  0%| F|  |TAMS 0x00000000ec000000, 0x00000000ec000000| Untracked 
| 193|0x00000000ec100000, 0x00000000ec100000, 0x00000000ec200000|  0%| F|  |TAMS 0x00000000ec100000, 0x00000000ec100000| Untracked 
| 194|0x00000000ec200000, 0x00000000ec200000, 0x00000000ec300000|  0%| F|  |TAMS 0x00000000ec200000, 0x00000000ec200000| Untracked 
| 195|0x00000000ec300000, 0x00000000ec300000, 0x00000000ec400000|  0%| F|  |TAMS 0x00000000ec300000, 0x00000000ec300000| Untracked 
| 196|0x00000000ec400000, 0x00000000ec400000, 0x00000000ec500000|  0%| F|  |TAMS 0x00000000ec400000, 0x00000000ec400000| Untracked 
| 197|0x00000000ec500000, 0x00000000ec500000, 0x00000000ec600000|  0%| F|  |TAMS 0x00000000ec500000, 0x00000000ec500000| Untracked 
| 198|0x00000000ec600000, 0x00000000ec600000, 0x00000000ec700000|  0%| F|  |TAMS 0x00000000ec600000, 0x00000000ec600000| Untracked 
| 199|0x00000000ec700000, 0x00000000ec700000, 0x00000000ec800000|  0%| F|  |TAMS 0x00000000ec700000, 0x00000000ec700000| Untracked 
| 200|0x00000000ec800000, 0x00000000ec800000, 0x00000000ec900000|  0%| F|  |TAMS 0x00000000ec800000, 0x00000000ec800000| Untracked 
| 201|0x00000000ec900000, 0x00000000ec900000, 0x00000000eca00000|  0%| F|  |TAMS 0x00000000ec900000, 0x00000000ec900000| Untracked 
| 202|0x00000000eca00000, 0x00000000eca00000, 0x00000000ecb00000|  0%| F|  |TAMS 0x00000000eca00000, 0x00000000eca00000| Untracked 
| 203|0x00000000ecb00000, 0x00000000ecb00000, 0x00000000ecc00000|  0%| F|  |TAMS 0x00000000ecb00000, 0x00000000ecb00000| Untracked 
| 204|0x00000000ecc00000, 0x00000000ecc00000, 0x00000000ecd00000|  0%| F|  |TAMS 0x00000000ecc00000, 0x00000000ecc00000| Untracked 
| 205|0x00000000ecd00000, 0x00000000ecd00000, 0x00000000ece00000|  0%| F|  |TAMS 0x00000000ecd00000, 0x00000000ecd00000| Untracked 
| 206|0x00000000ece00000, 0x00000000ece00000, 0x00000000ecf00000|  0%| F|  |TAMS 0x00000000ece00000, 0x00000000ece00000| Untracked 
| 207|0x00000000ecf00000, 0x00000000ecf00000, 0x00000000ed000000|  0%| F|  |TAMS 0x00000000ecf00000, 0x00000000ecf00000| Untracked 
| 208|0x00000000ed000000, 0x00000000ed000000, 0x00000000ed100000|  0%| F|  |TAMS 0x00000000ed000000, 0x00000000ed000000| Untracked 
| 209|0x00000000ed100000, 0x00000000ed100000, 0x00000000ed200000|  0%| F|  |TAMS 0x00000000ed100000, 0x00000000ed100000| Untracked 
| 210|0x00000000ed200000, 0x00000000ed200000, 0x00000000ed300000|  0%| F|  |TAMS 0x00000000ed200000, 0x00000000ed200000| Untracked 
| 211|0x00000000ed300000, 0x00000000ed300000, 0x00000000ed400000|  0%| F|  |TAMS 0x00000000ed300000, 0x00000000ed300000| Untracked 
| 212|0x00000000ed400000, 0x00000000ed400000, 0x00000000ed500000|  0%| F|  |TAMS 0x00000000ed400000, 0x00000000ed400000| Untracked 
| 213|0x00000000ed500000, 0x00000000ed500000, 0x00000000ed600000|  0%| F|  |TAMS 0x00000000ed500000, 0x00000000ed500000| Untracked 
| 214|0x00000000ed600000, 0x00000000ed600000, 0x00000000ed700000|  0%| F|  |TAMS 0x00000000ed600000, 0x00000000ed600000| Untracked 
| 215|0x00000000ed700000, 0x00000000ed700000, 0x00000000ed800000|  0%| F|  |TAMS 0x00000000ed700000, 0x00000000ed700000| Untracked 
| 216|0x00000000ed800000, 0x00000000ed800000, 0x00000000ed900000|  0%| F|  |TAMS 0x00000000ed800000, 0x00000000ed800000| Untracked 
| 217|0x00000000ed900000, 0x00000000ed900000, 0x00000000eda00000|  0%| F|  |TAMS 0x00000000ed900000, 0x00000000ed900000| Untracked 
| 218|0x00000000eda00000, 0x00000000eda00000, 0x00000000edb00000|  0%| F|  |TAMS 0x00000000eda00000, 0x00000000eda00000| Untracked 
| 219|0x00000000edb00000, 0x00000000edb00000, 0x00000000edc00000|  0%| F|  |TAMS 0x00000000edb00000, 0x00000000edb00000| Untracked 
| 220|0x00000000edc00000, 0x00000000edc00000, 0x00000000edd00000|  0%| F|  |TAMS 0x00000000edc00000, 0x00000000edc00000| Untracked 
| 221|0x00000000edd00000, 0x00000000edd00000, 0x00000000ede00000|  0%| F|  |TAMS 0x00000000edd00000, 0x00000000edd00000| Untracked 
| 222|0x00000000ede00000, 0x00000000ede00000, 0x00000000edf00000|  0%| F|  |TAMS 0x00000000ede00000, 0x00000000ede00000| Untracked 
| 223|0x00000000edf00000, 0x00000000edf00000, 0x00000000ee000000|  0%| F|  |TAMS 0x00000000edf00000, 0x00000000edf00000| Untracked 
| 224|0x00000000ee000000, 0x00000000ee000000, 0x00000000ee100000|  0%| F|  |TAMS 0x00000000ee000000, 0x00000000ee000000| Untracked 
| 225|0x00000000ee100000, 0x00000000ee100000, 0x00000000ee200000|  0%| F|  |TAMS 0x00000000ee100000, 0x00000000ee100000| Untracked 
| 226|0x00000000ee200000, 0x00000000ee200000, 0x00000000ee300000|  0%| F|  |TAMS 0x00000000ee200000, 0x00000000ee200000| Untracked 
| 227|0x00000000ee300000, 0x00000000ee300000, 0x00000000ee400000|  0%| F|  |TAMS 0x00000000ee300000, 0x00000000ee300000| Untracked 
| 228|0x00000000ee400000, 0x00000000ee478920, 0x00000000ee500000| 47%| E|  |TAMS 0x00000000ee400000, 0x00000000ee400000| Complete 
| 229|0x00000000ee500000, 0x00000000ee600000, 0x00000000ee600000|100%| E|CS|TAMS 0x00000000ee500000, 0x00000000ee500000| Complete 
| 230|0x00000000ee600000, 0x00000000ee700000, 0x00000000ee700000|100%| E|CS|TAMS 0x00000000ee600000, 0x00000000ee600000| Complete 
| 231|0x00000000ee700000, 0x00000000ee800000, 0x00000000ee800000|100%| E|CS|TAMS 0x00000000ee700000, 0x00000000ee700000| Complete 
| 232|0x00000000ee800000, 0x00000000ee900000, 0x00000000ee900000|100%| E|CS|TAMS 0x00000000ee800000, 0x00000000ee800000| Complete 
| 233|0x00000000ee900000, 0x00000000eea00000, 0x00000000eea00000|100%| E|CS|TAMS 0x00000000ee900000, 0x00000000ee900000| Complete 
| 234|0x00000000eea00000, 0x00000000eeb00000, 0x00000000eeb00000|100%| E|CS|TAMS 0x00000000eea00000, 0x00000000eea00000| Complete 
| 235|0x00000000eeb00000, 0x00000000eec00000, 0x00000000eec00000|100%| E|CS|TAMS 0x00000000eeb00000, 0x00000000eeb00000| Complete 
| 236|0x00000000eec00000, 0x00000000eed00000, 0x00000000eed00000|100%| E|CS|TAMS 0x00000000eec00000, 0x00000000eec00000| Complete 
| 237|0x00000000eed00000, 0x00000000eee00000, 0x00000000eee00000|100%| E|CS|TAMS 0x00000000eed00000, 0x00000000eed00000| Complete 
| 238|0x00000000eee00000, 0x00000000eef00000, 0x00000000eef00000|100%| E|CS|TAMS 0x00000000eee00000, 0x00000000eee00000| Complete 
| 239|0x00000000eef00000, 0x00000000ef000000, 0x00000000ef000000|100%| E|CS|TAMS 0x00000000eef00000, 0x00000000eef00000| Complete 
| 240|0x00000000ef000000, 0x00000000ef100000, 0x00000000ef100000|100%| E|CS|TAMS 0x00000000ef000000, 0x00000000ef000000| Complete 
| 241|0x00000000ef100000, 0x00000000ef200000, 0x00000000ef200000|100%| E|CS|TAMS 0x00000000ef100000, 0x00000000ef100000| Complete 
| 242|0x00000000ef200000, 0x00000000ef300000, 0x00000000ef300000|100%| E|CS|TAMS 0x00000000ef200000, 0x00000000ef200000| Complete 
| 243|0x00000000ef300000, 0x00000000ef400000, 0x00000000ef400000|100%| E|CS|TAMS 0x00000000ef300000, 0x00000000ef300000| Complete 
| 244|0x00000000ef400000, 0x00000000ef500000, 0x00000000ef500000|100%| E|  |TAMS 0x00000000ef400000, 0x00000000ef400000| Complete 
| 245|0x00000000ef500000, 0x00000000ef600000, 0x00000000ef600000|100%| E|CS|TAMS 0x00000000ef500000, 0x00000000ef500000| Complete 
| 246|0x00000000ef600000, 0x00000000ef700000, 0x00000000ef700000|100%| E|CS|TAMS 0x00000000ef600000, 0x00000000ef600000| Complete 
| 247|0x00000000ef700000, 0x00000000ef800000, 0x00000000ef800000|100%| E|CS|TAMS 0x00000000ef700000, 0x00000000ef700000| Complete 
| 248|0x00000000ef800000, 0x00000000ef900000, 0x00000000ef900000|100%| E|CS|TAMS 0x00000000ef800000, 0x00000000ef800000| Complete 
| 249|0x00000000ef900000, 0x00000000efa00000, 0x00000000efa00000|100%| E|CS|TAMS 0x00000000ef900000, 0x00000000ef900000| Complete 
| 250|0x00000000efa00000, 0x00000000efb00000, 0x00000000efb00000|100%| E|CS|TAMS 0x00000000efa00000, 0x00000000efa00000| Complete 
| 251|0x00000000efb00000, 0x00000000efc00000, 0x00000000efc00000|100%| E|CS|TAMS 0x00000000efb00000, 0x00000000efb00000| Complete 
| 252|0x00000000efc00000, 0x00000000efd00000, 0x00000000efd00000|100%| E|CS|TAMS 0x00000000efc00000, 0x00000000efc00000| Complete 
| 253|0x00000000efd00000, 0x00000000efe00000, 0x00000000efe00000|100%| E|CS|TAMS 0x00000000efd00000, 0x00000000efd00000| Complete 
| 254|0x00000000efe00000, 0x00000000eff00000, 0x00000000eff00000|100%| E|CS|TAMS 0x00000000efe00000, 0x00000000efe00000| Complete 
| 255|0x00000000eff00000, 0x00000000f0000000, 0x00000000f0000000|100%| E|CS|TAMS 0x00000000eff00000, 0x00000000eff00000| Complete 

Card table byte_map: [0x000002099a1a0000,0x000002099a2a0000] _byte_map_base: 0x0000020999aa0000

Marking Bits (Prev, Next): (CMBitMap*) 0x000002099a4fd5b0, (CMBitMap*) 0x000002099a4fd570
 Prev Bits: [0x00000209b14d0000, 0x00000209b1cd0000)
 Next Bits: [0x00000209b0cd0000, 0x00000209b14d0000)

Polling page: 0x0000020998840000

Metaspace:

Usage:
  Non-class:     71.47 MB used.
      Class:     11.06 MB used.
       Both:     82.54 MB used.

Virtual space:
  Non-class space:       80.00 MB reserved,      71.81 MB ( 90%) committed,  10 nodes.
      Class space:      308.00 MB reserved,      11.31 MB (  4%) committed,  1 nodes.
             Both:      388.00 MB reserved,      83.12 MB ( 21%) committed. 

Chunk freelists:
   Non-Class:  3.66 MB
       Class:  576.00 KB
        Both:  4.22 MB

MaxMetaspaceSize: 384.00 MB
CompressedClassSpaceSize: 308.00 MB
Initial GC threshold: 21.00 MB
Current GC threshold: 98.25 MB
CDS: on
MetaspaceReclaimPolicy: balanced
 - commit_granule_bytes: 65536.
 - commit_granule_words: 8192.
 - virtual_space_node_default_size: 1048576.
 - enlarge_chunks_in_place: 1.
 - new_chunks_are_fully_committed: 0.
 - uncommit_free_chunks: 1.
 - use_allocation_guard: 0.
 - handle_deallocations: 1.


Internal statistics:

num_allocs_failed_limit: 9.
num_arena_births: 772.
num_arena_deaths: 0.
num_vsnodes_births: 11.
num_vsnodes_deaths: 0.
num_space_committed: 1330.
num_space_uncommitted: 0.
num_chunks_returned_to_freelist: 9.
num_chunks_taken_from_freelist: 4072.
num_chunk_merges: 9.
num_chunk_splits: 2692.
num_chunks_enlarged: 1834.
num_purges: 0.
num_inconsistent_stats: 0.

CodeHeap 'non-profiled nmethods': size=120064Kb used=7736Kb max_used=7736Kb free=112327Kb
 bounds [0x00000209a9790000, 0x00000209a9f20000, 0x00000209b0cd0000]
CodeHeap 'profiled nmethods': size=120000Kb used=25253Kb max_used=25253Kb free=94746Kb
 bounds [0x00000209a2260000, 0x00000209a3b10000, 0x00000209a9790000]
CodeHeap 'non-nmethods': size=5696Kb used=2405Kb max_used=2439Kb free=3290Kb
 bounds [0x00000209a1cd0000, 0x00000209a1f40000, 0x00000209a2260000]
 total_blobs=13468 nmethods=12532 adapters=848
 compilation: enabled
              stopped_count=0, restarted_count=0
 full_count=0

Compilation events (20 events):
Event: 268.445 Thread 0x00000209b40809a0 14658       4       java.nio.ByteBuffer::<init> (47 bytes)
Event: 268.449 Thread 0x00000209b40809a0 nmethod 14658 0x00000209a9f1d490 code [0x00000209a9f1d620, 0x00000209a9f1d918]
Event: 268.452 Thread 0x00000209b40809a0 14659       4       org.gradle.cache.internal.btree.CachingBlockStore::read (56 bytes)
Event: 268.465 Thread 0x00000209b40ecbb0 14661       3       org.gradle.api.internal.changedetection.state.DefaultResourceSnapshotterCacheService::hashFile (98 bytes)
Event: 268.467 Thread 0x00000209b40ecbb0 nmethod 14661 0x00000209a3af8810 code [0x00000209a3af8c00, 0x00000209a3afabd8]
Event: 268.559 Thread 0x00000209b40ecbb0 14662       3       org.gradle.api.internal.changedetection.state.DefaultResourceSnapshotterCacheService::hashFile (19 bytes)
Event: 268.560 Thread 0x00000209b40ecbb0 nmethod 14662 0x00000209a3afb690 code [0x00000209a3afb8a0, 0x00000209a3afc018]
Event: 268.651 Thread 0x00000209b40ecbb0 14663       3       org.gradle.api.internal.collections.ListElementSource$$Lambda$592/0x000000080109fd98::isSatisfiedBy (8 bytes)
Event: 268.651 Thread 0x00000209b40ecbb0 nmethod 14663 0x00000209a3afc310 code [0x00000209a3afc4c0, 0x00000209a3afc718]
Event: 268.651 Thread 0x00000209b40ecbb0 14664       3       org.gradle.api.internal.collections.ListElementSource$RealizedElementListIterator::next (59 bytes)
Event: 268.652 Thread 0x00000209b40ecbb0 nmethod 14664 0x00000209a3afc810 code [0x00000209a3afca00, 0x00000209a3afcf58]
Event: 268.659 Thread 0x00000209b40ecbb0 14665       3       org.gradle.api.internal.file.collections.UnpackingVisitor::<init> (38 bytes)
Event: 268.659 Thread 0x00000209b40ecbb0 nmethod 14665 0x00000209a3afd110 code [0x00000209a3afd2c0, 0x00000209a3afd5f8]
Event: 268.660 Thread 0x00000209b40ecbb0 14666       3       org.gradle.internal.collect.PersistentList$1::forEach (1 bytes)
Event: 268.660 Thread 0x00000209b40ecbb0 nmethod 14666 0x00000209a3afd710 code [0x00000209a3afd8a0, 0x00000209a3afd9b8]
Event: 268.662 Thread 0x00000209b40ecbb0 14667       3       org.gradle.execution.plan.MissingTaskDependencyDetector$1$$Lambda$1795/0x0000000801509020::accept (12 bytes)
Event: 268.662 Thread 0x00000209b40ecbb0 nmethod 14667 0x00000209a3afda90 code [0x00000209a3afdc60, 0x00000209a3afe038]
Event: 268.663 Thread 0x00000209b40ecbb0 14668       3       org.gradle.internal.properties.bean.DefaultPropertyWalker$CachedPropertyValue::call (10 bytes)
Event: 268.664 Thread 0x00000209b40ecbb0 nmethod 14668 0x00000209a3afe210 code [0x00000209a3afe3c0, 0x00000209a3afe588]
Event: 268.670 Thread 0x00000209b40ecbb0 14669       3       org.gradle.internal.snapshot.VfsRelativePath::lengthOfCommonPrefix (173 bytes)

GC Heap History (20 events):
Event: 235.583 GC heap before
{Heap before GC invocations=16 (full 0):
 garbage-first heap   total 262144K, used 205824K [0x00000000e0000000, 0x0000000100000000)
  region size 1024K, 153 young (156672K), 12 survivors (12288K)
 Metaspace       used 74153K, committed 74752K, reserved 380928K
  class space    used 10114K, committed 10368K, reserved 315392K
}
Event: 235.716 GC heap after
{Heap after GC invocations=17 (full 0):
 garbage-first heap   total 262144K, used 63267K [0x00000000e0000000, 0x0000000100000000)
  region size 1024K, 12 young (12288K), 12 survivors (12288K)
 Metaspace       used 74153K, committed 74752K, reserved 380928K
  class space    used 10114K, committed 10368K, reserved 315392K
}
Event: 248.549 GC heap before
{Heap before GC invocations=17 (full 0):
 garbage-first heap   total 262144K, used 207651K [0x00000000e0000000, 0x0000000100000000)
  region size 1024K, 153 young (156672K), 12 survivors (12288K)
 Metaspace       used 83053K, committed 83712K, reserved 389120K
  class space    used 11162K, committed 11456K, reserved 315392K
}
Event: 248.647 GC heap after
{Heap after GC invocations=18 (full 0):
 garbage-first heap   total 262144K, used 68911K [0x00000000e0000000, 0x0000000100000000)
  region size 1024K, 14 young (14336K), 14 survivors (14336K)
 Metaspace       used 83053K, committed 83712K, reserved 389120K
  class space    used 11162K, committed 11456K, reserved 315392K
}
Event: 249.304 GC heap before
{Heap before GC invocations=18 (full 0):
 garbage-first heap   total 262144K, used 208175K [0x00000000e0000000, 0x0000000100000000)
  region size 1024K, 149 young (152576K), 14 survivors (14336K)
 Metaspace       used 83058K, committed 83712K, reserved 389120K
  class space    used 11162K, committed 11456K, reserved 315392K
}
Event: 249.344 GC heap after
{Heap after GC invocations=19 (full 0):
 garbage-first heap   total 262144K, used 69420K [0x00000000e0000000, 0x0000000100000000)
  region size 1024K, 10 young (10240K), 10 survivors (10240K)
 Metaspace       used 83058K, committed 83712K, reserved 389120K
  class space    used 11162K, committed 11456K, reserved 315392K
}
Event: 250.652 GC heap before
{Heap before GC invocations=19 (full 0):
 garbage-first heap   total 262144K, used 212780K [0x00000000e0000000, 0x0000000100000000)
  region size 1024K, 149 young (152576K), 10 survivors (10240K)
 Metaspace       used 83156K, committed 83776K, reserved 389120K
  class space    used 11173K, committed 11456K, reserved 315392K
}
Event: 250.674 GC heap after
{Heap after GC invocations=20 (full 0):
 garbage-first heap   total 262144K, used 69420K [0x00000000e0000000, 0x0000000100000000)
  region size 1024K, 10 young (10240K), 10 survivors (10240K)
 Metaspace       used 83156K, committed 83776K, reserved 389120K
  class space    used 11173K, committed 11456K, reserved 315392K
}
Event: 251.930 GC heap before
{Heap before GC invocations=20 (full 0):
 garbage-first heap   total 262144K, used 216876K [0x00000000e0000000, 0x0000000100000000)
  region size 1024K, 153 young (156672K), 10 survivors (10240K)
 Metaspace       used 83243K, committed 83904K, reserved 389120K
  class space    used 11184K, committed 11456K, reserved 315392K
}
Event: 251.957 GC heap after
{Heap after GC invocations=21 (full 0):
 garbage-first heap   total 262144K, used 69574K [0x00000000e0000000, 0x0000000100000000)
  region size 1024K, 10 young (10240K), 10 survivors (10240K)
 Metaspace       used 83243K, committed 83904K, reserved 389120K
  class space    used 11184K, committed 11456K, reserved 315392K
}
Event: 252.330 GC heap before
{Heap before GC invocations=21 (full 0):
 garbage-first heap   total 262144K, used 217030K [0x00000000e0000000, 0x0000000100000000)
  region size 1024K, 153 young (156672K), 10 survivors (10240K)
 Metaspace       used 83247K, committed 83904K, reserved 389120K
  class space    used 11184K, committed 11456K, reserved 315392K
}
Event: 252.352 GC heap after
{Heap after GC invocations=22 (full 0):
 garbage-first heap   total 262144K, used 69420K [0x00000000e0000000, 0x0000000100000000)
  region size 1024K, 10 young (10240K), 10 survivors (10240K)
 Metaspace       used 83247K, committed 83904K, reserved 389120K
  class space    used 11184K, committed 11456K, reserved 315392K
}
Event: 252.715 GC heap before
{Heap before GC invocations=22 (full 0):
 garbage-first heap   total 262144K, used 216876K [0x00000000e0000000, 0x0000000100000000)
  region size 1024K, 153 young (156672K), 10 survivors (10240K)
 Metaspace       used 83249K, committed 83904K, reserved 389120K
  class space    used 11184K, committed 11456K, reserved 315392K
}
Event: 252.739 GC heap after
{Heap after GC invocations=23 (full 0):
 garbage-first heap   total 262144K, used 69420K [0x00000000e0000000, 0x0000000100000000)
  region size 1024K, 10 young (10240K), 10 survivors (10240K)
 Metaspace       used 83249K, committed 83904K, reserved 389120K
  class space    used 11184K, committed 11456K, reserved 315392K
}
Event: 253.932 GC heap before
{Heap before GC invocations=23 (full 0):
 garbage-first heap   total 262144K, used 216876K [0x00000000e0000000, 0x0000000100000000)
  region size 1024K, 153 young (156672K), 10 survivors (10240K)
 Metaspace       used 83749K, committed 84352K, reserved 389120K
  class space    used 11236K, committed 11520K, reserved 315392K
}
Event: 253.957 GC heap after
{Heap after GC invocations=24 (full 0):
 garbage-first heap   total 262144K, used 69932K [0x00000000e0000000, 0x0000000100000000)
  region size 1024K, 10 young (10240K), 10 survivors (10240K)
 Metaspace       used 83749K, committed 84352K, reserved 389120K
  class space    used 11236K, committed 11520K, reserved 315392K
}
Event: 256.367 GC heap before
{Heap before GC invocations=24 (full 0):
 garbage-first heap   total 262144K, used 217388K [0x00000000e0000000, 0x0000000100000000)
  region size 1024K, 153 young (156672K), 10 survivors (10240K)
 Metaspace       used 83843K, committed 84544K, reserved 389120K
  class space    used 11241K, committed 11520K, reserved 315392K
}
Event: 256.394 GC heap after
{Heap after GC invocations=25 (full 0):
 garbage-first heap   total 262144K, used 69932K [0x00000000e0000000, 0x0000000100000000)
  region size 1024K, 10 young (10240K), 10 survivors (10240K)
 Metaspace       used 83843K, committed 84544K, reserved 389120K
  class space    used 11241K, committed 11520K, reserved 315392K
}
Event: 259.553 GC heap before
{Heap before GC invocations=25 (full 0):
 garbage-first heap   total 262144K, used 217388K [0x00000000e0000000, 0x0000000100000000)
  region size 1024K, 153 young (156672K), 10 survivors (10240K)
 Metaspace       used 83922K, committed 84544K, reserved 389120K
  class space    used 11250K, committed 11520K, reserved 315392K
}
Event: 259.585 GC heap after
{Heap after GC invocations=26 (full 0):
 garbage-first heap   total 262144K, used 70086K [0x00000000e0000000, 0x0000000100000000)
  region size 1024K, 11 young (11264K), 11 survivors (11264K)
 Metaspace       used 83922K, committed 84544K, reserved 389120K
  class space    used 11250K, committed 11520K, reserved 315392K
}

Deoptimization events (20 events):
Event: 267.924 Thread 0x00000209b7538590 Uncommon trap: trap_request=0xffffff45 fr.pc=0x00000209a9c3a9d4 relative=0x0000000000000634
Event: 267.924 Thread 0x00000209b7538590 Uncommon trap: reason=unstable_if action=reinterpret pc=0x00000209a9c3a9d4 method=org.gradle.internal.snapshot.PathUtil.equalChars(CCLorg/gradle/internal/snapshot/CaseSensitivity;)Z @ 11 c2
Event: 267.924 Thread 0x00000209b7538590 DEOPT PACKING pc=0x00000209a9c3a9d4 sp=0x0000007e92df8b10
Event: 267.924 Thread 0x00000209b7538590 DEOPT UNPACKING pc=0x00000209a1d2239d sp=0x0000007e92df8a30 mode 2
Event: 268.230 Thread 0x00000209b7538590 Uncommon trap: trap_request=0xffffffc6 fr.pc=0x00000209a99f6cf8 relative=0x0000000000000258
Event: 268.230 Thread 0x00000209b7538590 Uncommon trap: reason=bimorphic_or_optimized_type_check action=maybe_recompile pc=0x00000209a99f6cf8 method=java.util.stream.StreamOpFlag.fromCharacteristics(Ljava/util/Spliterator;)I @ 14 c2
Event: 268.231 Thread 0x00000209b7538590 DEOPT PACKING pc=0x00000209a99f6cf8 sp=0x0000007e92df9b90
Event: 268.232 Thread 0x00000209b7538590 DEOPT UNPACKING pc=0x00000209a1d2239d sp=0x0000007e92df9a78 mode 2
Event: 268.257 Thread 0x00000209b7538590 Uncommon trap: trap_request=0xffffffc6 fr.pc=0x00000209a99f6cf8 relative=0x0000000000000258
Event: 268.257 Thread 0x00000209b7538590 Uncommon trap: reason=bimorphic_or_optimized_type_check action=maybe_recompile pc=0x00000209a99f6cf8 method=java.util.stream.StreamOpFlag.fromCharacteristics(Ljava/util/Spliterator;)I @ 14 c2
Event: 268.257 Thread 0x00000209b7538590 DEOPT PACKING pc=0x00000209a99f6cf8 sp=0x0000007e92df9b80
Event: 268.257 Thread 0x00000209b7538590 DEOPT UNPACKING pc=0x00000209a1d2239d sp=0x0000007e92df9a68 mode 2
Event: 268.273 Thread 0x00000209b7538590 Uncommon trap: trap_request=0xffffffc6 fr.pc=0x00000209a99d9ed0 relative=0x0000000000000230
Event: 268.273 Thread 0x00000209b7538590 Uncommon trap: reason=bimorphic_or_optimized_type_check action=maybe_recompile pc=0x00000209a99d9ed0 method=java.util.stream.StreamOpFlag.fromCharacteristics(Ljava/util/Spliterator;)I @ 14 c2
Event: 268.273 Thread 0x00000209b7538590 DEOPT PACKING pc=0x00000209a99d9ed0 sp=0x0000007e92df9b20
Event: 268.273 Thread 0x00000209b7538590 DEOPT UNPACKING pc=0x00000209a1d2239d sp=0x0000007e92df9a70 mode 2
Event: 268.297 Thread 0x00000209b7538590 Uncommon trap: trap_request=0xffffffc6 fr.pc=0x00000209a99d9608 relative=0x0000000000000068
Event: 268.297 Thread 0x00000209b7538590 Uncommon trap: reason=bimorphic_or_optimized_type_check action=maybe_recompile pc=0x00000209a99d9608 method=java.util.stream.StreamOpFlag.fromCharacteristics(Ljava/util/Spliterator;)I @ 14 c2
Event: 268.297 Thread 0x00000209b7538590 DEOPT PACKING pc=0x00000209a99d9608 sp=0x0000007e92df9ad0
Event: 268.297 Thread 0x00000209b7538590 DEOPT UNPACKING pc=0x00000209a1d2239d sp=0x0000007e92df9a68 mode 2

Classes unloaded (0 events):
No events

Classes redefined (0 events):
No events

Internal exceptions (20 events):
Event: 250.352 Thread 0x00000209b753a270 Exception <a 'java/lang/NoSuchMethodError'{0x00000000ebda44f8}: static Lorg/springframework/boot/gradle/tasks/bundling/LayeredSpec$ApplicationSpec_Decorated;.<clinit>()V> (0x00000000ebda44f8) 
thrown [t:\workspace\open\src\hotspot\share\prims\jni.cpp, line 1107]
Event: 250.353 Thread 0x00000209b753a270 Exception <a 'java/lang/NoSuchMethodError'{0x00000000ebda9400}: static Lorg/springframework/boot/gradle/tasks/bundling/LayeredSpec$ApplicationSpec;.<clinit>()V> (0x00000000ebda9400) 
thrown [t:\workspace\open\src\hotspot\share\prims\jni.cpp, line 1107]
Event: 250.353 Thread 0x00000209b753a270 Exception <a 'java/lang/NoSuchMethodError'{0x00000000ebdab428}: static Lorg/springframework/boot/gradle/tasks/bundling/LayeredSpec$IntoLayersSpec;.<clinit>()V> (0x00000000ebdab428) 
thrown [t:\workspace\open\src\hotspot\share\prims\jni.cpp, line 1107]
Event: 250.361 Thread 0x00000209b753a270 Exception <a 'java/lang/NoSuchMethodError'{0x00000000ebdc0c18}: static Lorg/springframework/boot/gradle/tasks/bundling/LayeredSpec$ApplicationSpec$IntoLayerSpecFactory;.<clinit>()V> (0x00000000ebdc0c18) 
thrown [t:\workspace\open\src\hotspot\share\prims\jni.cpp, line 1107]
Event: 250.364 Thread 0x00000209b753a270 Exception <a 'java/lang/NoSuchMethodError'{0x00000000ebddb250}: static Lorg/springframework/boot/gradle/tasks/bundling/LayeredSpec$DependenciesSpec_Decorated;.<clinit>()V> (0x00000000ebddb250) 
thrown [t:\workspace\open\src\hotspot\share\prims\jni.cpp, line 1107]
Event: 250.364 Thread 0x00000209b753a270 Exception <a 'java/lang/NoSuchMethodError'{0x00000000ebc01980}: static Lorg/springframework/boot/gradle/tasks/bundling/LayeredSpec$DependenciesSpec;.<clinit>()V> (0x00000000ebc01980) 
thrown [t:\workspace\open\src\hotspot\share\prims\jni.cpp, line 1107]
Event: 250.365 Thread 0x00000209b753a270 Exception <a 'java/lang/NoSuchMethodError'{0x00000000ebc0c788}: static Lorg/springframework/boot/gradle/tasks/bundling/LayeredSpec$DependenciesSpec$IntoLayerSpecFactory;.<clinit>()V> (0x00000000ebc0c788) 
thrown [t:\workspace\open\src\hotspot\share\prims\jni.cpp, line 1107]
Event: 250.382 Thread 0x00000209b753a270 Exception <a 'java/lang/NoSuchMethodError'{0x00000000ebc26b80}: 'java.lang.Object java.lang.invoke.Invokers$Holder.invokeExact_MT(java.lang.Object, java.lang.Object, java.lang.Object)'> (0x00000000ebc26b80) 
thrown [t:\workspace\open\src\hotspot\share\interpreter\linkResolver.cpp, line 766]
Event: 250.599 Thread 0x00000209b753a270 Exception <a 'java/io/FileNotFoundException'{0x00000000ebcff198}> (0x00000000ebcff198) 
thrown [t:\workspace\open\src\hotspot\share\prims\jni.cpp, line 516]
Event: 250.599 Thread 0x00000209b753a270 Exception <a 'java/io/FileNotFoundException'{0x00000000ebb00b50}> (0x00000000ebb00b50) 
thrown [t:\workspace\open\src\hotspot\share\prims\jni.cpp, line 516]
Event: 251.854 Thread 0x00000209b753a270 Exception <a 'java/io/FileNotFoundException'{0x00000000eb6b1e70}> (0x00000000eb6b1e70) 
thrown [t:\workspace\open\src\hotspot\share\prims\jni.cpp, line 516]
Event: 251.855 Thread 0x00000209b753a270 Exception <a 'java/io/FileNotFoundException'{0x00000000eb6b3160}> (0x00000000eb6b3160) 
thrown [t:\workspace\open\src\hotspot\share\prims\jni.cpp, line 516]
Event: 252.264 Thread 0x00000209b753a270 Exception <a 'java/io/FileNotFoundException'{0x00000000ec184fc8}> (0x00000000ec184fc8) 
thrown [t:\workspace\open\src\hotspot\share\prims\jni.cpp, line 516]
Event: 252.264 Thread 0x00000209b753a270 Exception <a 'java/io/FileNotFoundException'{0x00000000ec186320}> (0x00000000ec186320) 
thrown [t:\workspace\open\src\hotspot\share\prims\jni.cpp, line 516]
Event: 252.600 Thread 0x00000209b753a270 Exception <a 'java/io/FileNotFoundException'{0x00000000ecc4dd90}> (0x00000000ecc4dd90) 
thrown [t:\workspace\open\src\hotspot\share\prims\jni.cpp, line 516]
Event: 252.600 Thread 0x00000209b753a270 Exception <a 'java/io/FileNotFoundException'{0x00000000ecc4f0e8}> (0x00000000ecc4f0e8) 
thrown [t:\workspace\open\src\hotspot\share\prims\jni.cpp, line 516]
Event: 253.877 Thread 0x00000209b753a270 Exception <a 'java/io/FileNotFoundException'{0x00000000ed383d58}> (0x00000000ed383d58) 
thrown [t:\workspace\open\src\hotspot\share\prims\jni.cpp, line 516]
Event: 253.878 Thread 0x00000209b753a270 Exception <a 'java/io/FileNotFoundException'{0x00000000ed385600}> (0x00000000ed385600) 
thrown [t:\workspace\open\src\hotspot\share\prims\jni.cpp, line 516]
Event: 256.277 Thread 0x00000209b753a270 Exception <a 'java/io/FileNotFoundException'{0x00000000edc55e60}> (0x00000000edc55e60) 
thrown [t:\workspace\open\src\hotspot\share\prims\jni.cpp, line 516]
Event: 256.278 Thread 0x00000209b753a270 Exception <a 'java/io/FileNotFoundException'{0x00000000edc57708}> (0x00000000edc57708) 
thrown [t:\workspace\open\src\hotspot\share\prims\jni.cpp, line 516]

VM Operations (20 events):
Event: 258.408 Executing VM operation: Cleanup
Event: 258.408 Executing VM operation: Cleanup done
Event: 259.414 Executing VM operation: Cleanup
Event: 259.415 Executing VM operation: Cleanup done
Event: 259.553 Executing VM operation: G1CollectForAllocation
Event: 259.585 Executing VM operation: G1CollectForAllocation done
Event: 261.601 Executing VM operation: Cleanup
Event: 261.601 Executing VM operation: Cleanup done
Event: 263.690 Executing VM operation: ICBufferFull
Event: 263.690 Executing VM operation: ICBufferFull done
Event: 263.962 Executing VM operation: HandshakeAllThreads
Event: 263.962 Executing VM operation: HandshakeAllThreads done
Event: 264.196 Executing VM operation: ICBufferFull
Event: 264.196 Executing VM operation: ICBufferFull done
Event: 265.206 Executing VM operation: Cleanup
Event: 265.206 Executing VM operation: Cleanup done
Event: 267.658 Executing VM operation: ICBufferFull
Event: 267.658 Executing VM operation: ICBufferFull done
Event: 268.673 Executing VM operation: Cleanup
Event: 268.674 Executing VM operation: Cleanup done

Events (20 events):
Event: 252.270 Thread 0x00000209b40ee3d0 flushing nmethod 0x00000209a23c3490
Event: 252.278 Thread 0x00000209b40ee3d0 flushing nmethod 0x00000209a24c9b90
Event: 252.302 Thread 0x00000209b40ee3d0 flushing nmethod 0x00000209a2c31390
Event: 252.302 Thread 0x00000209b40ee3d0 flushing nmethod 0x00000209a2c3eb90
Event: 252.302 Thread 0x00000209b40ee3d0 flushing nmethod 0x00000209a2c53890
Event: 252.303 Thread 0x00000209b40ee3d0 flushing nmethod 0x00000209a2c9f990
Event: 252.363 Thread 0x00000209b40ee3d0 flushing nmethod 0x00000209a39eed10
Event: 252.363 Thread 0x00000209b40ee3d0 flushing nmethod 0x00000209a39ef590
Event: 252.363 Thread 0x00000209b40ee3d0 flushing nmethod 0x00000209a39f0490
Event: 252.363 Thread 0x00000209b40ee3d0 flushing nmethod 0x00000209a39f1490
Event: 253.600 loading class java/util/zip/Deflater
Event: 253.602 loading class java/util/zip/Deflater done
Event: 253.605 loading class java/util/zip/Deflater$DeflaterZStreamRef
Event: 253.606 loading class java/util/zip/Deflater$DeflaterZStreamRef done
Event: 254.286 loading class java/util/zip/ZipInputStream
Event: 254.291 loading class java/util/zip/ZipInputStream done
Event: 254.315 loading class java/io/PushbackInputStream
Event: 254.316 loading class java/io/PushbackInputStream done
Event: 263.838 loading class java/util/Collections$UnmodifiableSortedMap
Event: 263.840 loading class java/util/Collections$UnmodifiableSortedMap done


Dynamic libraries:
0x00007ff767d40000 - 0x00007ff767d50000 	C:\Program Files\Java\jdk-17.0.1\bin\java.exe
0x00007ffdc62a0000 - 0x00007ffdc6506000 	C:\WINDOWS\SYSTEM32\ntdll.dll
0x00007ffdc5c80000 - 0x00007ffdc5d49000 	C:\WINDOWS\System32\KERNEL32.DLL
0x00007ffdc3bc0000 - 0x00007ffdc3fc0000 	C:\WINDOWS\System32\KERNELBASE.dll
0x00007ffdc36e0000 - 0x00007ffdc382c000 	C:\WINDOWS\System32\ucrtbase.dll
0x00007ffdb3690000 - 0x00007ffdb36a8000 	C:\Program Files\Java\jdk-17.0.1\bin\jli.dll
0x00007ffdc59f0000 - 0x00007ffdc5aa7000 	C:\WINDOWS\System32\ADVAPI32.dll
0x00007ffdc42e0000 - 0x00007ffdc4389000 	C:\WINDOWS\System32\msvcrt.dll
0x00007ffdc3fd0000 - 0x00007ffdc407a000 	C:\WINDOWS\System32\sechost.dll
0x00007ffdc5360000 - 0x00007ffdc5478000 	C:\WINDOWS\System32\RPCRT4.dll
0x00007ffdc5ab0000 - 0x00007ffdc5c77000 	C:\WINDOWS\System32\USER32.dll
0x00007ffdc35f0000 - 0x00007ffdc3617000 	C:\WINDOWS\System32\win32u.dll
0x00007ffdc5df0000 - 0x00007ffdc5e1b000 	C:\WINDOWS\System32\GDI32.dll
0x00007ffdc34c0000 - 0x00007ffdc35e9000 	C:\WINDOWS\System32\gdi32full.dll
0x00007ffdc3840000 - 0x00007ffdc38e3000 	C:\WINDOWS\System32\msvcp_win.dll
0x00007ffdb3650000 - 0x00007ffdb366a000 	C:\Program Files\Java\jdk-17.0.1\bin\VCRUNTIME140.dll
0x00007ffda40d0000 - 0x00007ffda4362000 	C:\WINDOWS\WinSxS\amd64_microsoft.windows.common-controls_6595b64144ccf1df_6.0.26100.8737_none_3e092eaee333b772\COMCTL32.dll
0x00007ffdb4fe0000 - 0x00007ffdb4feb000 	C:\WINDOWS\SYSTEM32\VERSION.dll
0x00007ffdc5920000 - 0x00007ffdc5952000 	C:\WINDOWS\System32\IMM32.DLL
0x00007ffdb3920000 - 0x00007ffdb392c000 	C:\Program Files\Java\jdk-17.0.1\bin\vcruntime140_1.dll
0x00007ffd80f30000 - 0x00007ffd80fbd000 	C:\Program Files\Java\jdk-17.0.1\bin\msvcp140.dll
0x00007ffd49030000 - 0x00007ffd49bee000 	C:\Program Files\Java\jdk-17.0.1\bin\server\jvm.dll
0x00007ffdc5de0000 - 0x00007ffdc5de8000 	C:\WINDOWS\System32\PSAPI.DLL
0x00007ffdb36e0000 - 0x00007ffdb36ea000 	C:\WINDOWS\SYSTEM32\WSOCK32.dll
0x00007ffdc4390000 - 0x00007ffdc4410000 	C:\WINDOWS\System32\WS2_32.dll
0x00007ffda7b30000 - 0x00007ffda7b66000 	C:\WINDOWS\SYSTEM32\WINMM.dll
0x00007ffdc21a0000 - 0x00007ffdc21bb000 	C:\WINDOWS\SYSTEM32\kernel.appcore.dll
0x00007ffdb3640000 - 0x00007ffdb364a000 	C:\Program Files\Java\jdk-17.0.1\bin\jimage.dll
0x00007ffdc0c10000 - 0x00007ffdc0e52000 	C:\WINDOWS\SYSTEM32\DBGHELP.DLL
0x00007ffdc4e70000 - 0x00007ffdc51f3000 	C:\WINDOWS\System32\combase.dll
0x00007ffdc4d90000 - 0x00007ffdc4e69000 	C:\WINDOWS\System32\OLEAUT32.dll
0x00007ffda47e0000 - 0x00007ffda481b000 	C:\WINDOWS\SYSTEM32\dbgcore.DLL
0x00007ffdc3620000 - 0x00007ffdc36cc000 	C:\WINDOWS\System32\bcryptPrimitives.dll
0x00007ffdaf970000 - 0x00007ffdaf97e000 	C:\Program Files\Java\jdk-17.0.1\bin\instrument.dll
0x00007ffd99330000 - 0x00007ffd99355000 	C:\Program Files\Java\jdk-17.0.1\bin\java.dll
0x00007ffd7d9f0000 - 0x00007ffd7dac6000 	C:\Program Files\Java\jdk-17.0.1\bin\svml.dll
0x00007ffdc4420000 - 0x00007ffdc4bb2000 	C:\WINDOWS\System32\SHELL32.dll
0x00007ffdc0f50000 - 0x00007ffdc17e2000 	C:\WINDOWS\SYSTEM32\windows.storage.dll
0x00007ffdc5260000 - 0x00007ffdc5357000 	C:\WINDOWS\System32\SHCORE.dll
0x00007ffdc5d70000 - 0x00007ffdc5dd7000 	C:\WINDOWS\System32\shlwapi.dll
0x00007ffdc33e0000 - 0x00007ffdc3409000 	C:\WINDOWS\SYSTEM32\profapi.dll
0x00007ffd96c20000 - 0x00007ffd96c38000 	C:\Program Files\Java\jdk-17.0.1\bin\zip.dll
0x00007ffd98ee0000 - 0x00007ffd98ef9000 	C:\Program Files\Java\jdk-17.0.1\bin\net.dll
0x00007ffdab3c0000 - 0x00007ffdab4e9000 	C:\WINDOWS\SYSTEM32\WINHTTP.dll
0x00007ffdc2750000 - 0x00007ffdc27bc000 	C:\WINDOWS\system32\mswsock.dll
0x00007ffd96e30000 - 0x00007ffd96e45000 	C:\Program Files\Java\jdk-17.0.1\bin\nio.dll
0x00007ffdb3630000 - 0x00007ffdb3640000 	C:\Program Files\Java\jdk-17.0.1\bin\verify.dll
0x00007ffd96bf0000 - 0x00007ffd96c17000 	C:\Users\becal\.gradle\native\1def1411415f61bf3af743bc5b6707747c0891f09f0c88961ee8f79bc544acac\windows-amd64\native-platform.dll
0x00007ffd896c0000 - 0x00007ffd89738000 	C:\Users\becal\.gradle\native\0.2.6\x86_64-windows-gnu\gradle-fileevents.dll
0x00007ffdb2cb0000 - 0x00007ffdb2cb9000 	C:\Program Files\Java\jdk-17.0.1\bin\management.dll
0x00007ffdb14b0000 - 0x00007ffdb14bb000 	C:\Program Files\Java\jdk-17.0.1\bin\management_ext.dll
0x00007ffdc1c70000 - 0x00007ffdc1ca3000 	C:\WINDOWS\SYSTEM32\IPHLPAPI.DLL
0x00007ffdc5480000 - 0x00007ffdc548a000 	C:\WINDOWS\System32\NSI.dll
0x00007ffdab390000 - 0x00007ffdab3ad000 	C:\WINDOWS\SYSTEM32\dhcpcsvc6.DLL
0x00007ffdab360000 - 0x00007ffdab385000 	C:\WINDOWS\SYSTEM32\dhcpcsvc.DLL
0x00007ffdc1cc0000 - 0x00007ffdc1e15000 	C:\WINDOWS\SYSTEM32\DNSAPI.dll
0x00007ffdc2530000 - 0x00007ffdc253d000 	C:\WINDOWS\SYSTEM32\DSPARSE.dll
0x00007ffdc2a50000 - 0x00007ffdc2a6b000 	C:\WINDOWS\SYSTEM32\CRYPTSP.dll
0x00007ffdc2100000 - 0x00007ffdc2139000 	C:\WINDOWS\system32\rsaenh.dll
0x00007ffdc2810000 - 0x00007ffdc2842000 	C:\WINDOWS\SYSTEM32\USERENV.dll
0x00007ffdc33b0000 - 0x00007ffdc33da000 	C:\WINDOWS\SYSTEM32\bcrypt.dll
0x00007ffdc2a70000 - 0x00007ffdc2a7c000 	C:\WINDOWS\SYSTEM32\CRYPTBASE.dll
0x00007ffdae380000 - 0x00007ffdae38e000 	C:\Program Files\Java\jdk-17.0.1\bin\sunmscapi.dll
0x00007ffdc38f0000 - 0x00007ffdc3a68000 	C:\WINDOWS\System32\CRYPT32.dll
0x00007ffdc2c90000 - 0x00007ffdc2cc0000 	C:\WINDOWS\SYSTEM32\ncrypt.dll
0x00007ffdc2c40000 - 0x00007ffdc2c7f000 	C:\WINDOWS\SYSTEM32\NTASN1.dll
0x00007ffdbea30000 - 0x00007ffdbea38000 	C:\WINDOWS\system32\wshunix.dll
0x00007ffdb4fd0000 - 0x00007ffdb4fdb000 	C:\Windows\System32\rasadhlp.dll
0x00007ffdaa3d0000 - 0x00007ffdaa456000 	C:\WINDOWS\System32\fwpuclnt.dll

dbghelp: loaded successfully - version: 4.0.5 - missing functions: none
symbol engine: initialized successfully - sym options: 0x614 - pdb path: .;C:\Program Files\Java\jdk-17.0.1\bin;C:\WINDOWS\SYSTEM32;C:\WINDOWS\WinSxS\amd64_microsoft.windows.common-controls_6595b64144ccf1df_6.0.26100.8737_none_3e092eaee333b772;C:\Program Files\Java\jdk-17.0.1\bin\server;C:\Users\becal\.gradle\native\1def1411415f61bf3af743bc5b6707747c0891f09f0c88961ee8f79bc544acac\windows-amd64;C:\Users\becal\.gradle\native\0.2.6\x86_64-windows-gnu

VM Arguments:
jvm_args: --add-opens=java.base/java.lang=ALL-UNNAMED --add-opens=java.base/java.lang.invoke=ALL-UNNAMED --add-opens=java.base/java.util=ALL-UNNAMED --add-opens=java.prefs/java.util.prefs=ALL-UNNAMED --add-exports=jdk.compiler/com.sun.tools.javac.api=ALL-UNNAMED --add-exports=jdk.compiler/com.sun.tools.javac.util=ALL-UNNAMED --add-opens=java.base/java.util=ALL-UNNAMED --add-opens=java.prefs/java.util.prefs=ALL-UNNAMED --add-opens=java.base/java.nio.charset=ALL-UNNAMED --add-opens=java.base/java.net=ALL-UNNAMED --add-opens=java.base/java.util.concurrent.atomic=ALL-UNNAMED --add-opens=java.xml/javax.xml.namespace=ALL-UNNAMED -XX:MaxMetaspaceSize=384m -XX:+HeapDumpOnOutOfMemoryError -Xms256m -Xmx512m -Dfile.encoding=windows-1252 -Duser.country=BR -Duser.language=pt -Duser.variant -javaagent:C:\Users\becal\.gradle\wrapper\dists\gradle-8.12.1-bin\eumc4uhoysa37zql93vfjkxy0\gradle-8.12.1\lib\agents\gradle-instrumentation-agent-8.12.1.jar 
java_command: org.gradle.launcher.daemon.bootstrap.GradleDaemon 8.12.1
java_class_path (initial): C:\Users\becal\.gradle\wrapper\dists\gradle-8.12.1-bin\eumc4uhoysa37zql93vfjkxy0\gradle-8.12.1\lib\gradle-daemon-main-8.12.1.jar
Launcher Type: SUN_STANDARD

[Global flags]
     intx CICompilerCount                          = 2                                         {product} {ergonomic}
   size_t CompressedClassSpaceSize                 = 322961408                                 {product} {ergonomic}
     uint ConcGCThreads                            = 1                                         {product} {ergonomic}
     uint G1ConcRefinementThreads                  = 2                                         {product} {ergonomic}
   size_t G1HeapRegionSize                         = 1048576                                   {product} {ergonomic}
    uintx GCDrainStackTargetSize                   = 64                                        {product} {ergonomic}
     bool HeapDumpOnOutOfMemoryError               = true                                   {manageable} {command line}
   size_t InitialHeapSize                          = 268435456                                 {product} {command line}
   size_t MarkStackSize                            = 4194304                                   {product} {ergonomic}
   size_t MaxHeapSize                              = 536870912                                 {product} {command line}
   size_t MaxMetaspaceSize                         = 402653184                                 {product} {command line}
   size_t MaxNewSize                               = 321912832                                 {product} {ergonomic}
   size_t MinHeapDeltaBytes                        = 1048576                                   {product} {ergonomic}
   size_t MinHeapSize                              = 268435456                                 {product} {command line}
    uintx NonNMethodCodeHeapSize                   = 5826188                                {pd product} {ergonomic}
    uintx NonProfiledCodeHeapSize                  = 122916026                              {pd product} {ergonomic}
    uintx ProfiledCodeHeapSize                     = 122916026                              {pd product} {ergonomic}
    uintx ReservedCodeCacheSize                    = 251658240                              {pd product} {ergonomic}
     bool SegmentedCodeCache                       = true                                      {product} {ergonomic}
   size_t SoftMaxHeapSize                          = 536870912                              {manageable} {ergonomic}
     bool UseCompressedClassPointers               = true                           {product lp64_product} {ergonomic}
     bool UseCompressedOops                        = true                           {product lp64_product} {ergonomic}
     bool UseG1GC                                  = true                                      {product} {ergonomic}
     bool UseLargePagesIndividualAllocation        = false                                  {pd product} {ergonomic}

Logging:
Log output configuration:
 #0: stdout all=warning uptime,level,tags
 #1: stderr all=off uptime,level,tags

Environment Variables:
JAVA_HOME=C:\Program Files\Java\jdk-17.0.1
PATH=C:\Users\becal\bin;C:\Program Files\Git\mingw64\bin;C:\Program Files\Git\usr\local\bin;C:\Program Files\Git\usr\bin;C:\Program Files\Git\usr\bin;C:\Program Files\Git\mingw64\bin;C:\Program Files\Git\usr\bin;C:\Users\becal\bin;C:\Program Files\PostgreSQL\17\bin;C:\Program Files\PowerShell\7;C:\Program Files\MySQL\MySQL Shell 8.0\bin;C:\Users\becal\AppData\Local\Microsoft\WindowsApps;C:\Users\becal\AppData\Local\Programs\Microsoft VS Code\bin;C:\Program Files\MongoDB\Server\7.0\bin;C:\Users\becal\OneDrive\Documentos\maven\apache-maven-3.9.8\bin;C:\Program Files\MySQL\MySQL Server 8.0\bin;C:\Users\becal\go\bin;C:\Program Files\Git\usr\bin\vendor_perl;C:\Program Files\Git\usr\bin\core_perl
USERNAME=becal
SHELL=C:\Program Files\Git\usr\bin\bash.exe
DISPLAY=needs-to-be-defined
LC_CTYPE=pt_BR.UTF-8
OS=Windows_NT
PROCESSOR_IDENTIFIER=Intel64 Family 6 Model 122 Stepping 8, GenuineIntel



---------------  S Y S T E M  ---------------

OS:
 Windows 10 , 64 bit Build 26100 (10.0.26100.8737)
OS uptime: 5 days 0:20 hours
Hyper-V role detected

CPU: total 2 (initial active 2) (2 cores per cpu, 1 threads per core) family 6 model 122 stepping 8 microcode 0x20, cx8, cmov, fxsr, mmx, 3dnowpref, sse, sse2, sse3, ssse3, sse4.1, sse4.2, popcnt, tsc, tscinvbit, aes, erms, clmul, sha, clflush, clflushopt, hv

Memory: 4k page, system-wide physical 3737M (79M free)
TotalPageFile size 15001M (AvailPageFile size 4M)
current process WorkingSet (physical memory assigned to process): 320M, peak: 360M
current process commit charge ("private bytes"): 520M, peak: 521M

vm_info: Java HotSpot(TM) 64-Bit Server VM (17.0.1+12-LTS-39) for windows-amd64 JRE (17.0.1+12-LTS-39), built on Sep 27 2021 18:41:35 by "mach5one" with MS VC++ 16.8 (VS2019)

END.
