#
# There is insufficient memory for the Java Runtime Environment to continue.
# Native memory allocation (malloc) failed to allocate 1048576 bytes. Error detail: AllocateHeap
# Possible reasons:
#   The system is out of physical RAM or swap space
#   This process is running with CompressedOops enabled, and the Java Heap may be blocking the growth of the native heap
# Possible solutions:
#   Reduce memory load on the system
#   Increase physical memory or swap space
#   Check if swap backing store is full
#   Decrease Java heap size (-Xmx/-Xms)
#   Decrease number of Java threads
#   Decrease Java thread stack sizes (-Xss)
#   Set larger code cache with -XX:ReservedCodeCacheSize=
#   JVM is running with Unscaled Compressed Oops mode in which the Java heap is
#     placed in the first 4GB address space. The Java Heap base address is the
#     maximum limit for the native heap growth. Please use -XX:HeapBaseMinAddress
#     to set the Java Heap base and to place the Java Heap above 4GB virtual address.
# This output file may be truncated or incomplete.
#
#  Out of Memory Error (allocation.cpp:44), pid=1904, tid=4896
#
# JRE version: OpenJDK Runtime Environment Temurin-21.0.11+10 (21.0.11+10) (build 21.0.11+10-LTS)
# Java VM: OpenJDK 64-Bit Server VM Temurin-21.0.11+10 (21.0.11+10-LTS, mixed mode, sharing, tiered, compressed oops, compressed class ptrs, parallel gc, windows-amd64)
# No core dump will be written. Minidumps are not enabled by default on client versions of Windows
#

---------------  S U M M A R Y ------------

Command Line: --add-modules=ALL-SYSTEM --add-opens=java.base/java.util=ALL-UNNAMED --add-opens=java.base/java.lang=ALL-UNNAMED --add-opens=java.base/sun.nio.fs=ALL-UNNAMED -Declipse.application=org.eclipse.jdt.ls.core.id1 -Dosgi.bundles.defaultStartLevel=4 -Declipse.product=org.eclipse.jdt.ls.core.product -Djava.import.generatesMetadataFilesAtProjectRoot=false -DDetectVMInstallationsJob.disabled=true -Dfile.encoding=utf8 -XX:+UseParallelGC -XX:GCTimeRatio=4 -XX:AdaptiveSizePolicyWeight=90 -Dsun.zip.disableMemoryMapping=true -Xmx2G -Xms100m -Xlog:disable -javaagent:c:\Users\becal\.vscode\extensions\redhat.java-1.55.0-win32-x64\lombok\lombok-1.18.39-4050.jar -XX:+HeapDumpOnOutOfMemoryError -XX:HeapDumpPath=c:\Users\becal\AppData\Roaming\Code\User\workspaceStorage\fb9888045959518d4bcb1aa14a46c6ce\redhat.java -Daether.dependencyCollector.impl=bf c:\Users\becal\.vscode\extensions\redhat.java-1.55.0-win32-x64\server\plugins\org.eclipse.equinox.launcher_1.7.200.v20260619-2039.jar -configuration c:\Users\becal\AppData\Roaming\Code\User\globalStorage\redhat.java\1.55.0\config_win -data c:\Users\becal\AppData\Roaming\Code\User\workspaceStorage\fb9888045959518d4bcb1aa14a46c6ce\redhat.java\jdt_ws --pipe=\\.\pipe\lsp-5c955d43e6b3734b6e359336f985835c-sock

Host: Intel(R) Celeron(R) N4020 CPU @ 1.10GHz, 2 cores, 3G,  Windows 11 , 64 bit Build 26100 (10.0.26100.8737)
Time: Tue Aug 11 18:15:21 2026 Hora oficial do Brasil elapsed time: 930.803107 seconds (0d 0h 15m 30s)

---------------  T H R E A D  ---------------

Current thread (0x00000185e6a7ca30):  JavaThread "Attach Listener" daemon [_thread_in_vm, id=4896, stack(0x0000006788700000,0x0000006788800000) (1024K)]

Stack: [0x0000006788700000,0x0000006788800000]
Native frames: (J=compiled Java code, j=interpreted, Vv=VM code, C=native code)
V  [jvm.dll+0x6d7e19]
V  [jvm.dll+0x8b5096]
V  [jvm.dll+0x8b764e]
V  [jvm.dll+0x8b7d33]
V  [jvm.dll+0x284596]
V  [jvm.dll+0xc13c7]
V  [jvm.dll+0x6d86c9]
V  [jvm.dll+0x133616]
V  [jvm.dll+0x3f868e]
V  [jvm.dll+0x85fb0d]
V  [jvm.dll+0x6d664d]
C  [ucrtbase.dll+0x2cd30]
C  [KERNEL32.DLL+0x2e957]
C  [ntdll.dll+0xaad6c]


---------------  P R O C E S S  ---------------

Threads class SMR info:
_java_thread_list=0x00000185eda496e0, length=35, elements={
0x00000185d0381ab0, 0x00000185e6a75fd0, 0x00000185e6a7aa40, 0x00000185e6a7bfd0,
0x00000185e6a7ca30, 0x00000185e6a80a00, 0x00000185e6a81460, 0x00000185e6a82650,
0x00000185e6afb9f0, 0x00000185e733bfe0, 0x00000185e74da400, 0x00000185e6b33d70,
0x00000185e73a2980, 0x00000185e7547b60, 0x00000185e7aa7030, 0x00000185ec038100,
0x00000185e75f00d0, 0x00000185e7b99890, 0x00000185e7731fc0, 0x00000185e77312a0,
0x00000185e772fef0, 0x00000185e7731930, 0x00000185e7730580, 0x00000185edd37c50,
0x00000185edd382e0, 0x00000185edd38970, 0x00000185edd3a3b0, 0x00000185edd39000,
0x00000185edd39690, 0x00000185edd36f30, 0x00000185e7732650, 0x00000185edc6bf40,
0x00000185edc6b220, 0x00000185edc69150, 0x00000185edc6a500
}

Java Threads: ( => current thread )
  0x00000185d0381ab0 JavaThread "main"                              [_thread_blocked, id=6940, stack(0x0000006788000000,0x0000006788100000) (1024K)]
  0x00000185e6a75fd0 JavaThread "Reference Handler"          daemon [_thread_blocked, id=10004, stack(0x0000006788400000,0x0000006788500000) (1024K)]
  0x00000185e6a7aa40 JavaThread "Finalizer"                  daemon [_thread_blocked, id=1124, stack(0x0000006788500000,0x0000006788600000) (1024K)]
  0x00000185e6a7bfd0 JavaThread "Signal Dispatcher"          daemon [_thread_blocked, id=12596, stack(0x0000006788600000,0x0000006788700000) (1024K)]
=>0x00000185e6a7ca30 JavaThread "Attach Listener"            daemon [_thread_in_vm, id=4896, stack(0x0000006788700000,0x0000006788800000) (1024K)]
  0x00000185e6a80a00 JavaThread "Service Thread"             daemon [_thread_blocked, id=14304, stack(0x0000006788800000,0x0000006788900000) (1024K)]
  0x00000185e6a81460 JavaThread "Monitor Deflation Thread"   daemon [_thread_blocked, id=16616, stack(0x0000006788900000,0x0000006788a00000) (1024K)]
  0x00000185e6a82650 JavaThread "C2 CompilerThread0"         daemon [_thread_blocked, id=17224, stack(0x0000006788a00000,0x0000006788b00000) (1024K)]
  0x00000185e6afb9f0 JavaThread "C1 CompilerThread0"         daemon [_thread_blocked, id=7092, stack(0x0000006788b00000,0x0000006788c00000) (1024K)]
  0x00000185e733bfe0 JavaThread "Common-Cleaner"             daemon [_thread_blocked, id=16992, stack(0x0000006788c00000,0x0000006788d00000) (1024K)]
  0x00000185e74da400 JavaThread "Notification Thread"        daemon [_thread_blocked, id=13208, stack(0x0000006788d00000,0x0000006788e00000) (1024K)]
  0x00000185e6b33d70 JavaThread "Active Thread: Equinox Container: 1cfd8739-ebc0-475f-9ce5-f4abd9df2d6f"        [_thread_blocked, id=11316, stack(0x0000006787f00000,0x0000006788000000) (1024K)]
  0x00000185e73a2980 JavaThread "Refresh Thread: Equinox Container: 1cfd8739-ebc0-475f-9ce5-f4abd9df2d6f" daemon [_thread_blocked, id=9668, stack(0x0000006788e00000,0x0000006788f00000) (1024K)]
  0x00000185e7547b60 JavaThread "Framework Event Dispatcher: Equinox Container: 1cfd8739-ebc0-475f-9ce5-f4abd9df2d6f" daemon [_thread_blocked, id=13684, stack(0x0000006788f00000,0x0000006789000000) (1024K)]
  0x00000185e7aa7030 JavaThread "Start Level: Equinox Container: 1cfd8739-ebc0-475f-9ce5-f4abd9df2d6f" daemon [_thread_blocked, id=13456, stack(0x0000006789100000,0x0000006789200000) (1024K)]
  0x00000185ec038100 JavaThread "Bundle File Closer"         daemon [_thread_blocked, id=11700, stack(0x0000006789200000,0x0000006789300000) (1024K)]
  0x00000185e75f00d0 JavaThread "SCR Component Actor"        daemon [_thread_blocked, id=7860, stack(0x0000006789000000,0x0000006789100000) (1024K)]
  0x00000185e7b99890 JavaThread "Worker-JM"                         [_thread_blocked, id=12492, stack(0x0000006789300000,0x0000006789400000) (1024K)]
  0x00000185e7731fc0 JavaThread "JNA Cleaner"                daemon [_thread_blocked, id=8308, stack(0x0000006789600000,0x0000006789700000) (1024K)]
  0x00000185e77312a0 JavaThread "Worker-3"                          [_thread_blocked, id=17068, stack(0x0000006789a00000,0x0000006789b00000) (1024K)]
  0x00000185e772fef0 JavaThread "Java indexing"              daemon [_thread_blocked, id=17792, stack(0x0000006789400000,0x0000006789500000) (1024K)]
  0x00000185e7731930 JavaThread "Worker-4"                          [_thread_blocked, id=1068, stack(0x0000006789d00000,0x0000006789e00000) (1024K)]
  0x00000185e7730580 JavaThread "Worker-5: Initialize workspace"        [_thread_blocked, id=4280, stack(0x0000006789e00000,0x0000006789f00000) (1024K)]
  0x00000185edd37c50 JavaThread "Thread-1"                   daemon [_thread_in_native, id=13572, stack(0x0000006789f00000,0x000000678a000000) (1024K)]
  0x00000185edd382e0 JavaThread "Thread-2"                   daemon [_thread_in_native, id=14816, stack(0x000000678a000000,0x000000678a100000) (1024K)]
  0x00000185edd38970 JavaThread "Thread-3"                   daemon [_thread_in_native, id=14428, stack(0x000000678a100000,0x000000678a200000) (1024K)]
  0x00000185edd3a3b0 JavaThread "pool-2-thread-1"                   [_thread_blocked, id=16808, stack(0x000000678a200000,0x000000678a300000) (1024K)]
  0x00000185edd39000 JavaThread "WorkspaceEventsHandler"            [_thread_blocked, id=18376, stack(0x000000678a300000,0x000000678a400000) (1024K)]
  0x00000185edd39690 JavaThread "pool-1-thread-1"                   [_thread_blocked, id=18732, stack(0x000000678a400000,0x000000678a500000) (1024K)]
  0x00000185edd36f30 JavaThread "PatternSearchJob-worker-1"  daemon [_thread_blocked, id=13232, stack(0x000000678a500000,0x000000678a600000) (1024K)]
  0x00000185e7732650 JavaThread "Connection worker"                 [_thread_in_vm, id=17464, stack(0x0000006789500000,0x0000006789600000) (1024K)]
  0x00000185edc6bf40 JavaThread "Java Debug Server"                 [_thread_in_native, id=5580, stack(0x0000006789900000,0x0000006789a00000) (1024K)]
  0x00000185edc6b220 JavaThread "RxSchedulerPurge-1"         daemon [_thread_blocked, id=1744, stack(0x000000678a600000,0x000000678a700000) (1024K)]
  0x00000185edc69150 JavaThread "RxCachedWorkerPoolEvictor-1" daemon [_thread_blocked, id=12472, stack(0x000000678a800000,0x000000678a900000) (1024K)]
  0x00000185edc6a500 JavaThread "pool-5-thread-1"                   [_thread_blocked, id=18292, stack(0x0000006789700000,0x0000006789800000) (1024K)]
Total: 35

Other Threads:
  0x00000185d0419110 VMThread "VM Thread"                           [id=12640, stack(0x0000006788300000,0x0000006788400000) (1024K)]
  0x00000185e6a4cb00 WatcherThread "VM Periodic Task Thread"        [id=17524, stack(0x0000006788200000,0x0000006788300000) (1024K)]
  0x00000185d0398710 WorkerThread "GC Thread#0"                     [id=13008, stack(0x0000006788100000,0x0000006788200000) (1024K)]
  0x00000185e71ffcf0 WorkerThread "GC Thread#1"                     [id=15176, stack(0x0000006787e00000,0x0000006787f00000) (1024K)]
Total: 4

Threads with active compile tasks:
Total: 0

VM state: not at safepoint (normal execution)

VM Mutex/Monitor currently owned by a thread: None

Heap address: 0x0000000080000000, size: 2048 MB, Compressed Oops mode: 32-bit

CDS archive(s) mapped at: [0x0000018580000000-0x0000018580ba0000-0x0000018580ba0000), size 12189696, SharedBaseAddress: 0x0000018580000000, ArchiveRelocationMode: 1.
Compressed class space mapped at: 0x0000018581000000-0x00000185c1000000, reserved size: 1073741824
Narrow klass base: 0x0000018580000000, Narrow klass shift: 0, Narrow klass range: 0x100000000

GC Precious Log:
 CardTable entry size: 512
 CPUs: 2 total, 2 available
 Memory: 3737M
 Large Page Support: Disabled
 NUMA Support: Disabled
 Compressed Oops: Enabled (32-bit)
 Alignments: Space 512K, Generation 512K, Heap 2M
 Heap Min Capacity: 100M
 Heap Initial Capacity: 100M
 Heap Max Capacity: 2G
 Pre-touch: Disabled
 Parallel Workers: 2

Heap:
 PSYoungGen      total 12800K, used 10113K [0x00000000d5580000, 0x00000000d6600000, 0x0000000100000000)
  eden space 12288K, 79% used [0x00000000d5580000,0x00000000d5f08438,0x00000000d6180000)
  from space 512K, 68% used [0x00000000d6580000,0x00000000d65d8010,0x00000000d6600000)
  to   space 512K, 0% used [0x00000000d6500000,0x00000000d6500000,0x00000000d6580000)
 ParOldGen       total 89088K, used 88731K [0x0000000080000000, 0x0000000085700000, 0x00000000d5580000)
  object space 89088K, 99% used [0x0000000080000000,0x00000000856a6f00,0x0000000085700000)
 Metaspace       used 78949K, committed 80576K, reserved 1179648K
  class space    used 9172K, committed 9920K, reserved 1048576K

Card table byte_map: [0x00000185cfc20000,0x00000185d0030000] _byte_map_base: 0x00000185cf820000

Marking Bits: (ParMarkBitMap*) 0x00007ffd4a8b4460
 Begin Bits: [0x00000185e2570000, 0x00000185e4570000)
 End Bits:   [0x00000185e4570000, 0x00000185e6570000)

Polling page: 0x00000185ce0c0000

Metaspace:

Usage:
  Non-class:     68.14 MB used.
      Class:      8.96 MB used.
       Both:     77.10 MB used.

Virtual space:
  Non-class space:      128.00 MB reserved,      69.00 MB ( 54%) committed,  2 nodes.
      Class space:        1.00 GB reserved,       9.69 MB ( <1%) committed,  1 nodes.
             Both:        1.12 GB reserved,      78.69 MB (  7%) committed. 

Chunk freelists:
   Non-Class:  10.41 MB
       Class:  6.35 MB
        Both:  16.75 MB

MaxMetaspaceSize: unlimited
CompressedClassSpaceSize: 1.00 GB
Initial GC threshold: 21.00 MB
Current GC threshold: 98.12 MB
CDS: on
 - commit_granule_bytes: 65536.
 - commit_granule_words: 8192.
 - virtual_space_node_default_size: 8388608.
 - enlarge_chunks_in_place: 1.
 - use_allocation_guard: 0.


Internal statistics:

num_allocs_failed_limit: 13.
num_arena_births: 1308.
num_arena_deaths: 14.
num_vsnodes_births: 3.
num_vsnodes_deaths: 0.
num_space_committed: 1259.
num_space_uncommitted: 0.
num_chunks_returned_to_freelist: 27.
num_chunks_taken_from_freelist: 4576.
num_chunk_merges: 19.
num_chunk_splits: 2990.
num_chunks_enlarged: 1926.
num_inconsistent_stats: 0.

CodeHeap 'non-profiled nmethods': size=120064Kb used=7156Kb max_used=7156Kb free=112907Kb
 bounds [0x00000185db030000, 0x00000185db730000, 0x00000185e2570000]
CodeHeap 'profiled nmethods': size=120000Kb used=20046Kb max_used=20046Kb free=99953Kb
 bounds [0x00000185d3570000, 0x00000185d4910000, 0x00000185daaa0000]
CodeHeap 'non-nmethods': size=5696Kb used=1484Kb max_used=1527Kb free=4211Kb
 bounds [0x00000185daaa0000, 0x00000185dad10000, 0x00000185db030000]
CodeCache: size=245760Kb, used=28686Kb, max_used=28729Kb, free=217071Kb
 total_blobs=10020, nmethods=9204, adapters=723, full_count=0
Compilation: enabled, stopped_count=0, restarted_count=0

Compilation events (20 events):
Event: 864.128 Thread 0x00000185e6afb9f0 10083       1       org.gradle.internal.logging.sink.GroupingProgressLogEventGenerator::access$300 (5 bytes)
Event: 864.129 Thread 0x00000185e6afb9f0 nmethod 10083 0x00000185db72c210 code [0x00000185db72c3a0, 0x00000185db72c450]
Event: 864.808 Thread 0x00000185e6a82650 10084       4       jdk.internal.misc.Unsafe::checkOffset (32 bytes)
Event: 864.810 Thread 0x00000185e6a82650 nmethod 10084 0x00000185db72c510 code [0x00000185db72c6a0, 0x00000185db72c758]
Event: 874.565 Thread 0x00000185e6afb9f0 10085       3       org.gradle.internal.operations.OperationIdentifier::equals (47 bytes)
Event: 874.565 Thread 0x00000185e6afb9f0 nmethod 10085 0x00000185d48ff110 code [0x00000185d48ff2e0, 0x00000185d48ff688]
Event: 875.258 Thread 0x00000185e6afb9f0 10086       3       org.gradle.internal.logging.sink.GroupingProgressLogEventGenerator$OperationGroup::maybeFlushOutput (34 bytes)
Event: 875.261 Thread 0x00000185e6afb9f0 nmethod 10086 0x00000185d48ff790 code [0x00000185d48ff9c0, 0x00000185d49000b0]
Event: 879.771 Thread 0x00000185e6a82650 10087       4       java.util.concurrent.ScheduledThreadPoolExecutor::canRunInCurrentRunState (61 bytes)
Event: 879.792 Thread 0x00000185e6a82650 nmethod 10087 0x00000185db72c810 code [0x00000185db72c9a0, 0x00000185db72ca68]
Event: 883.844 Thread 0x00000185e6a82650 10088       4       org.gradle.internal.logging.sink.GroupingProgressLogEventGenerator$OperationState::maybeFlushOutput (1 bytes)
Event: 883.845 Thread 0x00000185e6a82650 nmethod 10088 0x00000185db72cb90 code [0x00000185db72cd20, 0x00000185db72cda8]
Event: 891.628 Thread 0x00000185e6afb9f0 10089       1       org.gradle.internal.operations.BuildOperationCategory::isShowHeader (5 bytes)
Event: 891.629 Thread 0x00000185e6afb9f0 nmethod 10089 0x00000185db72ce90 code [0x00000185db72d020, 0x00000185db72d0f0]
Event: 908.073 Thread 0x00000185e6afb9f0 10091       3       org.gradle.internal.logging.sink.GroupingProgressLogEventGenerator$OperationGroup::shouldForward (42 bytes)
Event: 908.128 Thread 0x00000185e6afb9f0 nmethod 10091 0x00000185d4900390 code [0x00000185d4900580, 0x00000185d4900a80]
Event: 908.128 Thread 0x00000185e6afb9f0 10090       3       org.gradle.internal.logging.sink.GroupingProgressLogEventGenerator$OperationGroup::flushOutput (197 bytes)
Event: 908.270 Thread 0x00000185e6afb9f0 nmethod 10090 0x00000185d4900c10 code [0x00000185d4900f00, 0x00000185d4901e00]
Event: 926.172 Thread 0x00000185e6afb9f0 10092       3       com.esotericsoftware.kryo.io.Input::require (220 bytes)
Event: 926.196 Thread 0x00000185e6afb9f0 nmethod 10092 0x00000185d4902390 code [0x00000185d4902680, 0x00000185d4903420]

GC Heap History (20 events):
Event: 645.129 GC heap before
{Heap before GC invocations=110 (full 3):
 PSYoungGen      total 12800K, used 12576K [0x00000000d5580000, 0x00000000d6980000, 0x0000000100000000)
  eden space 12288K, 100% used [0x00000000d5580000,0x00000000d6180000,0x00000000d6180000)
  from space 512K, 56% used [0x00000000d6900000,0x00000000d6948000,0x00000000d6980000)
  to   space 512K, 0% used [0x00000000d6880000,0x00000000d6880000,0x00000000d6900000)
 ParOldGen       total 77312K, used 76922K [0x0000000080000000, 0x0000000084b80000, 0x00000000d5580000)
  object space 77312K, 99% used [0x0000000080000000,0x0000000084b1eb20,0x0000000084b80000)
 Metaspace       used 72546K, committed 73984K, reserved 1114112K
  class space    used 8140K, committed 8768K, reserved 1048576K
}
Event: 645.132 GC heap after
{Heap after GC invocations=110 (full 3):
 PSYoungGen      total 12800K, used 352K [0x00000000d5580000, 0x00000000d6980000, 0x0000000100000000)
  eden space 12288K, 0% used [0x00000000d5580000,0x00000000d5580000,0x00000000d6180000)
  from space 512K, 68% used [0x00000000d6880000,0x00000000d68d8000,0x00000000d6900000)
  to   space 512K, 0% used [0x00000000d6900000,0x00000000d6900000,0x00000000d6980000)
 ParOldGen       total 77312K, used 77181K [0x0000000080000000, 0x0000000084b80000, 0x00000000d5580000)
  object space 77312K, 99% used [0x0000000080000000,0x0000000084b5f4e0,0x0000000084b80000)
 Metaspace       used 72546K, committed 73984K, reserved 1114112K
  class space    used 8140K, committed 8768K, reserved 1048576K
}
Event: 660.531 GC heap before
{Heap before GC invocations=111 (full 3):
 PSYoungGen      total 12800K, used 12640K [0x00000000d5580000, 0x00000000d6980000, 0x0000000100000000)
  eden space 12288K, 100% used [0x00000000d5580000,0x00000000d6180000,0x00000000d6180000)
  from space 512K, 68% used [0x00000000d6880000,0x00000000d68d8000,0x00000000d6900000)
  to   space 512K, 0% used [0x00000000d6900000,0x00000000d6900000,0x00000000d6980000)
 ParOldGen       total 77312K, used 77181K [0x0000000080000000, 0x0000000084b80000, 0x00000000d5580000)
  object space 77312K, 99% used [0x0000000080000000,0x0000000084b5f4e0,0x0000000084b80000)
 Metaspace       used 72759K, committed 74176K, reserved 1179648K
  class space    used 8161K, committed 8768K, reserved 1048576K
}
Event: 660.542 GC heap after
{Heap after GC invocations=111 (full 3):
 PSYoungGen      total 12800K, used 500K [0x00000000d5580000, 0x00000000d6980000, 0x0000000100000000)
  eden space 12288K, 0% used [0x00000000d5580000,0x00000000d5580000,0x00000000d6180000)
  from space 512K, 97% used [0x00000000d6900000,0x00000000d697d220,0x00000000d6980000)
  to   space 1024K, 0% used [0x00000000d6780000,0x00000000d6780000,0x00000000d6880000)
 ParOldGen       total 77824K, used 77493K [0x0000000080000000, 0x0000000084c00000, 0x00000000d5580000)
  object space 77824K, 99% used [0x0000000080000000,0x0000000084bad4e0,0x0000000084c00000)
 Metaspace       used 72759K, committed 74176K, reserved 1179648K
  class space    used 8161K, committed 8768K, reserved 1048576K
}
Event: 660.911 GC heap before
{Heap before GC invocations=112 (full 3):
 PSYoungGen      total 12800K, used 12788K [0x00000000d5580000, 0x00000000d6980000, 0x0000000100000000)
  eden space 12288K, 100% used [0x00000000d5580000,0x00000000d6180000,0x00000000d6180000)
  from space 512K, 97% used [0x00000000d6900000,0x00000000d697d220,0x00000000d6980000)
  to   space 1024K, 0% used [0x00000000d6780000,0x00000000d6780000,0x00000000d6880000)
 ParOldGen       total 77824K, used 77493K [0x0000000080000000, 0x0000000084c00000, 0x00000000d5580000)
  object space 77824K, 99% used [0x0000000080000000,0x0000000084bad4e0,0x0000000084c00000)
 Metaspace       used 72778K, committed 74176K, reserved 1179648K
  class space    used 8162K, committed 8768K, reserved 1048576K
}
Event: 660.924 GC heap after
{Heap after GC invocations=112 (full 3):
 PSYoungGen      total 13312K, used 998K [0x00000000d5580000, 0x00000000d6c80000, 0x0000000100000000)
  eden space 12288K, 0% used [0x00000000d5580000,0x00000000d5580000,0x00000000d6180000)
  from space 1024K, 97% used [0x00000000d6780000,0x00000000d68799d0,0x00000000d6880000)
  to   space 4096K, 0% used [0x00000000d6880000,0x00000000d6880000,0x00000000d6c80000)
 ParOldGen       total 81408K, used 81268K [0x0000000080000000, 0x0000000084f80000, 0x00000000d5580000)
  object space 81408K, 99% used [0x0000000080000000,0x0000000084f5d170,0x0000000084f80000)
 Metaspace       used 72778K, committed 74176K, reserved 1179648K
  class space    used 8162K, committed 8768K, reserved 1048576K
}
Event: 662.539 GC heap before
{Heap before GC invocations=113 (full 3):
 PSYoungGen      total 13312K, used 13286K [0x00000000d5580000, 0x00000000d6c80000, 0x0000000100000000)
  eden space 12288K, 100% used [0x00000000d5580000,0x00000000d6180000,0x00000000d6180000)
  from space 1024K, 97% used [0x00000000d6780000,0x00000000d68799d0,0x00000000d6880000)
  to   space 4096K, 0% used [0x00000000d6880000,0x00000000d6880000,0x00000000d6c80000)
 ParOldGen       total 81408K, used 81268K [0x0000000080000000, 0x0000000084f80000, 0x00000000d5580000)
  object space 81408K, 99% used [0x0000000080000000,0x0000000084f5d170,0x0000000084f80000)
 Metaspace       used 72911K, committed 74368K, reserved 1179648K
  class space    used 8195K, committed 8832K, reserved 1048576K
}
Event: 662.547 GC heap after
{Heap after GC invocations=113 (full 3):
 PSYoungGen      total 15872K, used 3109K [0x00000000d5580000, 0x00000000d6c00000, 0x0000000100000000)
  eden space 12288K, 0% used [0x00000000d5580000,0x00000000d5580000,0x00000000d6180000)
  from space 3584K, 86% used [0x00000000d6880000,0x00000000d6b897b8,0x00000000d6c00000)
  to   space 4096K, 0% used [0x00000000d6400000,0x00000000d6400000,0x00000000d6800000)
 ParOldGen       total 82432K, used 82234K [0x0000000080000000, 0x0000000085080000, 0x00000000d5580000)
  object space 82432K, 99% used [0x0000000080000000,0x000000008504e9c8,0x0000000085080000)
 Metaspace       used 72911K, committed 74368K, reserved 1179648K
  class space    used 8195K, committed 8832K, reserved 1048576K
}
Event: 718.477 GC heap before
{Heap before GC invocations=114 (full 3):
 PSYoungGen      total 15872K, used 15397K [0x00000000d5580000, 0x00000000d6c00000, 0x0000000100000000)
  eden space 12288K, 100% used [0x00000000d5580000,0x00000000d6180000,0x00000000d6180000)
  from space 3584K, 86% used [0x00000000d6880000,0x00000000d6b897b8,0x00000000d6c00000)
  to   space 4096K, 0% used [0x00000000d6400000,0x00000000d6400000,0x00000000d6800000)
 ParOldGen       total 82432K, used 82234K [0x0000000080000000, 0x0000000085080000, 0x00000000d5580000)
  object space 82432K, 99% used [0x0000000080000000,0x000000008504e9c8,0x0000000085080000)
 Metaspace       used 72934K, committed 74368K, reserved 1179648K
  class space    used 8196K, committed 8832K, reserved 1048576K
}
Event: 718.668 GC heap after
{Heap after GC invocations=114 (full 3):
 PSYoungGen      total 12800K, used 512K [0x00000000d5580000, 0x00000000d6900000, 0x0000000100000000)
  eden space 12288K, 0% used [0x00000000d5580000,0x00000000d5580000,0x00000000d6180000)
  from space 512K, 100% used [0x00000000d6400000,0x00000000d6480000,0x00000000d6480000)
  to   space 2048K, 0% used [0x00000000d6700000,0x00000000d6700000,0x00000000d6900000)
 ParOldGen       total 83456K, used 83130K [0x0000000080000000, 0x0000000085180000, 0x00000000d5580000)
  object space 83456K, 99% used [0x0000000080000000,0x000000008512e9c8,0x0000000085180000)
 Metaspace       used 72934K, committed 74368K, reserved 1179648K
  class space    used 8196K, committed 8832K, reserved 1048576K
}
Event: 734.599 GC heap before
{Heap before GC invocations=115 (full 3):
 PSYoungGen      total 12800K, used 12800K [0x00000000d5580000, 0x00000000d6900000, 0x0000000100000000)
  eden space 12288K, 100% used [0x00000000d5580000,0x00000000d6180000,0x00000000d6180000)
  from space 512K, 100% used [0x00000000d6400000,0x00000000d6480000,0x00000000d6480000)
  to   space 2048K, 0% used [0x00000000d6700000,0x00000000d6700000,0x00000000d6900000)
 ParOldGen       total 83456K, used 83130K [0x0000000080000000, 0x0000000085180000, 0x00000000d5580000)
  object space 83456K, 99% used [0x0000000080000000,0x000000008512e9c8,0x0000000085180000)
 Metaspace       used 72959K, committed 74432K, reserved 1179648K
  class space    used 8196K, committed 8832K, reserved 1048576K
}
Event: 734.612 GC heap after
{Heap after GC invocations=115 (full 3):
 PSYoungGen      total 14336K, used 2029K [0x00000000d5580000, 0x00000000d6b80000, 0x0000000100000000)
  eden space 12288K, 0% used [0x00000000d5580000,0x00000000d5580000,0x00000000d6180000)
  from space 2048K, 99% used [0x00000000d6700000,0x00000000d68fb620,0x00000000d6900000)
  to   space 5120K, 0% used [0x00000000d6180000,0x00000000d6180000,0x00000000d6680000)
 ParOldGen       total 85504K, used 85413K [0x0000000080000000, 0x0000000085380000, 0x00000000d5580000)
  object space 85504K, 99% used [0x0000000080000000,0x0000000085369460,0x0000000085380000)
 Metaspace       used 72959K, committed 74432K, reserved 1179648K
  class space    used 8196K, committed 8832K, reserved 1048576K
}
Event: 738.178 GC heap before
{Heap before GC invocations=116 (full 3):
 PSYoungGen      total 14336K, used 14317K [0x00000000d5580000, 0x00000000d6b80000, 0x0000000100000000)
  eden space 12288K, 100% used [0x00000000d5580000,0x00000000d6180000,0x00000000d6180000)
  from space 2048K, 99% used [0x00000000d6700000,0x00000000d68fb620,0x00000000d6900000)
  to   space 5120K, 0% used [0x00000000d6180000,0x00000000d6180000,0x00000000d6680000)
 ParOldGen       total 85504K, used 85413K [0x0000000080000000, 0x0000000085380000, 0x00000000d5580000)
  object space 85504K, 99% used [0x0000000080000000,0x0000000085369460,0x0000000085380000)
 Metaspace       used 73621K, committed 75136K, reserved 1179648K
  class space    used 8343K, committed 9024K, reserved 1048576K
}
Event: 738.194 GC heap after
{Heap after GC invocations=116 (full 3):
 PSYoungGen      total 13312K, used 672K [0x00000000d5580000, 0x00000000d6780000, 0x0000000100000000)
  eden space 12288K, 0% used [0x00000000d5580000,0x00000000d5580000,0x00000000d6180000)
  from space 1024K, 65% used [0x00000000d6180000,0x00000000d6228000,0x00000000d6280000)
  to   space 2048K, 0% used [0x00000000d6580000,0x00000000d6580000,0x00000000d6780000)
 ParOldGen       total 87552K, used 87380K [0x0000000080000000, 0x0000000085580000, 0x00000000d5580000)
  object space 87552K, 99% used [0x0000000080000000,0x00000000855551c0,0x0000000085580000)
 Metaspace       used 73621K, committed 75136K, reserved 1179648K
  class space    used 8343K, committed 9024K, reserved 1048576K
}
Event: 739.739 GC heap before
{Heap before GC invocations=117 (full 3):
 PSYoungGen      total 13312K, used 12960K [0x00000000d5580000, 0x00000000d6780000, 0x0000000100000000)
  eden space 12288K, 100% used [0x00000000d5580000,0x00000000d6180000,0x00000000d6180000)
  from space 1024K, 65% used [0x00000000d6180000,0x00000000d6228000,0x00000000d6280000)
  to   space 2048K, 0% used [0x00000000d6580000,0x00000000d6580000,0x00000000d6780000)
 ParOldGen       total 87552K, used 87380K [0x0000000080000000, 0x0000000085580000, 0x00000000d5580000)
  object space 87552K, 99% used [0x0000000080000000,0x00000000855551c0,0x0000000085580000)
 Metaspace       used 74975K, committed 76480K, reserved 1179648K
  class space    used 8569K, committed 9216K, reserved 1048576K
}
Event: 739.752 GC heap after
{Heap after GC invocations=117 (full 3):
 PSYoungGen      total 12800K, used 384K [0x00000000d5580000, 0x00000000d6600000, 0x0000000100000000)
  eden space 12288K, 0% used [0x00000000d5580000,0x00000000d5580000,0x00000000d6180000)
  from space 512K, 75% used [0x00000000d6580000,0x00000000d65e0000,0x00000000d6600000)
  to   space 1024K, 0% used [0x00000000d6400000,0x00000000d6400000,0x00000000d6500000)
 ParOldGen       total 88064K, used 87980K [0x0000000080000000, 0x0000000085600000, 0x00000000d5580000)
  object space 88064K, 99% used [0x0000000080000000,0x00000000855eb1d0,0x0000000085600000)
 Metaspace       used 74975K, committed 76480K, reserved 1179648K
  class space    used 8569K, committed 9216K, reserved 1048576K
}
Event: 741.472 GC heap before
{Heap before GC invocations=118 (full 3):
 PSYoungGen      total 12800K, used 12672K [0x00000000d5580000, 0x00000000d6600000, 0x0000000100000000)
  eden space 12288K, 100% used [0x00000000d5580000,0x00000000d6180000,0x00000000d6180000)
  from space 512K, 75% used [0x00000000d6580000,0x00000000d65e0000,0x00000000d6600000)
  to   space 1024K, 0% used [0x00000000d6400000,0x00000000d6400000,0x00000000d6500000)
 ParOldGen       total 88064K, used 87980K [0x0000000080000000, 0x0000000085600000, 0x00000000d5580000)
  object space 88064K, 99% used [0x0000000080000000,0x00000000855eb1d0,0x0000000085600000)
 Metaspace       used 76550K, committed 78144K, reserved 1179648K
  class space    used 8826K, committed 9536K, reserved 1048576K
}
Event: 741.479 GC heap after
{Heap after GC invocations=118 (full 3):
 PSYoungGen      total 13312K, used 432K [0x00000000d5580000, 0x00000000d6600000, 0x0000000100000000)
  eden space 12288K, 0% used [0x00000000d5580000,0x00000000d5580000,0x00000000d6180000)
  from space 1024K, 42% used [0x00000000d6400000,0x00000000d646c010,0x00000000d6500000)
  to   space 512K, 0% used [0x00000000d6580000,0x00000000d6580000,0x00000000d6600000)
 ParOldGen       total 88576K, used 88340K [0x0000000080000000, 0x0000000085680000, 0x00000000d5580000)
  object space 88576K, 99% used [0x0000000080000000,0x00000000856451f0,0x0000000085680000)
 Metaspace       used 76550K, committed 78144K, reserved 1179648K
  class space    used 8826K, committed 9536K, reserved 1048576K
}
Event: 742.364 GC heap before
{Heap before GC invocations=119 (full 3):
 PSYoungGen      total 13312K, used 12720K [0x00000000d5580000, 0x00000000d6600000, 0x0000000100000000)
  eden space 12288K, 100% used [0x00000000d5580000,0x00000000d6180000,0x00000000d6180000)
  from space 1024K, 42% used [0x00000000d6400000,0x00000000d646c010,0x00000000d6500000)
  to   space 512K, 0% used [0x00000000d6580000,0x00000000d6580000,0x00000000d6600000)
 ParOldGen       total 88576K, used 88340K [0x0000000080000000, 0x0000000085680000, 0x00000000d5580000)
  object space 88576K, 99% used [0x0000000080000000,0x00000000856451f0,0x0000000085680000)
 Metaspace       used 77962K, committed 79616K, reserved 1179648K
  class space    used 9054K, committed 9792K, reserved 1048576K
}
Event: 742.372 GC heap after
{Heap after GC invocations=119 (full 3):
 PSYoungGen      total 12800K, used 352K [0x00000000d5580000, 0x00000000d6600000, 0x0000000100000000)
  eden space 12288K, 0% used [0x00000000d5580000,0x00000000d5580000,0x00000000d6180000)
  from space 512K, 68% used [0x00000000d6580000,0x00000000d65d8010,0x00000000d6600000)
  to   space 512K, 0% used [0x00000000d6500000,0x00000000d6500000,0x00000000d6580000)
 ParOldGen       total 89088K, used 88731K [0x0000000080000000, 0x0000000085700000, 0x00000000d5580000)
  object space 89088K, 99% used [0x0000000080000000,0x00000000856a6f00,0x0000000085700000)
 Metaspace       used 77962K, committed 79616K, reserved 1179648K
  class space    used 9054K, committed 9792K, reserved 1048576K
}

Dll operation events (15 events):
Event: 1.771 Loaded shared library c:\Users\becal\.vscode\extensions\redhat.java-1.55.0-win32-x64\jre\21.0.11-win32-x86_64\bin\java.dll
Event: 7.867 Loaded shared library c:\Users\becal\.vscode\extensions\redhat.java-1.55.0-win32-x64\jre\21.0.11-win32-x86_64\bin\zip.dll
Event: 9.031 Loaded shared library C:\Users\becal\.vscode\extensions\redhat.java-1.55.0-win32-x64\jre\21.0.11-win32-x86_64\bin\instrument.dll
Event: 9.967 Loaded shared library C:\Users\becal\.vscode\extensions\redhat.java-1.55.0-win32-x64\jre\21.0.11-win32-x86_64\bin\net.dll
Event: 10.029 Loaded shared library C:\Users\becal\.vscode\extensions\redhat.java-1.55.0-win32-x64\jre\21.0.11-win32-x86_64\bin\nio.dll
Event: 10.134 Loaded shared library C:\Users\becal\.vscode\extensions\redhat.java-1.55.0-win32-x64\jre\21.0.11-win32-x86_64\bin\zip.dll
Event: 10.862 Loaded shared library C:\Users\becal\.vscode\extensions\redhat.java-1.55.0-win32-x64\jre\21.0.11-win32-x86_64\bin\jimage.dll
Event: 17.746 Loaded shared library c:\Users\becal\.vscode\extensions\redhat.java-1.55.0-win32-x64\jre\21.0.11-win32-x86_64\bin\verify.dll
Event: 162.355 Loaded shared library C:\Users\becal\AppData\Roaming\Code\User\globalStorage\redhat.java\1.55.0\config_win\org.eclipse.equinox.launcher\org.eclipse.equinox.launcher.win32.win32.x86_64_1.3.100.v20260613-0559\eclipse_11924.dll
Event: 259.273 Loaded shared library C:\Users\becal\AppData\Local\Temp\jna-93612203\jna6468949779004767682.dll
Event: 350.777 Loaded shared library C:\Users\becal\.vscode\extensions\redhat.java-1.55.0-win32-x64\jre\21.0.11-win32-x86_64\bin\sunmscapi.dll
Event: 355.087 Loaded shared library C:\Users\becal\.vscode\extensions\redhat.java-1.55.0-win32-x64\jre\21.0.11-win32-x86_64\bin\extnet.dll
Event: 616.263 Loaded shared library C:\Users\becal\.gradle\native\1def1411415f61bf3af743bc5b6707747c0891f09f0c88961ee8f79bc544acac\windows-amd64\native-platform.dll
Event: 740.495 Loaded shared library C:\Users\becal\.vscode\extensions\redhat.java-1.55.0-win32-x64\jre\21.0.11-win32-x86_64\bin\management.dll
Event: 740.656 Loaded shared library C:\Users\becal\.vscode\extensions\redhat.java-1.55.0-win32-x64\jre\21.0.11-win32-x86_64\bin\management_ext.dll

Deoptimization events (20 events):
Event: 769.610 Thread 0x00000185e7732650 Uncommon trap: trap_request=0xffffffc6 fr.pc=0x00000185db702bfc relative=0x000000000000037c
Event: 769.610 Thread 0x00000185e7732650 Uncommon trap: reason=bimorphic_or_optimized_type_check action=maybe_recompile pc=0x00000185db702bfc method=java.util.Collections$SetFromMap.add(Ljava/lang/Object;)Z @ 8 c2
Event: 769.610 Thread 0x00000185e7732650 DEOPT PACKING pc=0x00000185db702bfc sp=0x00000067895fe5a0
Event: 769.610 Thread 0x00000185e7732650 DEOPT UNPACKING pc=0x00000185daaf3a9c sp=0x00000067895fe560 mode 2
Event: 838.990 Thread 0x00000185e7732650 Uncommon trap: trap_request=0xffffffde fr.pc=0x00000185db24107c relative=0x000000000000073c
Event: 838.990 Thread 0x00000185e7732650 Uncommon trap: reason=class_check action=maybe_recompile pc=0x00000185db24107c method=java.util.Collections$SetFromMap.remove(Ljava/lang/Object;)Z @ 5 c2
Event: 838.991 Thread 0x00000185e7732650 DEOPT PACKING pc=0x00000185db24107c sp=0x00000067895fe570
Event: 838.992 Thread 0x00000185e7732650 DEOPT UNPACKING pc=0x00000185daaf3a9c sp=0x00000067895fe568 mode 2
Event: 860.316 Thread 0x00000185edc6a500 Uncommon trap: trap_request=0xffffffde fr.pc=0x00000185db538f78 relative=0x0000000000000598
Event: 860.316 Thread 0x00000185edc6a500 Uncommon trap: reason=class_check action=maybe_recompile pc=0x00000185db538f78 method=java.util.HashMap.removeNode(ILjava/lang/Object;Ljava/lang/Object;ZZ)Ljava/util/HashMap$Node; @ 143 c2
Event: 860.317 Thread 0x00000185edc6a500 DEOPT PACKING pc=0x00000185db538f78 sp=0x00000067897fee30
Event: 860.320 Thread 0x00000185edc6a500 DEOPT UNPACKING pc=0x00000185daaf3a9c sp=0x00000067897fed38 mode 2
Event: 865.725 Thread 0x00000185edc6a500 Uncommon trap: trap_request=0xffffffde fr.pc=0x00000185db538f78 relative=0x0000000000000598
Event: 865.725 Thread 0x00000185edc6a500 Uncommon trap: reason=class_check action=maybe_recompile pc=0x00000185db538f78 method=java.util.HashMap.removeNode(ILjava/lang/Object;Ljava/lang/Object;ZZ)Ljava/util/HashMap$Node; @ 143 c2
Event: 865.725 Thread 0x00000185edc6a500 DEOPT PACKING pc=0x00000185db538f78 sp=0x00000067897fee30
Event: 865.726 Thread 0x00000185edc6a500 DEOPT UNPACKING pc=0x00000185daaf3a9c sp=0x00000067897fed38 mode 2
Event: 871.035 Thread 0x00000185edc6a500 Uncommon trap: trap_request=0xffffffde fr.pc=0x00000185db538f78 relative=0x0000000000000598
Event: 871.035 Thread 0x00000185edc6a500 Uncommon trap: reason=class_check action=maybe_recompile pc=0x00000185db538f78 method=java.util.HashMap.removeNode(ILjava/lang/Object;Ljava/lang/Object;ZZ)Ljava/util/HashMap$Node; @ 143 c2
Event: 871.035 Thread 0x00000185edc6a500 DEOPT PACKING pc=0x00000185db538f78 sp=0x00000067897fee30
Event: 871.038 Thread 0x00000185edc6a500 DEOPT UNPACKING pc=0x00000185daaf3a9c sp=0x00000067897fed38 mode 2

Classes loaded (20 events):
Event: 763.184 Loading class sun/nio/ch/SourceChannelImpl
Event: 763.185 Loading class java/nio/channels/Pipe$SourceChannel
Event: 763.185 Loading class java/nio/channels/Pipe$SourceChannel done
Event: 763.185 Loading class sun/nio/ch/SourceChannelImpl done
Event: 763.186 Loading class sun/nio/ch/SinkChannelImpl
Event: 763.186 Loading class java/nio/channels/Pipe$SinkChannel
Event: 763.186 Loading class java/nio/channels/Pipe$SinkChannel done
Event: 763.186 Loading class sun/nio/ch/SinkChannelImpl done
Event: 763.189 Loading class sun/nio/ch/SelectionKeyImpl
Event: 763.190 Loading class java/nio/channels/spi/AbstractSelectionKey
Event: 763.190 Loading class java/nio/channels/SelectionKey
Event: 763.190 Loading class java/nio/channels/SelectionKey done
Event: 763.190 Loading class java/nio/channels/spi/AbstractSelectionKey done
Event: 763.190 Loading class sun/nio/ch/SelectionKeyImpl done
Event: 763.191 Loading class java/lang/invoke/ConstantBootstraps
Event: 763.191 Loading class java/lang/invoke/ConstantBootstraps done
Event: 763.255 Loading class java/nio/channels/spi/AbstractSelector$1
Event: 763.260 Loading class java/nio/channels/spi/AbstractSelector$1 done
Event: 763.663 Loading class java/util/concurrent/Executors$AutoShutdownDelegatedExecutorService
Event: 763.664 Loading class java/util/concurrent/Executors$AutoShutdownDelegatedExecutorService done

Classes unloaded (7 events):
Event: 274.604 Thread 0x00000185d0419110 Unloading class 0x00000185811a9400 'java/lang/invoke/LambdaForm$MH+0x00000185811a9400'
Event: 274.605 Thread 0x00000185d0419110 Unloading class 0x00000185811a9000 'java/lang/invoke/LambdaForm$MH+0x00000185811a9000'
Event: 274.605 Thread 0x00000185d0419110 Unloading class 0x00000185811a8c00 'java/lang/invoke/LambdaForm$MH+0x00000185811a8c00'
Event: 274.605 Thread 0x00000185d0419110 Unloading class 0x00000185811a8800 'java/lang/invoke/LambdaForm$MH+0x00000185811a8800'
Event: 274.605 Thread 0x00000185d0419110 Unloading class 0x00000185811a8400 'java/lang/invoke/LambdaForm$BMH+0x00000185811a8400'
Event: 274.605 Thread 0x00000185d0419110 Unloading class 0x00000185811a8000 'java/lang/invoke/LambdaForm$DMH+0x00000185811a8000'
Event: 274.605 Thread 0x00000185d0419110 Unloading class 0x00000185811a6c00 'java/lang/invoke/LambdaForm$DMH+0x00000185811a6c00'

Classes redefined (0 events):
No events

Internal exceptions (20 events):
Event: 562.554 Thread 0x00000185edc6b8b0 Exception <a 'sun/nio/fs/WindowsException'{0x00000000d5d34ab8}> (0x00000000d5d34ab8) 
thrown [s\src\hotspot\share\prims\jni.cpp, line 520]
Event: 562.554 Thread 0x00000185edc6b8b0 Exception <a 'sun/nio/fs/WindowsException'{0x00000000d5d35ab8}> (0x00000000d5d35ab8) 
thrown [s\src\hotspot\share\prims\jni.cpp, line 520]
Event: 567.333 Thread 0x00000185edc69e70 Exception <a 'java/lang/NoSuchMethodError'{0x00000000d580d470}: 'long java.lang.invoke.DelegatingMethodHandle$Holder.reinvoke_L(java.lang.Object, java.lang.Object)'> (0x00000000d580d470) 
thrown [s\src\hotspot\share\interpreter\linkResolver.cpp, line 773]
Event: 567.335 Thread 0x00000185edc69e70 Exception <a 'java/lang/NoSuchMethodError'{0x00000000d5817390}: 'void java.lang.invoke.DelegatingMethodHandle$Holder.reinvoke_L(java.lang.Object, java.lang.Object, long)'> (0x00000000d5817390) 
thrown [s\src\hotspot\share\interpreter\linkResolver.cpp, line 773]
Event: 567.396 Thread 0x00000185edc69e70 Exception <a 'sun/nio/fs/WindowsException'{0x00000000d58ae480}> (0x00000000d58ae480) 
thrown [s\src\hotspot\share\prims\jni.cpp, line 520]
Event: 567.396 Thread 0x00000185edc69e70 Exception <a 'sun/nio/fs/WindowsException'{0x00000000d58aeb28}> (0x00000000d58aeb28) 
thrown [s\src\hotspot\share\prims\jni.cpp, line 520]
Event: 589.102 Thread 0x00000185edc69e70 Exception <a 'java/lang/NoSuchMethodError'{0x00000000d5c9d948}: 'long java.lang.invoke.Invokers$Holder.invokeExact_MT(java.lang.Object, java.lang.Object, java.lang.Object)'> (0x00000000d5c9d948) 
thrown [s\src\hotspot\share\interpreter\linkResolver.cpp, line 773]
Event: 662.352 Thread 0x00000185edc6cc60 Implicit null exception at 0x00000185db5daf4b to 0x00000185db5db0b0
Event: 738.287 Thread 0x00000185e7732650 Exception <a 'java/lang/NoSuchMethodError'{0x00000000d56ae400}: 'java.lang.Object java.lang.invoke.DirectMethodHandle$Holder.invokeVirtual(java.lang.Object, java.lang.Object, java.lang.Object, java.lang.Object, java.lang.Object, java.lang.Object)'> (0x00000000d56ae400) 
thrown [s\src\hotspot\share\interpreter\linkResolver.cpp, line 773]
Event: 738.820 Thread 0x00000185e7732650 Exception <a 'java/lang/NoSuchMethodError'{0x00000000d5b7a6b0}: 'java.lang.Object java.lang.invoke.DirectMethodHandle$Holder.invokeVirtual(java.lang.Object, java.lang.Object, java.lang.Object, java.lang.Object, java.lang.Object, java.lang.Object, java.lang.Object)'> (0x00000000d5b7a6b0) 
thrown [s\src\hotspot\share\interpreter\linkResolver.cpp, line 773]
Event: 739.021 Thread 0x00000185e7732650 Exception <a 'java/lang/NoSuchMethodError'{0x00000000d5d53d28}: 'java.lang.Object java.lang.invoke.DirectMethodHandle$Holder.invokeVirtual(java.lang.Object, java.lang.Object, java.lang.Object, java.lang.Object, java.lang.Object, java.lang.Object, java.lang.Object, java.lang.Object, java.lang.Object, java.lang.Object, java.lang.Object)'> (0x00000000d5d53d28) 
thrown [s\src\hotspot\share\interpreter\linkResolver.cpp, line 773]
Event: 739.053 Thread 0x00000185e7732650 Exception <a 'java/lang/NoSuchMethodError'{0x00000000d5da3e00}: 'java.lang.Object java.lang.invoke.DirectMethodHandle$Holder.invokeStatic(java.lang.Object, java.lang.Object, java.lang.Object, java.lang.Object, java.lang.Object, java.lang.Object, java.lang.Object, java.lang.Object, java.lang.Object, java.lang.Object, java.lang.Object, java.lang.Object, java.lang.Object)'> (0x00000000d5da3e00) 
thrown [s\src\hotspot\share\interpreter\linkResolver.cpp, line 773]
Event: 741.374 Thread 0x00000185e7732650 Exception <a 'java/lang/NoClassDefFoundError'{0x00000000d5f08d40}: org/slf4j/impl/StaticMarkerBinder> (0x00000000d5f08d40) 
thrown [s\src\hotspot\share\classfile\systemDictionary.cpp, line 302]
Event: 741.581 Thread 0x00000185e7732650 Exception <a 'java/lang/NoSuchMethodError'{0x00000000d5732910}: 'java.lang.Object java.lang.invoke.DirectMethodHandle$Holder.invokeVirtual(java.lang.Object, java.lang.Object, java.lang.Object, java.lang.Object, java.lang.Object, java.lang.Object, java.lang.Object, java.lang.Object)'> (0x00000000d5732910) 
thrown [s\src\hotspot\share\interpreter\linkResolver.cpp, line 773]
Event: 741.607 Thread 0x00000185e7732650 Exception <a 'java/lang/NoSuchMethodError'{0x00000000d57c5360}: 'java.lang.Object java.lang.invoke.DirectMethodHandle$Holder.invokeVirtual(java.lang.Object, java.lang.Object, java.lang.Object, java.lang.Object, java.lang.Object, java.lang.Object, java.lang.Object, java.lang.Object, java.lang.Object)'> (0x00000000d57c5360) 
thrown [s\src\hotspot\share\interpreter\linkResolver.cpp, line 773]
Event: 741.780 Thread 0x00000185e7732650 Exception <a 'java/lang/NoSuchMethodError'{0x00000000d5c01e28}: 'long java.lang.invoke.DirectMethodHandle$Holder.invokeVirtual(java.lang.Object, java.lang.Object)'> (0x00000000d5c01e28) 
thrown [s\src\hotspot\share\interpreter\linkResolver.cpp, line 773]
Event: 741.978 Thread 0x00000185e7732650 Exception <a 'java/net/ConnectException'{0x00000000d5ee13c0}: Connection refused: getsockopt> (0x00000000d5ee13c0) 
thrown [s\src\hotspot\share\prims\jni.cpp, line 539]
Event: 742.510 Thread 0x00000185edc697e0 Exception <a 'java/lang/NoSuchMethodError'{0x00000000d56e7030}: 'void java.lang.invoke.DirectMethodHandle$Holder.invokeStatic(java.lang.Object, long)'> (0x00000000d56e7030) 
thrown [s\src\hotspot\share\interpreter\linkResolver.cpp, line 773]
Event: 743.172 Thread 0x00000185edc697e0 Exception <a 'java/lang/NoSuchMethodError'{0x00000000d570b1a0}: 'void java.lang.invoke.DirectMethodHandle$Holder.invokeSpecial(java.lang.Object, java.lang.Object, int)'> (0x00000000d570b1a0) 
thrown [s\src\hotspot\share\interpreter\linkResolver.cpp, line 773]
Event: 763.214 Thread 0x00000185e7732650 Exception <a 'java/lang/NoSuchMethodError'{0x00000000d5e0ad60}: 'void java.lang.invoke.DirectMethodHandle$Holder.invokeInterface(java.lang.Object, java.lang.Object, java.lang.Object, java.lang.Object)'> (0x00000000d5e0ad60) 
thrown [s\src\hotspot\share\interpreter\linkResolver.cpp, line 773]

ZGC Phase Switch (0 events):
No events

VM Operations (20 events):
Event: 744.544 Executing safepoint VM operation: Cleanup
Event: 744.544 Executing safepoint VM operation: Cleanup done
Event: 763.739 Executing safepoint VM operation: Cleanup
Event: 763.739 Executing safepoint VM operation: Cleanup done
Event: 769.825 Executing safepoint VM operation: Cleanup
Event: 769.825 Executing safepoint VM operation: Cleanup done
Event: 803.438 Executing safepoint VM operation: Cleanup
Event: 803.439 Executing safepoint VM operation: Cleanup done
Event: 817.616 Executing safepoint VM operation: Cleanup
Event: 817.617 Executing safepoint VM operation: Cleanup done
Event: 839.886 Executing safepoint VM operation: Cleanup
Event: 839.886 Executing safepoint VM operation: Cleanup done
Event: 843.531 Executing non-safepoint VM operation: HandshakeAllThreads (HandshakeForDeflation)
Event: 843.559 Executing non-safepoint VM operation: HandshakeAllThreads (HandshakeForDeflation) done
Event: 843.559 Executing non-safepoint VM operation: RendezvousGCThreads
Event: 843.559 Executing non-safepoint VM operation: RendezvousGCThreads done
Event: 850.441 Executing non-safepoint VM operation: HandshakeAllThreads (Deoptimize)
Event: 850.444 Executing non-safepoint VM operation: HandshakeAllThreads (Deoptimize) done
Event: 857.530 Executing safepoint VM operation: Cleanup
Event: 857.531 Executing safepoint VM operation: Cleanup done

Memory protections (0 events):
No events

Nmethod flushes (20 events):
Event: 539.662 Thread 0x00000185d0419110 flushing  nmethod 0x00000185d3e3da90
Event: 539.662 Thread 0x00000185d0419110 flushing  nmethod 0x00000185d3e44990
Event: 539.662 Thread 0x00000185d0419110 flushing  nmethod 0x00000185d3e4ae90
Event: 539.662 Thread 0x00000185d0419110 flushing  nmethod 0x00000185d3e4c310
Event: 539.662 Thread 0x00000185d0419110 flushing  nmethod 0x00000185d3e5ed90
Event: 539.662 Thread 0x00000185d0419110 flushing  nmethod 0x00000185d3e69490
Event: 539.662 Thread 0x00000185d0419110 flushing  nmethod 0x00000185d3e6f990
Event: 539.662 Thread 0x00000185d0419110 flushing  nmethod 0x00000185d3e79290
Event: 539.662 Thread 0x00000185d0419110 flushing  nmethod 0x00000185d3eb0710
Event: 539.662 Thread 0x00000185d0419110 flushing  nmethod 0x00000185d3eb6090
Event: 539.662 Thread 0x00000185d0419110 flushing  nmethod 0x00000185d3ecc010
Event: 539.662 Thread 0x00000185d0419110 flushing  nmethod 0x00000185d3ecd110
Event: 539.662 Thread 0x00000185d0419110 flushing  nmethod 0x00000185d3ed5c90
Event: 539.662 Thread 0x00000185d0419110 flushing  nmethod 0x00000185d3ee7f10
Event: 539.662 Thread 0x00000185d0419110 flushing  nmethod 0x00000185d3ef1490
Event: 539.662 Thread 0x00000185d0419110 flushing  nmethod 0x00000185d3ef6990
Event: 539.662 Thread 0x00000185d0419110 flushing  nmethod 0x00000185d3f12c10
Event: 539.663 Thread 0x00000185d0419110 flushing  nmethod 0x00000185d3f22a10
Event: 539.663 Thread 0x00000185d0419110 flushing  nmethod 0x00000185d3f92a90
Event: 539.663 Thread 0x00000185d0419110 flushing osr nmethod 0x00000185d3fba210

Events (20 events):
Event: 659.469 Thread 0x00000185edc6cc60 Thread exited: 0x00000185edc6cc60
Event: 659.493 Thread 0x00000185edd39690 Thread added: 0x00000185edc6cc60
Event: 660.392 Thread 0x00000185edd39690 Thread added: 0x00000185edc6b8b0
Event: 660.504 Thread 0x00000185edc6b8b0 Thread exited: 0x00000185edc6b8b0
Event: 662.744 Thread 0x00000185edc6cc60 Thread exited: 0x00000185edc6cc60
Event: 682.711 Thread 0x00000185edc6c5d0 Thread exited: 0x00000185edc6c5d0
Event: 712.482 Thread 0x00000185edc6d980 Thread exited: 0x00000185edc6d980
Event: 741.817 Thread 0x00000185e7732650 Thread added: 0x00000185edc6a500
Event: 742.425 Thread 0x00000185e7732650 Thread added: 0x00000185edc697e0
Event: 742.537 Thread 0x00000185edc697e0 Thread added: 0x00000185edc69e70
Event: 742.537 Thread 0x00000185edc697e0 Thread added: 0x00000185edc6c5d0
Event: 743.807 Thread 0x00000185e7732650 Thread added: 0x00000185edc6d980
Event: 743.853 Thread 0x00000185edc6d980 Thread added: 0x00000185edc6e010
Event: 743.854 Thread 0x00000185edc6d980 Thread added: 0x00000185edc6ab90
Event: 743.867 Thread 0x00000185edc6e010 Thread exited: 0x00000185edc6e010
Event: 762.939 Thread 0x00000185edc6ab90 Thread exited: 0x00000185edc6ab90
Event: 762.939 Thread 0x00000185edc6d980 Thread exited: 0x00000185edc6d980
Event: 803.190 Thread 0x00000185edc6c5d0 Thread exited: 0x00000185edc6c5d0
Event: 803.190 Thread 0x00000185edc69e70 Thread exited: 0x00000185edc69e70
Event: 803.245 Thread 0x00000185edc697e0 Thread exited: 0x00000185edc697e0


Dynamic libraries:
0x00007ff7854c0000 - 0x00007ff7854ce000 	c:\Users\becal\.vscode\extensions\redhat.java-1.55.0-win32-x64\jre\21.0.11-win32-x86_64\bin\java.exe
0x00007ffdc62a0000 - 0x00007ffdc6506000 	C:\WINDOWS\SYSTEM32\ntdll.dll
0x00007ffdc5c80000 - 0x00007ffdc5d49000 	C:\WINDOWS\System32\KERNEL32.DLL
0x00007ffdc3bc0000 - 0x00007ffdc3fc0000 	C:\WINDOWS\System32\KERNELBASE.dll
0x00007ffdbee70000 - 0x00007ffdbef10000 	C:\WINDOWS\SYSTEM32\apphelp.dll
0x00007ffdc36e0000 - 0x00007ffdc382c000 	C:\WINDOWS\System32\ucrtbase.dll
0x00007ffda58d0000 - 0x00007ffda58e8000 	c:\Users\becal\.vscode\extensions\redhat.java-1.55.0-win32-x64\jre\21.0.11-win32-x86_64\bin\jli.dll
0x00007ffdc5ab0000 - 0x00007ffdc5c77000 	C:\WINDOWS\System32\USER32.dll
0x00007ffdc35f0000 - 0x00007ffdc3617000 	C:\WINDOWS\System32\win32u.dll
0x00007ffdc5df0000 - 0x00007ffdc5e1b000 	C:\WINDOWS\System32\GDI32.dll
0x00007ffdc34c0000 - 0x00007ffdc35e9000 	C:\WINDOWS\System32\gdi32full.dll
0x00007ffdc3840000 - 0x00007ffdc38e3000 	C:\WINDOWS\System32\msvcp_win.dll
0x00007ffda74f0000 - 0x00007ffda750e000 	c:\Users\becal\.vscode\extensions\redhat.java-1.55.0-win32-x64\jre\21.0.11-win32-x86_64\bin\VCRUNTIME140.dll
0x00007ffda40d0000 - 0x00007ffda4362000 	C:\WINDOWS\WinSxS\amd64_microsoft.windows.common-controls_6595b64144ccf1df_6.0.26100.8737_none_3e092eaee333b772\COMCTL32.dll
0x00007ffdc42e0000 - 0x00007ffdc4389000 	C:\WINDOWS\System32\msvcrt.dll
0x00007ffdc5920000 - 0x00007ffdc5952000 	C:\WINDOWS\System32\IMM32.DLL
0x00007ffdb33d0000 - 0x00007ffdb33dc000 	c:\Users\becal\.vscode\extensions\redhat.java-1.55.0-win32-x64\jre\21.0.11-win32-x86_64\bin\vcruntime140_1.dll
0x00007ffd8ca30000 - 0x00007ffd8cabd000 	c:\Users\becal\.vscode\extensions\redhat.java-1.55.0-win32-x64\jre\21.0.11-win32-x86_64\bin\msvcp140.dll
0x00007ffd49bf0000 - 0x00007ffd4a992000 	c:\Users\becal\.vscode\extensions\redhat.java-1.55.0-win32-x64\jre\21.0.11-win32-x86_64\bin\server\jvm.dll
0x00007ffdc59f0000 - 0x00007ffdc5aa7000 	C:\WINDOWS\System32\ADVAPI32.dll
0x00007ffdc3fd0000 - 0x00007ffdc407a000 	C:\WINDOWS\System32\sechost.dll
0x00007ffdc5360000 - 0x00007ffdc5478000 	C:\WINDOWS\System32\RPCRT4.dll
0x00007ffdc3320000 - 0x00007ffdc337e000 	C:\WINDOWS\SYSTEM32\POWRPROF.dll
0x00007ffdc4390000 - 0x00007ffdc4410000 	C:\WINDOWS\System32\WS2_32.dll
0x00007ffda7b30000 - 0x00007ffda7b66000 	C:\WINDOWS\SYSTEM32\WINMM.dll
0x00007ffdb4fe0000 - 0x00007ffdb4feb000 	C:\WINDOWS\SYSTEM32\VERSION.dll
0x00007ffdc3300000 - 0x00007ffdc3314000 	C:\WINDOWS\SYSTEM32\UMPDC.dll
0x00007ffdc21a0000 - 0x00007ffdc21bb000 	C:\WINDOWS\SYSTEM32\kernel.appcore.dll
0x00007ffdb3380000 - 0x00007ffdb338a000 	c:\Users\becal\.vscode\extensions\redhat.java-1.55.0-win32-x64\jre\21.0.11-win32-x86_64\bin\jimage.dll
0x00007ffdc0c10000 - 0x00007ffdc0e52000 	C:\WINDOWS\SYSTEM32\DBGHELP.DLL
0x00007ffdc4e70000 - 0x00007ffdc51f3000 	C:\WINDOWS\System32\combase.dll
0x00007ffdc4d90000 - 0x00007ffdc4e69000 	C:\WINDOWS\System32\OLEAUT32.dll
0x00007ffda47e0000 - 0x00007ffda481b000 	C:\WINDOWS\SYSTEM32\dbgcore.DLL
0x00007ffdc3620000 - 0x00007ffdc36cc000 	C:\WINDOWS\System32\bcryptPrimitives.dll
0x00007ffdb3930000 - 0x00007ffdb393f000 	c:\Users\becal\.vscode\extensions\redhat.java-1.55.0-win32-x64\jre\21.0.11-win32-x86_64\bin\instrument.dll
0x00007ffd9d3b0000 - 0x00007ffd9d3d0000 	c:\Users\becal\.vscode\extensions\redhat.java-1.55.0-win32-x64\jre\21.0.11-win32-x86_64\bin\java.dll
0x00007ffdc4420000 - 0x00007ffdc4bb2000 	C:\WINDOWS\System32\SHELL32.dll
0x00007ffdc0f50000 - 0x00007ffdc17e2000 	C:\WINDOWS\SYSTEM32\windows.storage.dll
0x00007ffdc5260000 - 0x00007ffdc5357000 	C:\WINDOWS\System32\SHCORE.dll
0x00007ffdc5d70000 - 0x00007ffdc5dd7000 	C:\WINDOWS\System32\shlwapi.dll
0x00007ffdc33e0000 - 0x00007ffdc3409000 	C:\WINDOWS\SYSTEM32\profapi.dll
0x00007ffd9cf10000 - 0x00007ffd9cf28000 	c:\Users\becal\.vscode\extensions\redhat.java-1.55.0-win32-x64\jre\21.0.11-win32-x86_64\bin\zip.dll
0x00007ffdafa50000 - 0x00007ffdafa60000 	C:\Users\becal\.vscode\extensions\redhat.java-1.55.0-win32-x64\jre\21.0.11-win32-x86_64\bin\net.dll
0x00007ffdab3c0000 - 0x00007ffdab4e9000 	C:\WINDOWS\SYSTEM32\WINHTTP.dll
0x00007ffdc2750000 - 0x00007ffdc27bc000 	C:\WINDOWS\system32\mswsock.dll
0x00007ffd9cef0000 - 0x00007ffd9cf06000 	C:\Users\becal\.vscode\extensions\redhat.java-1.55.0-win32-x64\jre\21.0.11-win32-x86_64\bin\nio.dll
0x00007ffdbeac0000 - 0x00007ffdbead0000 	c:\Users\becal\.vscode\extensions\redhat.java-1.55.0-win32-x64\jre\21.0.11-win32-x86_64\bin\verify.dll
0x00007ffd99010000 - 0x00007ffd99055000 	C:\Users\becal\AppData\Roaming\Code\User\globalStorage\redhat.java\1.55.0\config_win\org.eclipse.equinox.launcher\org.eclipse.equinox.launcher.win32.win32.x86_64_1.3.100.v20260613-0559\eclipse_11924.dll
0x00007ffdc4bf0000 - 0x00007ffdc4d89000 	C:\WINDOWS\System32\ole32.dll
0x00007ffdc2a50000 - 0x00007ffdc2a6b000 	C:\WINDOWS\SYSTEM32\CRYPTSP.dll
0x00007ffdc2100000 - 0x00007ffdc2139000 	C:\WINDOWS\system32\rsaenh.dll
0x00007ffdc2810000 - 0x00007ffdc2842000 	C:\WINDOWS\SYSTEM32\USERENV.dll
0x00007ffdc33b0000 - 0x00007ffdc33da000 	C:\WINDOWS\SYSTEM32\bcrypt.dll
0x00007ffdc2a70000 - 0x00007ffdc2a7c000 	C:\WINDOWS\SYSTEM32\CRYPTBASE.dll
0x00007ffdc1c70000 - 0x00007ffdc1ca3000 	C:\WINDOWS\SYSTEM32\IPHLPAPI.DLL
0x00007ffdc5480000 - 0x00007ffdc548a000 	C:\WINDOWS\System32\NSI.dll
0x00007ffd98e20000 - 0x00007ffd98e69000 	C:\Users\becal\AppData\Local\Temp\jna-93612203\jna6468949779004767682.dll
0x00007ffdc5de0000 - 0x00007ffdc5de8000 	C:\WINDOWS\System32\PSAPI.DLL
0x00007ffdab390000 - 0x00007ffdab3ad000 	C:\WINDOWS\SYSTEM32\dhcpcsvc6.DLL
0x00007ffdab360000 - 0x00007ffdab385000 	C:\WINDOWS\SYSTEM32\dhcpcsvc.DLL
0x00007ffdb3950000 - 0x00007ffdb395e000 	C:\Users\becal\.vscode\extensions\redhat.java-1.55.0-win32-x64\jre\21.0.11-win32-x86_64\bin\sunmscapi.dll
0x00007ffdc38f0000 - 0x00007ffdc3a68000 	C:\WINDOWS\System32\CRYPT32.dll
0x00007ffdc2c90000 - 0x00007ffdc2cc0000 	C:\WINDOWS\SYSTEM32\ncrypt.dll
0x00007ffdc2c40000 - 0x00007ffdc2c7f000 	C:\WINDOWS\SYSTEM32\NTASN1.dll
0x00007ffdc1cc0000 - 0x00007ffdc1e15000 	C:\WINDOWS\SYSTEM32\DNSAPI.dll
0x00007ffdc2530000 - 0x00007ffdc253d000 	C:\WINDOWS\SYSTEM32\DSPARSE.dll
0x00007ffdb4fd0000 - 0x00007ffdb4fdb000 	C:\Windows\System32\rasadhlp.dll
0x00007ffdaa3d0000 - 0x00007ffdaa456000 	C:\WINDOWS\System32\fwpuclnt.dll
0x00007ffdb3940000 - 0x00007ffdb3949000 	C:\Users\becal\.vscode\extensions\redhat.java-1.55.0-win32-x64\jre\21.0.11-win32-x86_64\bin\extnet.dll
0x00007ffd96bf0000 - 0x00007ffd96c17000 	C:\Users\becal\.gradle\native\1def1411415f61bf3af743bc5b6707747c0891f09f0c88961ee8f79bc544acac\windows-amd64\native-platform.dll
0x00007ffdaf6d0000 - 0x00007ffdaf6da000 	C:\Users\becal\.vscode\extensions\redhat.java-1.55.0-win32-x64\jre\21.0.11-win32-x86_64\bin\management.dll
0x00007ffdae380000 - 0x00007ffdae38c000 	C:\Users\becal\.vscode\extensions\redhat.java-1.55.0-win32-x64\jre\21.0.11-win32-x86_64\bin\management_ext.dll
0x00007ffdbea30000 - 0x00007ffdbea38000 	C:\WINDOWS\system32\wshunix.dll

JVMTI agents:
c:\Users\becal\.vscode\extensions\redhat.java-1.55.0-win32-x64\lombok\lombok-1.18.39-4050.jar path:c:\Users\becal\.vscode\extensions\redhat.java-1.55.0-win32-x64\jre\21.0.11-win32-x86_64\bin\instrument.dll, loaded, initialized, instrumentlib options:none

dbghelp: loaded successfully - version: 4.0.5 - missing functions: none
symbol engine: initialized successfully - sym options: 0x614 - pdb path: .;c:\Users\becal\.vscode\extensions\redhat.java-1.55.0-win32-x64\jre\21.0.11-win32-x86_64\bin;C:\WINDOWS\SYSTEM32;C:\WINDOWS\WinSxS\amd64_microsoft.windows.common-controls_6595b64144ccf1df_6.0.26100.8737_none_3e092eaee333b772;c:\Users\becal\.vscode\extensions\redhat.java-1.55.0-win32-x64\jre\21.0.11-win32-x86_64\bin\server;C:\Users\becal\AppData\Roaming\Code\User\globalStorage\redhat.java\1.55.0\config_win\org.eclipse.equinox.launcher\org.eclipse.equinox.launcher.win32.win32.x86_64_1.3.100.v20260613-0559;C:\Users\becal\AppData\Local\Temp\jna-93612203;C:\Users\becal\.gradle\native\1def1411415f61bf3af743bc5b6707747c0891f09f0c88961ee8f79bc544acac\windows-amd64

VM Arguments:
jvm_args: --add-modules=ALL-SYSTEM --add-opens=java.base/java.util=ALL-UNNAMED --add-opens=java.base/java.lang=ALL-UNNAMED --add-opens=java.base/sun.nio.fs=ALL-UNNAMED -Declipse.application=org.eclipse.jdt.ls.core.id1 -Dosgi.bundles.defaultStartLevel=4 -Declipse.product=org.eclipse.jdt.ls.core.product -Djava.import.generatesMetadataFilesAtProjectRoot=false -DDetectVMInstallationsJob.disabled=true -Dfile.encoding=utf8 -XX:+UseParallelGC -XX:GCTimeRatio=4 -XX:AdaptiveSizePolicyWeight=90 -Dsun.zip.disableMemoryMapping=true -Xmx2G -Xms100m -Xlog:disable -javaagent:c:\Users\becal\.vscode\extensions\redhat.java-1.55.0-win32-x64\lombok\lombok-1.18.39-4050.jar -XX:+HeapDumpOnOutOfMemoryError -XX:HeapDumpPath=c:\Users\becal\AppData\Roaming\Code\User\workspaceStorage\fb9888045959518d4bcb1aa14a46c6ce\redhat.java -Daether.dependencyCollector.impl=bf 
java_command: c:\Users\becal\.vscode\extensions\redhat.java-1.55.0-win32-x64\server\plugins\org.eclipse.equinox.launcher_1.7.200.v20260619-2039.jar -configuration c:\Users\becal\AppData\Roaming\Code\User\globalStorage\redhat.java\1.55.0\config_win -data c:\Users\becal\AppData\Roaming\Code\User\workspaceStorage\fb9888045959518d4bcb1aa14a46c6ce\redhat.java\jdt_ws --pipe=\\.\pipe\lsp-5c955d43e6b3734b6e359336f985835c-sock
java_class_path (initial): c:\Users\becal\.vscode\extensions\redhat.java-1.55.0-win32-x64\server\plugins\org.eclipse.equinox.launcher_1.7.200.v20260619-2039.jar
Launcher Type: SUN_STANDARD

[Global flags]
    uintx AdaptiveSizePolicyWeight                 = 90                                        {product} {command line}
     intx CICompilerCount                          = 2                                         {product} {ergonomic}
    uintx GCTimeRatio                              = 4                                         {product} {command line}
     bool HeapDumpOnOutOfMemoryError               = true                                   {manageable} {command line}
    ccstr HeapDumpPath                             = c:\Users\becal\AppData\Roaming\Code\User\workspaceStorage\fb9888045959518d4bcb1aa14a46c6ce\redhat.java         {manageable} {command line}
   size_t InitialHeapSize                          = 104857600                                 {product} {command line}
   size_t MaxHeapSize                              = 2147483648                                {product} {command line}
   size_t MaxNewSize                               = 715653120                                 {product} {ergonomic}
   size_t MinHeapDeltaBytes                        = 524288                                    {product} {ergonomic}
   size_t MinHeapSize                              = 104857600                                 {product} {command line}
   size_t NewSize                                  = 34603008                                  {product} {ergonomic}
    uintx NonNMethodCodeHeapSize                   = 5826188                                {pd product} {ergonomic}
    uintx NonProfiledCodeHeapSize                  = 122916026                              {pd product} {ergonomic}
   size_t OldSize                                  = 70254592                                  {product} {ergonomic}
    uintx ProfiledCodeHeapSize                     = 122916026                              {pd product} {ergonomic}
    uintx ReservedCodeCacheSize                    = 251658240                              {pd product} {ergonomic}
     bool SegmentedCodeCache                       = true                                      {product} {ergonomic}
   size_t SoftMaxHeapSize                          = 2147483648                             {manageable} {ergonomic}
     bool UseCompressedOops                        = true                           {product lp64_product} {ergonomic}
     bool UseLargePagesIndividualAllocation        = false                                  {pd product} {ergonomic}
     bool UseParallelGC                            = true                                      {product} {command line}

Logging:
Log output configuration:
 #0: stdout all=off uptime,level,tags foldmultilines=false
 #1: stderr all=off uptime,level,tags foldmultilines=false

Release file:
JAVA_VERSION="21.0.11" 
MODULES="java.base java.compiler java.datatransfer java.xml java.prefs java.desktop java.instrument java.logging java.management java.security.sasl java.naming java.rmi java.management.rmi java.net.http java.scripting java.security.jgss java.transaction.xa java.sql java.sql.rowset java.xml.crypto java.se java.smartcardio jdk.accessibility jdk.internal.jvmstat jdk.attach jdk.charsets jdk.internal.opt jdk.zipfs jdk.compiler jdk.crypto.ec jdk.crypto.cryptoki jdk.crypto.mscapi jdk.dynalink jdk.internal.ed jdk.editpad jdk.hotspot.agent jdk.httpserver jdk.internal.le jdk.internal.vm.ci jdk.internal.vm.compiler jdk.internal.vm.compiler.management jdk.jartool jdk.javadoc jdk.jcmd jdk.management jdk.management.agent jdk.jconsole jdk.jdeps jdk.jdwp.agent jdk.jdi jdk.jfr jdk.jshell jdk.jsobject jdk.jstatd jdk.localedata jdk.management.jfr jdk.naming.dns jdk.naming.rmi jdk.net jdk.nio.mapmode jdk.random jdk.sctp jdk.security.auth jdk.security.jgss jdk.unsupported jdk.unsupported.desktop jdk.xml.dom" 

Environment Variables:
JAVA_HOME=C:\Program Files\Java\jdk-17.0.1
PATH=C:\Program Files\PostgreSQL\17\bin;C:\Program Files\PowerShell\7\;C:\Program Files\MySQL\MySQL Shell 8.0\bin\;C:\Users\becal\AppData\Local\Microsoft\WindowsApps;C:\Users\becal\AppData\Local\Programs\Microsoft VS Code\bin;C:\Program Files\MongoDB\Server\7.0\bin;C:\Users\becal\OneDrive\Documentos\maven\apache-maven-3.9.8\bin;C:\Program Files\MySQL\MySQL Server 8.0\bin;C:\Users\becal\go\bin
USERNAME=becal
OS=Windows_NT
PROCESSOR_IDENTIFIER=Intel64 Family 6 Model 122 Stepping 8, GenuineIntel
TMP=C:\Users\becal\AppData\Local\Temp
TEMP=C:\Users\becal\AppData\Local\Temp




Periodic native trim disabled

---------------  S Y S T E M  ---------------

OS:
 Windows 11 , 64 bit Build 26100 (10.0.26100.8737)
OS uptime: 4 days 22:58 hours
Hyper-V role detected

CPU: total 2 (initial active 2) (2 cores per cpu, 1 threads per core) family 6 model 122 stepping 8 microcode 0x20, cx8, cmov, fxsr, mmx, 3dnowpref, sse, sse2, sse3, ssse3, sse4.1, sse4.2, popcnt, tsc, tscinvbit, aes, erms, clmul, sha, clflush, clflushopt, hv, rdtscp, rdpid
Processor Information for the first 2 processors :
  Max Mhz: 1101, Current Mhz: 1101, Mhz Limit: 1101

Memory: 4k page, system-wide physical 3737M (69M free)
TotalPageFile size 15001M (AvailPageFile size 1M)
current process WorkingSet (physical memory assigned to process): 22M, peak: 249M
current process commit charge ("private bytes"): 378M, peak: 379M

vm_info: OpenJDK 64-Bit Server VM (21.0.11+10-LTS) for windows-amd64 JRE (21.0.11+10-LTS), built on 2026-04-21T00:00:00Z by "admin" with MS VC++ 17.12 (VS2022)

END.
