#
# There is insufficient memory for the Java Runtime Environment to continue.
# Native memory allocation (malloc) failed to allocate 122272 bytes. Error detail: Chunk::new
# Possible reasons:
#   The system is out of physical RAM or swap space
#   This process is running with CompressedOops enabled, and the Java Heap may be blocking the growth of the native heap
# Possible solutions:
#   Reduce memory load on the system
#   Increase physical memory or swap space
#   Check if swap backing store is full
#   Decrease Java heap size (-Xmx/-Xms)
#   Decrease number of Java threads
#   Decrease Java thread stack sizes (-Xss)
#   Set larger code cache with -XX:ReservedCodeCacheSize=
#   JVM is running with Unscaled Compressed Oops mode in which the Java heap is
#     placed in the first 4GB address space. The Java Heap base address is the
#     maximum limit for the native heap growth. Please use -XX:HeapBaseMinAddress
#     to set the Java Heap base and to place the Java Heap above 4GB virtual address.
# This output file may be truncated or incomplete.
#
#  Out of Memory Error (arena.cpp:168), pid=15376, tid=14816
#
# JRE version: OpenJDK Runtime Environment Temurin-21.0.11+10 (21.0.11+10) (build 21.0.11+10-LTS)
# Java VM: OpenJDK 64-Bit Server VM Temurin-21.0.11+10 (21.0.11+10-LTS, mixed mode, sharing, tiered, compressed oops, compressed class ptrs, parallel gc, windows-amd64)
# No core dump will be written. Minidumps are not enabled by default on client versions of Windows
#

---------------  S U M M A R Y ------------

Command Line: --add-modules=ALL-SYSTEM --add-opens=java.base/java.util=ALL-UNNAMED --add-opens=java.base/java.lang=ALL-UNNAMED --add-opens=java.base/sun.nio.fs=ALL-UNNAMED -Declipse.application=org.eclipse.jdt.ls.core.id1 -Dosgi.bundles.defaultStartLevel=4 -Declipse.product=org.eclipse.jdt.ls.core.product -Djava.import.generatesMetadataFilesAtProjectRoot=false -DDetectVMInstallationsJob.disabled=true -Dfile.encoding=utf8 -XX:+UseParallelGC -XX:GCTimeRatio=4 -XX:AdaptiveSizePolicyWeight=90 -Dsun.zip.disableMemoryMapping=true -Xmx2G -Xms100m -Xlog:disable -javaagent:c:\Users\becal\.vscode\extensions\redhat.java-1.55.0-win32-x64\lombok\lombok-1.18.39-4050.jar -XX:+HeapDumpOnOutOfMemoryError -XX:HeapDumpPath=c:\Users\becal\AppData\Roaming\Code\User\workspaceStorage\fb9888045959518d4bcb1aa14a46c6ce\redhat.java -Daether.dependencyCollector.impl=bf c:\Users\becal\.vscode\extensions\redhat.java-1.55.0-win32-x64\server\plugins\org.eclipse.equinox.launcher_1.7.200.v20260619-2039.jar -configuration c:\Users\becal\AppData\Roaming\Code\User\globalStorage\redhat.java\1.55.0\config_win -data c:\Users\becal\AppData\Roaming\Code\User\workspaceStorage\fb9888045959518d4bcb1aa14a46c6ce\redhat.java\jdt_ws --pipe=\\.\pipe\lsp-db720fc19dedc712303b082e955a7704-sock

Host: Intel(R) Celeron(R) N4020 CPU @ 1.10GHz, 2 cores, 3G,  Windows 11 , 64 bit Build 26100 (10.0.26100.8737)
Time: Tue Aug 11 18:16:39 2026 Hora oficial do Brasil elapsed time: 53.496771 seconds (0d 0h 0m 53s)

---------------  T H R E A D  ---------------

Current thread (0x000001a6830dffd0):  JavaThread "C2 CompilerThread0" daemon [_thread_in_native, id=14816, stack(0x000000a33fb00000,0x000000a33fc00000) (1024K)]


Current CompileTask:
C2:53497 3936   !   4       org.eclipse.osgi.internal.loader.classpath.ClasspathManager::findClassImpl (328 bytes)

Stack: [0x000000a33fb00000,0x000000a33fc00000]
Native frames: (J=compiled Java code, j=interpreted, Vv=VM code, C=native code)
V  [jvm.dll+0x6d7e19]
V  [jvm.dll+0x8b5096]
V  [jvm.dll+0x8b764e]
V  [jvm.dll+0x8b7d33]
V  [jvm.dll+0x284596]
V  [jvm.dll+0xc685d]
V  [jvm.dll+0xc6da1]
V  [jvm.dll+0x724ffb]
V  [jvm.dll+0x1e430d]
V  [jvm.dll+0x24c853]
V  [jvm.dll+0x24bce0]
V  [jvm.dll+0x1cb4ae]
V  [jvm.dll+0x25baad]
V  [jvm.dll+0x25a03a]
V  [jvm.dll+0x3f868e]
V  [jvm.dll+0x85fb0d]
V  [jvm.dll+0x6d664d]
C  [ucrtbase.dll+0x2cd30]
C  [KERNEL32.DLL+0x2e957]
C  [ntdll.dll+0xaad6c]


---------------  P R O C E S S  ---------------

Threads class SMR info:
_java_thread_list=0x000001a6e0c1be50, length=23, elements={
0x000001a683231ab0, 0x000001a6832ddbb0, 0x000001a6830d84e0, 0x000001a6830db260,
0x000001a6830dbcc0, 0x000001a6830de730, 0x000001a6830df190, 0x000001a6830dffd0,
0x000001a683158860, 0x000001a6db3ae490, 0x000001a6db6e20e0, 0x000001a6db6890d0,
0x000001a6dbb1ab60, 0x000001a6db88ffc0, 0x000001a6db890a00, 0x000001a6db8d6dd0,
0x000001a6dbb82e20, 0x000001a6db34d8b0, 0x000001a6e0048870, 0x000001a6e004a940,
0x000001a6e004a2b0, 0x000001a6e0049590, 0x000001a6e00481e0
}

Java Threads: ( => current thread )
  0x000001a683231ab0 JavaThread "main"                              [_thread_blocked, id=5472, stack(0x000000a33f100000,0x000000a33f200000) (1024K)]
  0x000001a6832ddbb0 JavaThread "Reference Handler"          daemon [_thread_blocked, id=13204, stack(0x000000a33f500000,0x000000a33f600000) (1024K)]
  0x000001a6830d84e0 JavaThread "Finalizer"                  daemon [_thread_blocked, id=1784, stack(0x000000a33f600000,0x000000a33f700000) (1024K)]
  0x000001a6830db260 JavaThread "Signal Dispatcher"          daemon [_thread_blocked, id=13456, stack(0x000000a33f700000,0x000000a33f800000) (1024K)]
  0x000001a6830dbcc0 JavaThread "Attach Listener"            daemon [_thread_blocked, id=1068, stack(0x000000a33f800000,0x000000a33f900000) (1024K)]
  0x000001a6830de730 JavaThread "Service Thread"             daemon [_thread_blocked, id=4280, stack(0x000000a33f900000,0x000000a33fa00000) (1024K)]
  0x000001a6830df190 JavaThread "Monitor Deflation Thread"   daemon [_thread_blocked, id=13572, stack(0x000000a33fa00000,0x000000a33fb00000) (1024K)]
=>0x000001a6830dffd0 JavaThread "C2 CompilerThread0"         daemon [_thread_in_native, id=14816, stack(0x000000a33fb00000,0x000000a33fc00000) (1024K)]
  0x000001a683158860 JavaThread "C1 CompilerThread0"         daemon [_thread_blocked, id=18376, stack(0x000000a33fc00000,0x000000a33fd00000) (1024K)]
  0x000001a6db3ae490 JavaThread "Common-Cleaner"             daemon [_thread_blocked, id=16544, stack(0x000000a33fd00000,0x000000a33fe00000) (1024K)]
  0x000001a6db6e20e0 JavaThread "Notification Thread"        daemon [_thread_blocked, id=17788, stack(0x000000a33fe00000,0x000000a33ff00000) (1024K)]
  0x000001a6db6890d0 JavaThread "Active Thread: Equinox Container: 7a8d34d8-cc1d-42de-a38f-b52c3ef51495"        [_thread_blocked, id=10564, stack(0x000000a340000000,0x000000a340100000) (1024K)]
  0x000001a6dbb1ab60 JavaThread "Refresh Thread: Equinox Container: 7a8d34d8-cc1d-42de-a38f-b52c3ef51495" daemon [_thread_blocked, id=3176, stack(0x000000a340100000,0x000000a340200000) (1024K)]
  0x000001a6db88ffc0 JavaThread "Framework Event Dispatcher: Equinox Container: 7a8d34d8-cc1d-42de-a38f-b52c3ef51495" daemon [_thread_blocked, id=1652, stack(0x000000a340200000,0x000000a340300000) (1024K)]
  0x000001a6db890a00 JavaThread "Start Level: Equinox Container: 7a8d34d8-cc1d-42de-a38f-b52c3ef51495" daemon [_thread_in_native, id=13344, stack(0x000000a340300000,0x000000a340400000) (1024K)]
  0x000001a6db8d6dd0 JavaThread "Bundle File Closer"         daemon [_thread_blocked, id=18504, stack(0x000000a340400000,0x000000a340500000) (1024K)]
  0x000001a6dbb82e20 JavaThread "SCR Component Actor"        daemon [_thread_blocked, id=14216, stack(0x000000a340500000,0x000000a340600000) (1024K)]
  0x000001a6db34d8b0 JavaThread "Worker-JM"                         [_thread_blocked, id=12396, stack(0x000000a340600000,0x000000a340700000) (1024K)]
  0x000001a6e0048870 JavaThread "JNA Cleaner"                daemon [_thread_blocked, id=10596, stack(0x000000a340700000,0x000000a340800000) (1024K)]
  0x000001a6e004a940 JavaThread "Worker-0"                          [_thread_blocked, id=4572, stack(0x000000a340800000,0x000000a340900000) (1024K)]
  0x000001a6e004a2b0 JavaThread "Worker-1: Updating Maven Dependencies"        [_thread_blocked, id=11280, stack(0x000000a340900000,0x000000a340a00000) (1024K)]
  0x000001a6e0049590 JavaThread "Worker-2: Repository registry initialization"        [_thread_in_native, id=15960, stack(0x000000a340a00000,0x000000a340b00000) (1024K)]
  0x000001a6e00481e0 JavaThread "Worker-3"                          [_thread_blocked, id=4088, stack(0x000000a340b00000,0x000000a340c00000) (1024K)]
Total: 23

Other Threads:
  0x000001a6832c9100 VMThread "VM Thread"                           [id=16896, stack(0x000000a33f400000,0x000000a33f500000) (1024K)]
  0x000001a6830acb00 WatcherThread "VM Periodic Task Thread"        [id=16652, stack(0x000000a33f300000,0x000000a33f400000) (1024K)]
  0x000001a683248710 WorkerThread "GC Thread#0"                     [id=8308, stack(0x000000a33f200000,0x000000a33f300000) (1024K)]
  0x000001a6db90c010 WorkerThread "GC Thread#1"                     [id=6612, stack(0x000000a33ff00000,0x000000a340000000) (1024K)]
Total: 4

Threads with active compile tasks:
C2 CompilerThread0  53542 3936   !   4       org.eclipse.osgi.internal.loader.classpath.ClasspathManager::findClassImpl (328 bytes)
Total: 1

VM state: not at safepoint (normal execution)

VM Mutex/Monitor currently owned by a thread: None

Heap address: 0x0000000080000000, size: 2048 MB, Compressed Oops mode: 32-bit

CDS archive(s) mapped at: [0x000001a69a000000-0x000001a69aba0000-0x000001a69aba0000), size 12189696, SharedBaseAddress: 0x000001a69a000000, ArchiveRelocationMode: 1.
Compressed class space mapped at: 0x000001a69b000000-0x000001a6db000000, reserved size: 1073741824
Narrow klass base: 0x000001a69a000000, Narrow klass shift: 0, Narrow klass range: 0x100000000

GC Precious Log:
 CardTable entry size: 512
 CPUs: 2 total, 2 available
 Memory: 3737M
 Large Page Support: Disabled
 NUMA Support: Disabled
 Compressed Oops: Enabled (32-bit)
 Alignments: Space 512K, Generation 512K, Heap 2M
 Heap Min Capacity: 100M
 Heap Initial Capacity: 100M
 Heap Max Capacity: 2G
 Pre-touch: Disabled
 Parallel Workers: 2

Heap:
 PSYoungGen      total 25088K, used 17124K [0x00000000d5580000, 0x00000000d7400000, 0x0000000100000000)
  eden space 24064K, 68% used [0x00000000d5580000,0x00000000d6591508,0x00000000d6d00000)
  from space 1024K, 65% used [0x00000000d7300000,0x00000000d73a7d48,0x00000000d7400000)
  to   space 2560K, 0% used [0x00000000d6f00000,0x00000000d6f00000,0x00000000d7180000)
 ParOldGen       total 68608K, used 13253K [0x0000000080000000, 0x0000000084300000, 0x00000000d5580000)
  object space 68608K, 19% used [0x0000000080000000,0x0000000080cf14f0,0x0000000084300000)
 Metaspace       used 25648K, committed 26496K, reserved 1114112K
  class space    used 2585K, committed 2944K, reserved 1048576K

Card table byte_map: [0x000001a682bc0000,0x000001a682fd0000] _byte_map_base: 0x000001a6827c0000

Marking Bits: (ParMarkBitMap*) 0x00007ffd4a8b4460
 Begin Bits: [0x000001a6956d0000, 0x000001a6976d0000)
 End Bits:   [0x000001a6976d0000, 0x000001a6996d0000)

Polling page: 0x000001a6812a0000

Metaspace:

Usage:
  Non-class:     22.52 MB used.
      Class:      2.52 MB used.
       Both:     25.05 MB used.

Virtual space:
  Non-class space:       64.00 MB reserved,      23.00 MB ( 36%) committed,  1 nodes.
      Class space:        1.00 GB reserved,       2.88 MB ( <1%) committed,  1 nodes.
             Both:        1.06 GB reserved,      25.88 MB (  2%) committed. 

Chunk freelists:
   Non-Class:  8.39 MB
       Class:  13.03 MB
        Both:  21.42 MB

MaxMetaspaceSize: unlimited
CompressedClassSpaceSize: 1.00 GB
Initial GC threshold: 21.00 MB
Current GC threshold: 35.00 MB
CDS: on
 - commit_granule_bytes: 65536.
 - commit_granule_words: 8192.
 - virtual_space_node_default_size: 8388608.
 - enlarge_chunks_in_place: 1.
 - use_allocation_guard: 0.


Internal statistics:

num_allocs_failed_limit: 3.
num_arena_births: 710.
num_arena_deaths: 14.
num_vsnodes_births: 2.
num_vsnodes_deaths: 0.
num_space_committed: 414.
num_space_uncommitted: 0.
num_chunks_returned_to_freelist: 17.
num_chunks_taken_from_freelist: 1753.
num_chunk_merges: 6.
num_chunk_splits: 1112.
num_chunks_enlarged: 709.
num_inconsistent_stats: 0.

CodeHeap 'non-profiled nmethods': size=120064Kb used=1694Kb max_used=1694Kb free=118370Kb
 bounds [0x000001a68dee0000, 0x000001a68e150000, 0x000001a695420000]
CodeHeap 'profiled nmethods': size=120000Kb used=8452Kb max_used=8452Kb free=111547Kb
 bounds [0x000001a686420000, 0x000001a686c70000, 0x000001a68d950000]
CodeHeap 'non-nmethods': size=5696Kb used=1317Kb max_used=1317Kb free=4378Kb
 bounds [0x000001a68d950000, 0x000001a68dbc0000, 0x000001a68dee0000]
CodeCache: size=245760Kb, used=11463Kb, max_used=11463Kb, free=234295Kb
 total_blobs=4575, nmethods=3967, adapters=515, full_count=0
Compilation: enabled, stopped_count=0, restarted_count=0

Compilation events (20 events):
Event: 52.710 Thread 0x000001a683158860 3963 %     3       org.lombokweb.asm.ClassReader::<init> @ 95 (359 bytes)
Event: 52.712 Thread 0x000001a683158860 nmethod 3963% 0x000001a686c51390 code [0x000001a686c516a0, 0x000001a686c52a68]
Event: 52.713 Thread 0x000001a683158860 3964       3       java.util.regex.Pattern$BranchConn::match (11 bytes)
Event: 52.713 Thread 0x000001a683158860 nmethod 3964 0x000001a686c53090 code [0x000001a686c53240, 0x000001a686c53418]
Event: 52.715 Thread 0x000001a683158860 3965       3       org.lombokweb.asm.ClassReader::<init> (359 bytes)
Event: 52.716 Thread 0x000001a683158860 nmethod 3965 0x000001a686c53510 code [0x000001a686c53800, 0x000001a686c549c0]
Event: 52.717 Thread 0x000001a683158860 3966 %     3       org.lombokweb.asm.SymbolTable::<init> @ 98 (554 bytes)
Event: 52.720 Thread 0x000001a683158860 nmethod 3966% 0x000001a686c54f90 code [0x000001a686c555a0, 0x000001a686c58230]
Event: 52.721 Thread 0x000001a683158860 3967       3       org.lombokweb.asm.SymbolTable::<init> (554 bytes)
Event: 52.724 Thread 0x000001a683158860 nmethod 3967 0x000001a686c59490 code [0x000001a686c59a80, 0x000001a686c5c518]
Event: 52.740 Thread 0x000001a683158860 3968       3       java.util.LinkedHashMap$LinkedKeyIterator::next (8 bytes)
Event: 52.741 Thread 0x000001a683158860 nmethod 3968 0x000001a686c5d710 code [0x000001a686c5d8c0, 0x000001a686c5da18]
Event: 52.742 Thread 0x000001a683158860 3969       3       jdk.internal.org.objectweb.asm.ByteVector::putShort (52 bytes)
Event: 52.743 Thread 0x000001a683158860 nmethod 3969 0x000001a686c5db10 code [0x000001a686c5dcc0, 0x000001a686c5dec0]
Event: 52.751 Thread 0x000001a683158860 3970       3       java.lang.invoke.MethodHandles$Lookup::resolveOrFail (44 bytes)
Event: 52.753 Thread 0x000001a683158860 nmethod 3970 0x000001a686c5e010 code [0x000001a686c5e2c0, 0x000001a686c5ee70]
Event: 52.753 Thread 0x000001a683158860 3971       3       java.lang.invoke.MethodHandles$Lookup::getDirectMethodForConstant (72 bytes)
Event: 52.754 Thread 0x000001a683158860 nmethod 3971 0x000001a686c5f290 code [0x000001a686c5f5e0, 0x000001a686c606a0]
Event: 52.756 Thread 0x000001a683158860 3972       3       java.util.stream.ReduceOps$3ReducingSink::accept (15 bytes)
Event: 52.756 Thread 0x000001a683158860 nmethod 3972 0x000001a686c60c90 code [0x000001a686c60e40, 0x000001a686c61028]

GC Heap History (18 events):
Event: 25.233 GC heap before
{Heap before GC invocations=1 (full 0):
 PSYoungGen      total 29696K, used 25600K [0x00000000d5580000, 0x00000000d7680000, 0x0000000100000000)
  eden space 25600K, 100% used [0x00000000d5580000,0x00000000d6e80000,0x00000000d6e80000)
  from space 4096K, 0% used [0x00000000d7280000,0x00000000d7280000,0x00000000d7680000)
  to   space 4096K, 0% used [0x00000000d6e80000,0x00000000d6e80000,0x00000000d7280000)
 ParOldGen       total 68608K, used 0K [0x0000000080000000, 0x0000000084300000, 0x00000000d5580000)
  object space 68608K, 0% used [0x0000000080000000,0x0000000080000000,0x0000000084300000)
 Metaspace       used 4415K, committed 4608K, reserved 1114112K
  class space    used 477K, committed 576K, reserved 1048576K
}
Event: 25.305 GC heap after
{Heap after GC invocations=1 (full 0):
 PSYoungGen      total 29696K, used 3303K [0x00000000d5580000, 0x00000000d7680000, 0x0000000100000000)
  eden space 25600K, 0% used [0x00000000d5580000,0x00000000d5580000,0x00000000d6e80000)
  from space 4096K, 80% used [0x00000000d6e80000,0x00000000d71b9e98,0x00000000d7280000)
  to   space 4096K, 0% used [0x00000000d7280000,0x00000000d7280000,0x00000000d7680000)
 ParOldGen       total 68608K, used 0K [0x0000000080000000, 0x0000000084300000, 0x00000000d5580000)
  object space 68608K, 0% used [0x0000000080000000,0x0000000080000000,0x0000000084300000)
 Metaspace       used 4415K, committed 4608K, reserved 1114112K
  class space    used 477K, committed 576K, reserved 1048576K
}
Event: 33.214 GC heap before
{Heap before GC invocations=2 (full 0):
 PSYoungGen      total 29696K, used 28903K [0x00000000d5580000, 0x00000000d7680000, 0x0000000100000000)
  eden space 25600K, 100% used [0x00000000d5580000,0x00000000d6e80000,0x00000000d6e80000)
  from space 4096K, 80% used [0x00000000d6e80000,0x00000000d71b9e98,0x00000000d7280000)
  to   space 4096K, 0% used [0x00000000d7280000,0x00000000d7280000,0x00000000d7680000)
 ParOldGen       total 68608K, used 0K [0x0000000080000000, 0x0000000084300000, 0x00000000d5580000)
  object space 68608K, 0% used [0x0000000080000000,0x0000000080000000,0x0000000084300000)
 Metaspace       used 8067K, committed 8384K, reserved 1114112K
  class space    used 840K, committed 960K, reserved 1048576K
}
Event: 33.232 GC heap after
{Heap after GC invocations=2 (full 0):
 PSYoungGen      total 29696K, used 4087K [0x00000000d5580000, 0x00000000d7680000, 0x0000000100000000)
  eden space 25600K, 0% used [0x00000000d5580000,0x00000000d5580000,0x00000000d6e80000)
  from space 4096K, 99% used [0x00000000d7280000,0x00000000d767de88,0x00000000d7680000)
  to   space 4096K, 0% used [0x00000000d6e80000,0x00000000d6e80000,0x00000000d7280000)
 ParOldGen       total 68608K, used 1951K [0x0000000080000000, 0x0000000084300000, 0x00000000d5580000)
  object space 68608K, 2% used [0x0000000080000000,0x00000000801e7ca8,0x0000000084300000)
 Metaspace       used 8067K, committed 8384K, reserved 1114112K
  class space    used 840K, committed 960K, reserved 1048576K
}
Event: 36.150 GC heap before
{Heap before GC invocations=3 (full 0):
 PSYoungGen      total 29696K, used 29650K [0x00000000d5580000, 0x00000000d7680000, 0x0000000100000000)
  eden space 25600K, 99% used [0x00000000d5580000,0x00000000d6e76998,0x00000000d6e80000)
  from space 4096K, 99% used [0x00000000d7280000,0x00000000d767de88,0x00000000d7680000)
  to   space 4096K, 0% used [0x00000000d6e80000,0x00000000d6e80000,0x00000000d7280000)
 ParOldGen       total 68608K, used 1951K [0x0000000080000000, 0x0000000084300000, 0x00000000d5580000)
  object space 68608K, 2% used [0x0000000080000000,0x00000000801e7ca8,0x0000000084300000)
 Metaspace       used 9511K, committed 9856K, reserved 1114112K
  class space    used 1010K, committed 1152K, reserved 1048576K
}
Event: 36.170 GC heap after
{Heap after GC invocations=3 (full 0):
 PSYoungGen      total 29696K, used 4085K [0x00000000d5580000, 0x00000000d7680000, 0x0000000100000000)
  eden space 25600K, 0% used [0x00000000d5580000,0x00000000d5580000,0x00000000d6e80000)
  from space 4096K, 99% used [0x00000000d6e80000,0x00000000d727d598,0x00000000d7280000)
  to   space 4096K, 0% used [0x00000000d7280000,0x00000000d7280000,0x00000000d7680000)
 ParOldGen       total 68608K, used 5026K [0x0000000080000000, 0x0000000084300000, 0x00000000d5580000)
  object space 68608K, 7% used [0x0000000080000000,0x00000000804e8938,0x0000000084300000)
 Metaspace       used 9511K, committed 9856K, reserved 1114112K
  class space    used 1010K, committed 1152K, reserved 1048576K
}
Event: 39.397 GC heap before
{Heap before GC invocations=4 (full 0):
 PSYoungGen      total 29696K, used 29685K [0x00000000d5580000, 0x00000000d7680000, 0x0000000100000000)
  eden space 25600K, 100% used [0x00000000d5580000,0x00000000d6e80000,0x00000000d6e80000)
  from space 4096K, 99% used [0x00000000d6e80000,0x00000000d727d598,0x00000000d7280000)
  to   space 4096K, 0% used [0x00000000d7280000,0x00000000d7280000,0x00000000d7680000)
 ParOldGen       total 68608K, used 5026K [0x0000000080000000, 0x0000000084300000, 0x00000000d5580000)
  object space 68608K, 7% used [0x0000000080000000,0x00000000804e8938,0x0000000084300000)
 Metaspace       used 11731K, committed 12096K, reserved 1114112K
  class space    used 1239K, committed 1408K, reserved 1048576K
}
Event: 39.412 GC heap after
{Heap after GC invocations=4 (full 0):
 PSYoungGen      total 29696K, used 4068K [0x00000000d5580000, 0x00000000d7680000, 0x0000000100000000)
  eden space 25600K, 0% used [0x00000000d5580000,0x00000000d5580000,0x00000000d6e80000)
  from space 4096K, 99% used [0x00000000d7280000,0x00000000d7679238,0x00000000d7680000)
  to   space 4096K, 0% used [0x00000000d6e80000,0x00000000d6e80000,0x00000000d7280000)
 ParOldGen       total 68608K, used 6576K [0x0000000080000000, 0x0000000084300000, 0x00000000d5580000)
  object space 68608K, 9% used [0x0000000080000000,0x000000008066c360,0x0000000084300000)
 Metaspace       used 11731K, committed 12096K, reserved 1114112K
  class space    used 1239K, committed 1408K, reserved 1048576K
}
Event: 45.783 GC heap before
{Heap before GC invocations=5 (full 0):
 PSYoungGen      total 29696K, used 29668K [0x00000000d5580000, 0x00000000d7680000, 0x0000000100000000)
  eden space 25600K, 100% used [0x00000000d5580000,0x00000000d6e80000,0x00000000d6e80000)
  from space 4096K, 99% used [0x00000000d7280000,0x00000000d7679238,0x00000000d7680000)
  to   space 4096K, 0% used [0x00000000d6e80000,0x00000000d6e80000,0x00000000d7280000)
 ParOldGen       total 68608K, used 6576K [0x0000000080000000, 0x0000000084300000, 0x00000000d5580000)
  object space 68608K, 9% used [0x0000000080000000,0x000000008066c360,0x0000000084300000)
 Metaspace       used 15784K, committed 16384K, reserved 1114112K
  class space    used 1629K, committed 1920K, reserved 1048576K
}
Event: 45.796 GC heap after
{Heap after GC invocations=5 (full 0):
 PSYoungGen      total 29184K, used 4073K [0x00000000d5580000, 0x00000000d7900000, 0x0000000100000000)
  eden space 25088K, 0% used [0x00000000d5580000,0x00000000d5580000,0x00000000d6e00000)
  from space 4096K, 99% used [0x00000000d6e80000,0x00000000d727a5a0,0x00000000d7280000)
  to   space 5632K, 0% used [0x00000000d7380000,0x00000000d7380000,0x00000000d7900000)
 ParOldGen       total 68608K, used 7887K [0x0000000080000000, 0x0000000084300000, 0x00000000d5580000)
  object space 68608K, 11% used [0x0000000080000000,0x00000000807b3f00,0x0000000084300000)
 Metaspace       used 15784K, committed 16384K, reserved 1114112K
  class space    used 1629K, committed 1920K, reserved 1048576K
}
Event: 50.175 GC heap before
{Heap before GC invocations=6 (full 0):
 PSYoungGen      total 29184K, used 29161K [0x00000000d5580000, 0x00000000d7900000, 0x0000000100000000)
  eden space 25088K, 100% used [0x00000000d5580000,0x00000000d6e00000,0x00000000d6e00000)
  from space 4096K, 99% used [0x00000000d6e80000,0x00000000d727a5a0,0x00000000d7280000)
  to   space 5632K, 0% used [0x00000000d7380000,0x00000000d7380000,0x00000000d7900000)
 ParOldGen       total 68608K, used 7887K [0x0000000080000000, 0x0000000084300000, 0x00000000d5580000)
  object space 68608K, 11% used [0x0000000080000000,0x00000000807b3f00,0x0000000084300000)
 Metaspace       used 18890K, committed 19648K, reserved 1114112K
  class space    used 1975K, committed 2240K, reserved 1048576K
}
Event: 50.188 GC heap after
{Heap after GC invocations=6 (full 0):
 PSYoungGen      total 29696K, used 4800K [0x00000000d5580000, 0x00000000d7880000, 0x0000000100000000)
  eden space 24576K, 0% used [0x00000000d5580000,0x00000000d5580000,0x00000000d6d80000)
  from space 5120K, 93% used [0x00000000d7380000,0x00000000d78300a8,0x00000000d7880000)
  to   space 5120K, 0% used [0x00000000d6e80000,0x00000000d6e80000,0x00000000d7380000)
 ParOldGen       total 68608K, used 7895K [0x0000000080000000, 0x0000000084300000, 0x00000000d5580000)
  object space 68608K, 11% used [0x0000000080000000,0x00000000807b5f00,0x0000000084300000)
 Metaspace       used 18890K, committed 19648K, reserved 1114112K
  class space    used 1975K, committed 2240K, reserved 1048576K
}
Event: 51.095 GC heap before
{Heap before GC invocations=7 (full 0):
 PSYoungGen      total 29696K, used 23265K [0x00000000d5580000, 0x00000000d7880000, 0x0000000100000000)
  eden space 24576K, 75% used [0x00000000d5580000,0x00000000d6788578,0x00000000d6d80000)
  from space 5120K, 93% used [0x00000000d7380000,0x00000000d78300a8,0x00000000d7880000)
  to   space 5120K, 0% used [0x00000000d6e80000,0x00000000d6e80000,0x00000000d7380000)
 ParOldGen       total 68608K, used 7895K [0x0000000080000000, 0x0000000084300000, 0x00000000d5580000)
  object space 68608K, 11% used [0x0000000080000000,0x00000000807b5f00,0x0000000084300000)
 Metaspace       used 20671K, committed 21504K, reserved 1114112K
  class space    used 2184K, committed 2560K, reserved 1048576K
}
Event: 51.107 GC heap after
{Heap after GC invocations=7 (full 0):
 PSYoungGen      total 29184K, used 4360K [0x00000000d5580000, 0x00000000d7680000, 0x0000000100000000)
  eden space 24576K, 0% used [0x00000000d5580000,0x00000000d5580000,0x00000000d6d80000)
  from space 4608K, 94% used [0x00000000d6e80000,0x00000000d72c2278,0x00000000d7300000)
  to   space 3584K, 0% used [0x00000000d7300000,0x00000000d7300000,0x00000000d7680000)
 ParOldGen       total 68608K, used 9282K [0x0000000080000000, 0x0000000084300000, 0x00000000d5580000)
  object space 68608K, 13% used [0x0000000080000000,0x0000000080910bc0,0x0000000084300000)
 Metaspace       used 20671K, committed 21504K, reserved 1114112K
  class space    used 2184K, committed 2560K, reserved 1048576K
}
Event: 51.107 GC heap before
{Heap before GC invocations=8 (full 1):
 PSYoungGen      total 29184K, used 4360K [0x00000000d5580000, 0x00000000d7680000, 0x0000000100000000)
  eden space 24576K, 0% used [0x00000000d5580000,0x00000000d5580000,0x00000000d6d80000)
  from space 4608K, 94% used [0x00000000d6e80000,0x00000000d72c2278,0x00000000d7300000)
  to   space 3584K, 0% used [0x00000000d7300000,0x00000000d7300000,0x00000000d7680000)
 ParOldGen       total 68608K, used 9282K [0x0000000080000000, 0x0000000084300000, 0x00000000d5580000)
  object space 68608K, 13% used [0x0000000080000000,0x0000000080910bc0,0x0000000084300000)
 Metaspace       used 20671K, committed 21504K, reserved 1114112K
  class space    used 2184K, committed 2560K, reserved 1048576K
}
Event: 51.200 GC heap after
{Heap after GC invocations=8 (full 1):
 PSYoungGen      total 29184K, used 0K [0x00000000d5580000, 0x00000000d7680000, 0x0000000100000000)
  eden space 24576K, 0% used [0x00000000d5580000,0x00000000d5580000,0x00000000d6d80000)
  from space 4608K, 0% used [0x00000000d6e80000,0x00000000d6e80000,0x00000000d7300000)
  to   space 3584K, 0% used [0x00000000d7300000,0x00000000d7300000,0x00000000d7680000)
 ParOldGen       total 68608K, used 13245K [0x0000000080000000, 0x0000000084300000, 0x00000000d5580000)
  object space 68608K, 19% used [0x0000000080000000,0x0000000080cef4f0,0x0000000084300000)
 Metaspace       used 20658K, committed 21504K, reserved 1114112K
  class space    used 2181K, committed 2560K, reserved 1048576K
}
Event: 52.272 GC heap before
{Heap before GC invocations=9 (full 1):
 PSYoungGen      total 29184K, used 24576K [0x00000000d5580000, 0x00000000d7680000, 0x0000000100000000)
  eden space 24576K, 100% used [0x00000000d5580000,0x00000000d6d80000,0x00000000d6d80000)
  from space 4608K, 0% used [0x00000000d6e80000,0x00000000d6e80000,0x00000000d7300000)
  to   space 3584K, 0% used [0x00000000d7300000,0x00000000d7300000,0x00000000d7680000)
 ParOldGen       total 68608K, used 13245K [0x0000000080000000, 0x0000000084300000, 0x00000000d5580000)
  object space 68608K, 19% used [0x0000000080000000,0x0000000080cef4f0,0x0000000084300000)
 Metaspace       used 23026K, committed 23872K, reserved 1114112K
  class space    used 2346K, committed 2688K, reserved 1048576K
}
Event: 52.275 GC heap after
{Heap after GC invocations=9 (full 1):
 PSYoungGen      total 25088K, used 671K [0x00000000d5580000, 0x00000000d7400000, 0x0000000100000000)
  eden space 24064K, 0% used [0x00000000d5580000,0x00000000d5580000,0x00000000d6d00000)
  from space 1024K, 65% used [0x00000000d7300000,0x00000000d73a7d48,0x00000000d7400000)
  to   space 2560K, 0% used [0x00000000d6f00000,0x00000000d6f00000,0x00000000d7180000)
 ParOldGen       total 68608K, used 13253K [0x0000000080000000, 0x0000000084300000, 0x00000000d5580000)
  object space 68608K, 19% used [0x0000000080000000,0x0000000080cf14f0,0x0000000084300000)
 Metaspace       used 23026K, committed 23872K, reserved 1114112K
  class space    used 2346K, committed 2688K, reserved 1048576K
}

Dll operation events (10 events):
Event: 0.546 Loaded shared library c:\Users\becal\.vscode\extensions\redhat.java-1.55.0-win32-x64\jre\21.0.11-win32-x86_64\bin\java.dll
Event: 5.011 Loaded shared library c:\Users\becal\.vscode\extensions\redhat.java-1.55.0-win32-x64\jre\21.0.11-win32-x86_64\bin\zip.dll
Event: 5.322 Loaded shared library C:\Users\becal\.vscode\extensions\redhat.java-1.55.0-win32-x64\jre\21.0.11-win32-x86_64\bin\instrument.dll
Event: 5.363 Loaded shared library C:\Users\becal\.vscode\extensions\redhat.java-1.55.0-win32-x64\jre\21.0.11-win32-x86_64\bin\net.dll
Event: 5.540 Loaded shared library C:\Users\becal\.vscode\extensions\redhat.java-1.55.0-win32-x64\jre\21.0.11-win32-x86_64\bin\nio.dll
Event: 5.549 Loaded shared library C:\Users\becal\.vscode\extensions\redhat.java-1.55.0-win32-x64\jre\21.0.11-win32-x86_64\bin\zip.dll
Event: 5.698 Loaded shared library C:\Users\becal\.vscode\extensions\redhat.java-1.55.0-win32-x64\jre\21.0.11-win32-x86_64\bin\jimage.dll
Event: 8.239 Loaded shared library c:\Users\becal\.vscode\extensions\redhat.java-1.55.0-win32-x64\jre\21.0.11-win32-x86_64\bin\verify.dll
Event: 33.304 Loaded shared library C:\Users\becal\AppData\Roaming\Code\User\globalStorage\redhat.java\1.55.0\config_win\org.eclipse.equinox.launcher\org.eclipse.equinox.launcher.win32.win32.x86_64_1.3.100.v20260613-0559\eclipse_11924.dll
Event: 47.727 Loaded shared library C:\Users\becal\AppData\Local\Temp\jna-93612203\jna8380085049628055592.dll

Deoptimization events (20 events):
Event: 52.180 Thread 0x000001a6db890a00 DEOPT PACKING pc=0x000001a686a54c3e sp=0x000000a3403f9860
Event: 52.181 Thread 0x000001a6db890a00 DEOPT UNPACKING pc=0x000001a68d9a4223 sp=0x000000a3403f8da0 mode 0
Event: 52.304 Thread 0x000001a6e004a2b0 Uncommon trap: trap_request=0xffffff45 fr.pc=0x000001a68e050d20 relative=0x0000000000000080
Event: 52.304 Thread 0x000001a6e004a2b0 Uncommon trap: reason=unstable_if action=reinterpret pc=0x000001a68e050d20 method=java.lang.invoke.LambdaForm$BasicType.basicType(C)Ljava/lang/invoke/LambdaForm$BasicType; @ 1 c2
Event: 52.304 Thread 0x000001a6e004a2b0 DEOPT PACKING pc=0x000001a68e050d20 sp=0x000000a3409fd780
Event: 52.304 Thread 0x000001a6e004a2b0 DEOPT UNPACKING pc=0x000001a68d9a3a9c sp=0x000000a3409fd718 mode 2
Event: 52.392 Thread 0x000001a6db890a00 DEOPT PACKING pc=0x000001a6868c4be4 sp=0x000000a3403f5390
Event: 52.392 Thread 0x000001a6db890a00 DEOPT UNPACKING pc=0x000001a68d9a4223 sp=0x000000a3403f4928 mode 0
Event: 52.403 Thread 0x000001a6e0049590 Uncommon trap: trap_request=0xffffff76 fr.pc=0x000001a68e065504 relative=0x0000000000000384
Event: 52.403 Thread 0x000001a6e0049590 Uncommon trap: reason=predicate action=maybe_recompile pc=0x000001a68e065504 method=java.util.regex.Pattern$BmpCharPropertyGreedy.match(Ljava/util/regex/Matcher;ILjava/lang/CharSequence;)Z @ 12 c2
Event: 52.403 Thread 0x000001a6e0049590 DEOPT PACKING pc=0x000001a68e065504 sp=0x000000a340afe570
Event: 52.403 Thread 0x000001a6e0049590 DEOPT UNPACKING pc=0x000001a68d9a3a9c sp=0x000000a340afe518 mode 2
Event: 52.418 Thread 0x000001a6e0049590 Uncommon trap: trap_request=0xffffff45 fr.pc=0x000001a68df64a60 relative=0x0000000000000200
Event: 52.418 Thread 0x000001a6e0049590 Uncommon trap: reason=unstable_if action=reinterpret pc=0x000001a68df64a60 method=java.io.BufferedInputStream.read1([BII)I @ 34 c2
Event: 52.419 Thread 0x000001a6e0049590 DEOPT PACKING pc=0x000001a68df64a60 sp=0x000000a340afe1b0
Event: 52.419 Thread 0x000001a6e0049590 DEOPT UNPACKING pc=0x000001a68d9a3a9c sp=0x000000a340afe148 mode 2
Event: 52.484 Thread 0x000001a6e004a2b0 Uncommon trap: trap_request=0xffffff45 fr.pc=0x000001a68df435ac relative=0x000000000000010c
Event: 52.484 Thread 0x000001a6e004a2b0 Uncommon trap: reason=unstable_if action=reinterpret pc=0x000001a68df435ac method=jdk.internal.org.objectweb.asm.ByteVector.putShort(I)Ljdk/internal/org/objectweb/asm/ByteVector; @ 13 c2
Event: 52.484 Thread 0x000001a6e004a2b0 DEOPT PACKING pc=0x000001a68df435ac sp=0x000000a3409fd320
Event: 52.484 Thread 0x000001a6e004a2b0 DEOPT UNPACKING pc=0x000001a68d9a3a9c sp=0x000000a3409fd2b8 mode 2

Classes loaded (20 events):
Event: 52.299 Loading class java/lang/invoke/MethodHandleImpl$Makers
Event: 52.300 Loading class java/lang/invoke/MethodHandleImpl$Makers done
Event: 52.300 Loading class java/lang/invoke/MethodHandleImpl$Makers$1
Event: 52.300 Loading class java/lang/invoke/MethodHandleImpl$Makers$1 done
Event: 52.300 Loading class java/lang/invoke/MethodHandleImpl$Makers$2
Event: 52.300 Loading class java/lang/invoke/MethodHandleImpl$Makers$2 done
Event: 52.300 Loading class java/lang/invoke/MethodHandleImpl$Makers$3
Event: 52.300 Loading class java/lang/invoke/MethodHandleImpl$Makers$3 done
Event: 52.306 Loading class java/lang/runtime/ObjectMethods$1
Event: 52.306 Loading class java/lang/runtime/ObjectMethods$1 done
Event: 52.403 Loading class java/io/FileReader
Event: 52.403 Loading class java/io/FileReader done
Event: 52.482 Loading class java/lang/invoke/MethodHandleImpl$CountingWrapper
Event: 52.482 Loading class java/lang/invoke/MethodHandleImpl$CountingWrapper done
Event: 52.776 Loading class java/util/concurrent/atomic/AtomicReferenceFieldUpdater
Event: 52.777 Loading class java/util/concurrent/atomic/AtomicReferenceFieldUpdater done
Event: 52.777 Loading class java/util/concurrent/atomic/AtomicReferenceFieldUpdater$AtomicReferenceFieldUpdaterImpl
Event: 52.777 Loading class java/util/concurrent/atomic/AtomicReferenceFieldUpdater$AtomicReferenceFieldUpdaterImpl done
Event: 52.777 Loading class java/util/concurrent/atomic/AtomicReferenceFieldUpdater$AtomicReferenceFieldUpdaterImpl$1
Event: 52.778 Loading class java/util/concurrent/atomic/AtomicReferenceFieldUpdater$AtomicReferenceFieldUpdaterImpl$1 done

Classes unloaded (7 events):
Event: 51.125 Thread 0x000001a6832c9100 Unloading class 0x000001a69b1ab400 'java/lang/invoke/LambdaForm$MH+0x000001a69b1ab400'
Event: 51.125 Thread 0x000001a6832c9100 Unloading class 0x000001a69b1ab000 'java/lang/invoke/LambdaForm$MH+0x000001a69b1ab000'
Event: 51.125 Thread 0x000001a6832c9100 Unloading class 0x000001a69b1aac00 'java/lang/invoke/LambdaForm$MH+0x000001a69b1aac00'
Event: 51.125 Thread 0x000001a6832c9100 Unloading class 0x000001a69b1aa800 'java/lang/invoke/LambdaForm$MH+0x000001a69b1aa800'
Event: 51.125 Thread 0x000001a6832c9100 Unloading class 0x000001a69b1aa400 'java/lang/invoke/LambdaForm$BMH+0x000001a69b1aa400'
Event: 51.125 Thread 0x000001a6832c9100 Unloading class 0x000001a69b1aa000 'java/lang/invoke/LambdaForm$DMH+0x000001a69b1aa000'
Event: 51.125 Thread 0x000001a6832c9100 Unloading class 0x000001a69b1a8c00 'java/lang/invoke/LambdaForm$DMH+0x000001a69b1a8c00'

Classes redefined (0 events):
No events

Internal exceptions (20 events):
Event: 50.113 Thread 0x000001a6db890a00 Exception <a 'java/lang/NoSuchMethodError'{0x00000000d6d33590}: 'java.lang.Object java.lang.invoke.Invokers$Holder.linkToTargetMethod(java.lang.Object, long, java.lang.Object, java.lang.Object)'> (0x00000000d6d33590) 
thrown [s\src\hotspot\share\interpreter\linkResolver.cpp, line 773]
Event: 50.564 Thread 0x000001a6db890a00 Exception <a 'java/io/FileNotFoundException'{0x00000000d5cc6d00}> (0x00000000d5cc6d00) 
thrown [s\src\hotspot\share\prims\jni.cpp, line 520]
Event: 50.566 Thread 0x000001a6db890a00 Exception <a 'java/lang/NoSuchMethodError'{0x00000000d5ccf2e8}: 'java.lang.Object java.lang.invoke.DirectMethodHandle$Holder.newInvokeSpecial(java.lang.Object, int, java.lang.Object, java.lang.Object)'> (0x00000000d5ccf2e8) 
thrown [s\src\hotspot\share\interpreter\linkResolver.cpp, line 773]
Event: 50.983 Thread 0x000001a6db890a00 Exception <a 'java/lang/NoSuchMethodError'{0x00000000d655ed30}: 'long java.lang.invoke.Invokers$Holder.invokeExact_MT(java.lang.Object, java.lang.Object)'> (0x00000000d655ed30) 
thrown [s\src\hotspot\share\interpreter\linkResolver.cpp, line 773]
Event: 51.389 Thread 0x000001a6db890a00 Exception <a 'java/lang/NoSuchMethodError'{0x00000000d585d2a8}: 'double java.lang.invoke.DirectMethodHandle$Holder.invokeStatic(java.lang.Object, java.lang.Object)'> (0x00000000d585d2a8) 
thrown [s\src\hotspot\share\interpreter\linkResolver.cpp, line 773]
Event: 51.390 Thread 0x000001a6db890a00 Exception <a 'java/lang/NoSuchMethodError'{0x00000000d5860938}: 'double java.lang.invoke.DirectMethodHandle$Holder.invokeStaticInit(java.lang.Object, java.lang.Object)'> (0x00000000d5860938) 
thrown [s\src\hotspot\share\interpreter\linkResolver.cpp, line 773]
Event: 52.293 Thread 0x000001a6e004a2b0 Exception <a 'java/lang/NoSuchMethodError'{0x00000000d5656928}: 'java.lang.Object java.lang.invoke.DirectMethodHandle$Holder.invokeStaticInit(java.lang.Object, java.lang.Object, java.lang.Object, java.lang.Object, java.lang.Object, java.lang.Object, java.lang.Object)'> (0x00000000d5656928) 
thrown [s\src\hotspot\share\interpreter\linkResolver.cpp, line 773]
Event: 52.297 Thread 0x000001a6e004a2b0 Exception <a 'java/lang/NoSuchMethodError'{0x00000000d565b100}: 'java.lang.Object java.lang.invoke.Invokers$Holder.invoke_MT(java.lang.Object, java.lang.Object, java.lang.Object, java.lang.Object, java.lang.Object, java.lang.Object, java.lang.Object, java.lang.Object, java.lang.Object)'> (0x00000000d565b100) 
thrown [s\src\hotspot\share\interpreter\linkResolver.cpp, line 773]
Event: 52.306 Thread 0x000001a6e004a2b0 Exception <a 'java/lang/NoSuchMethodError'{0x00000000d5721ad0}: 'int java.lang.invoke.DirectMethodHandle$Holder.invokeVirtual(java.lang.Object, java.lang.Object, java.lang.Object)'> (0x00000000d5721ad0) 
thrown [s\src\hotspot\share\interpreter\linkResolver.cpp, line 773]
Event: 52.309 Thread 0x000001a6e004a2b0 Exception <a 'java/lang/NoSuchMethodError'{0x00000000d5725d50}: 'int java.lang.invoke.DirectMethodHandle$Holder.invokeStaticInit(java.lang.Object, int, int)'> (0x00000000d5725d50) 
thrown [s\src\hotspot\share\interpreter\linkResolver.cpp, line 773]
Event: 52.310 Thread 0x000001a6e004a2b0 Exception <a 'java/lang/NoSuchMethodError'{0x00000000d5730278}: 'int java.lang.invoke.DirectMethodHandle$Holder.invokeStaticInit(java.lang.Object, long, long)'> (0x00000000d5730278) 
thrown [s\src\hotspot\share\interpreter\linkResolver.cpp, line 773]
Event: 52.312 Thread 0x000001a6e004a2b0 Exception <a 'java/lang/NoSuchMethodError'{0x00000000d5736f38}: 'int java.lang.invoke.DirectMethodHandle$Holder.invokeStaticInit(java.lang.Object, float, float)'> (0x00000000d5736f38) 
thrown [s\src\hotspot\share\interpreter\linkResolver.cpp, line 773]
Event: 52.345 Thread 0x000001a6e004a2b0 Exception <a 'java/lang/NoSuchMethodError'{0x00000000d5760078}: 'int java.lang.invoke.DirectMethodHandle$Holder.invokeStaticInit(java.lang.Object, double, double)'> (0x00000000d5760078) 
thrown [s\src\hotspot\share\interpreter\linkResolver.cpp, line 773]
Event: 52.346 Thread 0x000001a6e004a2b0 Exception <a 'java/lang/NoSuchMethodError'{0x00000000d5764470}: 'int java.lang.invoke.DirectMethodHandle$Holder.invokeStatic(java.lang.Object, long)'> (0x00000000d5764470) 
thrown [s\src\hotspot\share\interpreter\linkResolver.cpp, line 773]
Event: 52.384 Thread 0x000001a6e0049590 Exception <a 'java/lang/NoSuchMethodError'{0x00000000d59a6d48}: 'int java.lang.invoke.Invokers$Holder.linkToTargetMethod(java.lang.Object, java.lang.Object)'> (0x00000000d59a6d48) 
thrown [s\src\hotspot\share\interpreter\linkResolver.cpp, line 773]
Event: 52.394 Thread 0x000001a6e004a2b0 Exception <a 'java/lang/NoSuchMethodError'{0x00000000d59be9f0}: 'int java.lang.invoke.DirectMethodHandle$Holder.invokeSpecial(java.lang.Object, java.lang.Object, java.lang.Object, java.lang.Object)'> (0x00000000d59be9f0) 
thrown [s\src\hotspot\share\interpreter\linkResolver.cpp, line 773]
Event: 52.481 Thread 0x000001a6e004a2b0 Exception <a 'java/lang/NoSuchMethodError'{0x00000000d5b9a578}: 'java.lang.Object java.lang.invoke.DirectMethodHandle$Holder.invokeStatic(java.lang.Object, int, java.lang.Object, java.lang.Object)'> (0x00000000d5b9a578) 
thrown [s\src\hotspot\share\interpreter\linkResolver.cpp, line 773]
Event: 52.482 Thread 0x000001a6e004a2b0 Exception <a 'java/lang/NoSuchMethodError'{0x00000000d5d0bfd0}: 'java.lang.Object java.lang.invoke.DelegatingMethodHandle$Holder.delegate(java.lang.Object, int, java.lang.Object, java.lang.Object)'> (0x00000000d5d0bfd0) 
thrown [s\src\hotspot\share\interpreter\linkResolver.cpp, line 773]
Event: 52.485 Thread 0x000001a6e004a2b0 Exception <a 'java/lang/NoSuchMethodError'{0x00000000d5d1f7d8}: 'int java.lang.invoke.Invokers$Holder.linkToTargetMethod(java.lang.Object, java.lang.Object, java.lang.Object)'> (0x00000000d5d1f7d8) 
thrown [s\src\hotspot\share\interpreter\linkResolver.cpp, line 773]
Event: 52.755 Thread 0x000001a6e0049590 Exception <a 'java/lang/NoSuchMethodError'{0x00000000d62d9140}: 'java.lang.Object java.lang.invoke.DirectMethodHandle$Holder.invokeSpecialIFC(java.lang.Object, java.lang.Object, java.lang.Object, java.lang.Object)'> (0x00000000d62d9140) 
thrown [s\src\hotspot\share\interpreter\linkResolver.cpp, line 773]

ZGC Phase Switch (0 events):
No events

VM Operations (20 events):
Event: 48.789 Executing safepoint VM operation: Cleanup
Event: 48.805 Executing safepoint VM operation: Cleanup done
Event: 49.211 Executing non-safepoint VM operation: HandshakeAllThreads (Deoptimize)
Event: 49.211 Executing non-safepoint VM operation: HandshakeAllThreads (Deoptimize) done
Event: 49.509 Executing non-safepoint VM operation: HandshakeAllThreads (Deoptimize)
Event: 49.509 Executing non-safepoint VM operation: HandshakeAllThreads (Deoptimize) done
Event: 49.530 Executing non-safepoint VM operation: HandshakeAllThreads (Deoptimize)
Event: 49.530 Executing non-safepoint VM operation: HandshakeAllThreads (Deoptimize) done
Event: 50.175 Executing safepoint VM operation: ParallelGCFailedAllocation (Allocation Failure)
Event: 50.188 Executing safepoint VM operation: ParallelGCFailedAllocation (Allocation Failure) done
Event: 51.095 Executing safepoint VM operation: CollectForMetadataAllocation (Metadata GC Threshold)
Event: 51.200 Executing safepoint VM operation: CollectForMetadataAllocation (Metadata GC Threshold) done
Event: 52.205 Executing safepoint VM operation: Cleanup
Event: 52.205 Executing safepoint VM operation: Cleanup done
Event: 52.272 Executing safepoint VM operation: ParallelGCFailedAllocation (Allocation Failure)
Event: 52.275 Executing safepoint VM operation: ParallelGCFailedAllocation (Allocation Failure) done
Event: 52.391 Executing non-safepoint VM operation: HandshakeAllThreads (Deoptimize)
Event: 52.391 Executing non-safepoint VM operation: HandshakeAllThreads (Deoptimize) done
Event: 53.391 Executing safepoint VM operation: Cleanup
Event: 53.484 Executing safepoint VM operation: Cleanup done

Memory protections (0 events):
No events

Nmethod flushes (0 events):
No events

Events (20 events):
Event: 1.141 Thread 0x000001a683231ab0 Thread added: 0x000001a6830db260
Event: 1.141 Thread 0x000001a683231ab0 Thread added: 0x000001a6830dbcc0
Event: 1.141 Thread 0x000001a683231ab0 Thread added: 0x000001a6830de730
Event: 1.141 Thread 0x000001a683231ab0 Thread added: 0x000001a6830df190
Event: 1.142 Thread 0x000001a683231ab0 Thread added: 0x000001a6830dffd0
Event: 1.259 Thread 0x000001a683231ab0 Thread added: 0x000001a683158860
Event: 5.333 Thread 0x000001a683231ab0 Thread added: 0x000001a6db3ae490
Event: 14.486 Thread 0x000001a683231ab0 Thread added: 0x000001a6db6e20e0
Event: 31.535 Thread 0x000001a683231ab0 Thread added: 0x000001a6db6890d0
Event: 33.287 Thread 0x000001a683231ab0 Thread added: 0x000001a6dbb1ab60
Event: 33.422 Thread 0x000001a6dbb1ab60 Thread added: 0x000001a6db88ffc0
Event: 33.431 Thread 0x000001a683231ab0 Thread added: 0x000001a6db890a00
Event: 36.396 Thread 0x000001a6db890a00 Thread added: 0x000001a6db8d6dd0
Event: 38.699 Thread 0x000001a6db890a00 Thread added: 0x000001a6dbb82e20
Event: 44.122 Thread 0x000001a6db890a00 Thread added: 0x000001a6db34d8b0
Event: 47.932 Thread 0x000001a6db890a00 Thread added: 0x000001a6e0048870
Event: 48.249 Thread 0x000001a6db890a00 Thread added: 0x000001a6e004a940
Event: 48.826 Thread 0x000001a6db890a00 Thread added: 0x000001a6e004a2b0
Event: 51.509 Thread 0x000001a6e004a940 Thread added: 0x000001a6e0049590
Event: 52.560 Thread 0x000001a6e004a940 Thread added: 0x000001a6e00481e0


Dynamic libraries:
0x00007ff7854c0000 - 0x00007ff7854ce000 	c:\Users\becal\.vscode\extensions\redhat.java-1.55.0-win32-x64\jre\21.0.11-win32-x86_64\bin\java.exe
0x00007ffdc62a0000 - 0x00007ffdc6506000 	C:\WINDOWS\SYSTEM32\ntdll.dll
0x00007ffdc5c80000 - 0x00007ffdc5d49000 	C:\WINDOWS\System32\KERNEL32.DLL
0x00007ffdc3bc0000 - 0x00007ffdc3fc0000 	C:\WINDOWS\System32\KERNELBASE.dll
0x00007ffdbee70000 - 0x00007ffdbef10000 	C:\WINDOWS\SYSTEM32\apphelp.dll
0x00007ffdc36e0000 - 0x00007ffdc382c000 	C:\WINDOWS\System32\ucrtbase.dll
0x00007ffda58d0000 - 0x00007ffda58e8000 	c:\Users\becal\.vscode\extensions\redhat.java-1.55.0-win32-x64\jre\21.0.11-win32-x86_64\bin\jli.dll
0x00007ffdc5ab0000 - 0x00007ffdc5c77000 	C:\WINDOWS\System32\USER32.dll
0x00007ffdc35f0000 - 0x00007ffdc3617000 	C:\WINDOWS\System32\win32u.dll
0x00007ffdc5df0000 - 0x00007ffdc5e1b000 	C:\WINDOWS\System32\GDI32.dll
0x00007ffdc34c0000 - 0x00007ffdc35e9000 	C:\WINDOWS\System32\gdi32full.dll
0x00007ffdc3840000 - 0x00007ffdc38e3000 	C:\WINDOWS\System32\msvcp_win.dll
0x00007ffda74f0000 - 0x00007ffda750e000 	c:\Users\becal\.vscode\extensions\redhat.java-1.55.0-win32-x64\jre\21.0.11-win32-x86_64\bin\VCRUNTIME140.dll
0x00007ffda40d0000 - 0x00007ffda4362000 	C:\WINDOWS\WinSxS\amd64_microsoft.windows.common-controls_6595b64144ccf1df_6.0.26100.8737_none_3e092eaee333b772\COMCTL32.dll
0x00007ffdc42e0000 - 0x00007ffdc4389000 	C:\WINDOWS\System32\msvcrt.dll
0x00007ffdc5920000 - 0x00007ffdc5952000 	C:\WINDOWS\System32\IMM32.DLL
0x00007ffdb33d0000 - 0x00007ffdb33dc000 	c:\Users\becal\.vscode\extensions\redhat.java-1.55.0-win32-x64\jre\21.0.11-win32-x86_64\bin\vcruntime140_1.dll
0x00007ffd8ca30000 - 0x00007ffd8cabd000 	c:\Users\becal\.vscode\extensions\redhat.java-1.55.0-win32-x64\jre\21.0.11-win32-x86_64\bin\msvcp140.dll
0x00007ffd49bf0000 - 0x00007ffd4a992000 	c:\Users\becal\.vscode\extensions\redhat.java-1.55.0-win32-x64\jre\21.0.11-win32-x86_64\bin\server\jvm.dll
0x00007ffdc59f0000 - 0x00007ffdc5aa7000 	C:\WINDOWS\System32\ADVAPI32.dll
0x00007ffdc3fd0000 - 0x00007ffdc407a000 	C:\WINDOWS\System32\sechost.dll
0x00007ffdc5360000 - 0x00007ffdc5478000 	C:\WINDOWS\System32\RPCRT4.dll
0x00007ffdc4390000 - 0x00007ffdc4410000 	C:\WINDOWS\System32\WS2_32.dll
0x00007ffdc3320000 - 0x00007ffdc337e000 	C:\WINDOWS\SYSTEM32\POWRPROF.dll
0x00007ffda7b30000 - 0x00007ffda7b66000 	C:\WINDOWS\SYSTEM32\WINMM.dll
0x00007ffdb4fe0000 - 0x00007ffdb4feb000 	C:\WINDOWS\SYSTEM32\VERSION.dll
0x00007ffdc3300000 - 0x00007ffdc3314000 	C:\WINDOWS\SYSTEM32\UMPDC.dll
0x00007ffdc21a0000 - 0x00007ffdc21bb000 	C:\WINDOWS\SYSTEM32\kernel.appcore.dll
0x00007ffdb3380000 - 0x00007ffdb338a000 	c:\Users\becal\.vscode\extensions\redhat.java-1.55.0-win32-x64\jre\21.0.11-win32-x86_64\bin\jimage.dll
0x00007ffdc0c10000 - 0x00007ffdc0e52000 	C:\WINDOWS\SYSTEM32\DBGHELP.DLL
0x00007ffdc4e70000 - 0x00007ffdc51f3000 	C:\WINDOWS\System32\combase.dll
0x00007ffdc4d90000 - 0x00007ffdc4e69000 	C:\WINDOWS\System32\OLEAUT32.dll
0x00007ffda47e0000 - 0x00007ffda481b000 	C:\WINDOWS\SYSTEM32\dbgcore.DLL
0x00007ffdc3620000 - 0x00007ffdc36cc000 	C:\WINDOWS\System32\bcryptPrimitives.dll
0x00007ffdb3930000 - 0x00007ffdb393f000 	c:\Users\becal\.vscode\extensions\redhat.java-1.55.0-win32-x64\jre\21.0.11-win32-x86_64\bin\instrument.dll
0x00007ffd9d3b0000 - 0x00007ffd9d3d0000 	c:\Users\becal\.vscode\extensions\redhat.java-1.55.0-win32-x64\jre\21.0.11-win32-x86_64\bin\java.dll
0x00007ffdc4420000 - 0x00007ffdc4bb2000 	C:\WINDOWS\System32\SHELL32.dll
0x00007ffdc0f50000 - 0x00007ffdc17e2000 	C:\WINDOWS\SYSTEM32\windows.storage.dll
0x00007ffdc5260000 - 0x00007ffdc5357000 	C:\WINDOWS\System32\SHCORE.dll
0x00007ffdc5d70000 - 0x00007ffdc5dd7000 	C:\WINDOWS\System32\shlwapi.dll
0x00007ffdc33e0000 - 0x00007ffdc3409000 	C:\WINDOWS\SYSTEM32\profapi.dll
0x00007ffd9cf10000 - 0x00007ffd9cf28000 	c:\Users\becal\.vscode\extensions\redhat.java-1.55.0-win32-x64\jre\21.0.11-win32-x86_64\bin\zip.dll
0x00007ffdafa50000 - 0x00007ffdafa60000 	C:\Users\becal\.vscode\extensions\redhat.java-1.55.0-win32-x64\jre\21.0.11-win32-x86_64\bin\net.dll
0x00007ffdab3c0000 - 0x00007ffdab4e9000 	C:\WINDOWS\SYSTEM32\WINHTTP.dll
0x00007ffdc2750000 - 0x00007ffdc27bc000 	C:\WINDOWS\system32\mswsock.dll
0x00007ffd9cef0000 - 0x00007ffd9cf06000 	C:\Users\becal\.vscode\extensions\redhat.java-1.55.0-win32-x64\jre\21.0.11-win32-x86_64\bin\nio.dll
0x00007ffdbeac0000 - 0x00007ffdbead0000 	c:\Users\becal\.vscode\extensions\redhat.java-1.55.0-win32-x64\jre\21.0.11-win32-x86_64\bin\verify.dll
0x00007ffd99010000 - 0x00007ffd99055000 	C:\Users\becal\AppData\Roaming\Code\User\globalStorage\redhat.java\1.55.0\config_win\org.eclipse.equinox.launcher\org.eclipse.equinox.launcher.win32.win32.x86_64_1.3.100.v20260613-0559\eclipse_11924.dll
0x00007ffdc4bf0000 - 0x00007ffdc4d89000 	C:\WINDOWS\System32\ole32.dll
0x00007ffdc2a50000 - 0x00007ffdc2a6b000 	C:\WINDOWS\SYSTEM32\CRYPTSP.dll
0x00007ffdc2100000 - 0x00007ffdc2139000 	C:\WINDOWS\system32\rsaenh.dll
0x00007ffdc2810000 - 0x00007ffdc2842000 	C:\WINDOWS\SYSTEM32\USERENV.dll
0x00007ffdc33b0000 - 0x00007ffdc33da000 	C:\WINDOWS\SYSTEM32\bcrypt.dll
0x00007ffdc2a70000 - 0x00007ffdc2a7c000 	C:\WINDOWS\SYSTEM32\CRYPTBASE.dll
0x00007ffdc1c70000 - 0x00007ffdc1ca3000 	C:\WINDOWS\SYSTEM32\IPHLPAPI.DLL
0x00007ffdc5480000 - 0x00007ffdc548a000 	C:\WINDOWS\System32\NSI.dll
0x00007ffd9cf70000 - 0x00007ffd9cfb9000 	C:\Users\becal\AppData\Local\Temp\jna-93612203\jna8380085049628055592.dll
0x00007ffdc5de0000 - 0x00007ffdc5de8000 	C:\WINDOWS\System32\PSAPI.DLL

JVMTI agents:
c:\Users\becal\.vscode\extensions\redhat.java-1.55.0-win32-x64\lombok\lombok-1.18.39-4050.jar path:c:\Users\becal\.vscode\extensions\redhat.java-1.55.0-win32-x64\jre\21.0.11-win32-x86_64\bin\instrument.dll, loaded, initialized, instrumentlib options:none

dbghelp: loaded successfully - version: 4.0.5 - missing functions: none
symbol engine: initialized successfully - sym options: 0x614 - pdb path: .;c:\Users\becal\.vscode\extensions\redhat.java-1.55.0-win32-x64\jre\21.0.11-win32-x86_64\bin;C:\WINDOWS\SYSTEM32;C:\WINDOWS\WinSxS\amd64_microsoft.windows.common-controls_6595b64144ccf1df_6.0.26100.8737_none_3e092eaee333b772;c:\Users\becal\.vscode\extensions\redhat.java-1.55.0-win32-x64\jre\21.0.11-win32-x86_64\bin\server;C:\Users\becal\AppData\Roaming\Code\User\globalStorage\redhat.java\1.55.0\config_win\org.eclipse.equinox.launcher\org.eclipse.equinox.launcher.win32.win32.x86_64_1.3.100.v20260613-0559;C:\Users\becal\AppData\Local\Temp\jna-93612203

VM Arguments:
jvm_args: --add-modules=ALL-SYSTEM --add-opens=java.base/java.util=ALL-UNNAMED --add-opens=java.base/java.lang=ALL-UNNAMED --add-opens=java.base/sun.nio.fs=ALL-UNNAMED -Declipse.application=org.eclipse.jdt.ls.core.id1 -Dosgi.bundles.defaultStartLevel=4 -Declipse.product=org.eclipse.jdt.ls.core.product -Djava.import.generatesMetadataFilesAtProjectRoot=false -DDetectVMInstallationsJob.disabled=true -Dfile.encoding=utf8 -XX:+UseParallelGC -XX:GCTimeRatio=4 -XX:AdaptiveSizePolicyWeight=90 -Dsun.zip.disableMemoryMapping=true -Xmx2G -Xms100m -Xlog:disable -javaagent:c:\Users\becal\.vscode\extensions\redhat.java-1.55.0-win32-x64\lombok\lombok-1.18.39-4050.jar -XX:+HeapDumpOnOutOfMemoryError -XX:HeapDumpPath=c:\Users\becal\AppData\Roaming\Code\User\workspaceStorage\fb9888045959518d4bcb1aa14a46c6ce\redhat.java -Daether.dependencyCollector.impl=bf 
java_command: c:\Users\becal\.vscode\extensions\redhat.java-1.55.0-win32-x64\server\plugins\org.eclipse.equinox.launcher_1.7.200.v20260619-2039.jar -configuration c:\Users\becal\AppData\Roaming\Code\User\globalStorage\redhat.java\1.55.0\config_win -data c:\Users\becal\AppData\Roaming\Code\User\workspaceStorage\fb9888045959518d4bcb1aa14a46c6ce\redhat.java\jdt_ws --pipe=\\.\pipe\lsp-db720fc19dedc712303b082e955a7704-sock
java_class_path (initial): c:\Users\becal\.vscode\extensions\redhat.java-1.55.0-win32-x64\server\plugins\org.eclipse.equinox.launcher_1.7.200.v20260619-2039.jar
Launcher Type: SUN_STANDARD

[Global flags]
    uintx AdaptiveSizePolicyWeight                 = 90                                        {product} {command line}
     intx CICompilerCount                          = 2                                         {product} {ergonomic}
    uintx GCTimeRatio                              = 4                                         {product} {command line}
     bool HeapDumpOnOutOfMemoryError               = true                                   {manageable} {command line}
    ccstr HeapDumpPath                             = c:\Users\becal\AppData\Roaming\Code\User\workspaceStorage\fb9888045959518d4bcb1aa14a46c6ce\redhat.java         {manageable} {command line}
   size_t InitialHeapSize                          = 104857600                                 {product} {command line}
   size_t MaxHeapSize                              = 2147483648                                {product} {command line}
   size_t MaxNewSize                               = 715653120                                 {product} {ergonomic}
   size_t MinHeapDeltaBytes                        = 524288                                    {product} {ergonomic}
   size_t MinHeapSize                              = 104857600                                 {product} {command line}
   size_t NewSize                                  = 34603008                                  {product} {ergonomic}
    uintx NonNMethodCodeHeapSize                   = 5826188                                {pd product} {ergonomic}
    uintx NonProfiledCodeHeapSize                  = 122916026                              {pd product} {ergonomic}
   size_t OldSize                                  = 70254592                                  {product} {ergonomic}
    uintx ProfiledCodeHeapSize                     = 122916026                              {pd product} {ergonomic}
    uintx ReservedCodeCacheSize                    = 251658240                              {pd product} {ergonomic}
     bool SegmentedCodeCache                       = true                                      {product} {ergonomic}
   size_t SoftMaxHeapSize                          = 2147483648                             {manageable} {ergonomic}
     bool UseCompressedOops                        = true                           {product lp64_product} {ergonomic}
     bool UseLargePagesIndividualAllocation        = false                                  {pd product} {ergonomic}
     bool UseParallelGC                            = true                                      {product} {command line}

Logging:
Log output configuration:
 #0: stdout all=off uptime,level,tags foldmultilines=false
 #1: stderr all=off uptime,level,tags foldmultilines=false

Release file:
JAVA_VERSION="21.0.11" 
MODULES="java.base java.compiler java.datatransfer java.xml java.prefs java.desktop java.instrument java.logging java.management java.security.sasl java.naming java.rmi java.management.rmi java.net.http java.scripting java.security.jgss java.transaction.xa java.sql java.sql.rowset java.xml.crypto java.se java.smartcardio jdk.accessibility jdk.internal.jvmstat jdk.attach jdk.charsets jdk.internal.opt jdk.zipfs jdk.compiler jdk.crypto.ec jdk.crypto.cryptoki jdk.crypto.mscapi jdk.dynalink jdk.internal.ed jdk.editpad jdk.hotspot.agent jdk.httpserver jdk.internal.le jdk.internal.vm.ci jdk.internal.vm.compiler jdk.internal.vm.compiler.management jdk.jartool jdk.javadoc jdk.jcmd jdk.management jdk.management.agent jdk.jconsole jdk.jdeps jdk.jdwp.agent jdk.jdi jdk.jfr jdk.jshell jdk.jsobject jdk.jstatd jdk.localedata jdk.management.jfr jdk.naming.dns jdk.naming.rmi jdk.net jdk.nio.mapmode jdk.random jdk.sctp jdk.security.auth jdk.security.jgss jdk.unsupported jdk.unsupported.desktop jdk.xml.dom" 

Environment Variables:
JAVA_HOME=C:\Program Files\Java\jdk-17.0.1
PATH=C:\Program Files\PostgreSQL\17\bin;C:\Program Files\PowerShell\7\;C:\Program Files\MySQL\MySQL Shell 8.0\bin\;C:\Users\becal\AppData\Local\Microsoft\WindowsApps;C:\Users\becal\AppData\Local\Programs\Microsoft VS Code\bin;C:\Program Files\MongoDB\Server\7.0\bin;C:\Users\becal\OneDrive\Documentos\maven\apache-maven-3.9.8\bin;C:\Program Files\MySQL\MySQL Server 8.0\bin;C:\Users\becal\go\bin
USERNAME=becal
OS=Windows_NT
PROCESSOR_IDENTIFIER=Intel64 Family 6 Model 122 Stepping 8, GenuineIntel
TMP=C:\Users\becal\AppData\Local\Temp
TEMP=C:\Users\becal\AppData\Local\Temp




Periodic native trim disabled

---------------  S Y S T E M  ---------------

OS:
 Windows 11 , 64 bit Build 26100 (10.0.26100.8737)
OS uptime: 4 days 22:59 hours
Hyper-V role detected

CPU: total 2 (initial active 2) (2 cores per cpu, 1 threads per core) family 6 model 122 stepping 8 microcode 0x20, cx8, cmov, fxsr, mmx, 3dnowpref, sse, sse2, sse3, ssse3, sse4.1, sse4.2, popcnt, tsc, tscinvbit, aes, erms, clmul, sha, clflush, clflushopt, hv, rdtscp, rdpid
Processor Information for the first 2 processors :
  Max Mhz: 1101, Current Mhz: 1101, Mhz Limit: 1101

Memory: 4k page, system-wide physical 3737M (61M free)
TotalPageFile size 15001M (AvailPageFile size 10M)
current process WorkingSet (physical memory assigned to process): 160M, peak: 160M
current process commit charge ("private bytes"): 277M, peak: 277M

vm_info: OpenJDK 64-Bit Server VM (21.0.11+10-LTS) for windows-amd64 JRE (21.0.11+10-LTS), built on 2026-04-21T00:00:00Z by "admin" with MS VC++ 17.12 (VS2022)

END.
